  Identification des projets ├á restaurer...
  Tous les projets sont ├á jour pour la restauration.
C:\Users\PC\SchoolManagementSystem\SchoolManagementSystem\Repositories\TeacherRepository.cs(37,20): warning CS8603: Existence possible d'un retour de r├®f├®rence null. [C:\Users\PC\SchoolManagementSystem\SchoolManagementSystem\SchoolManagementSystem.csproj]
C:\Users\PC\SchoolManagementSystem\SchoolManagementSystem\Repositories\TeacherRepository.cs(44,20): warning CS8603: Existence possible d'un retour de r├®f├®rence null. [C:\Users\PC\SchoolManagementSystem\SchoolManagementSystem\SchoolManagementSystem.csproj]
C:\Users\PC\SchoolManagementSystem\SchoolManagementSystem\Repositories\AttendanceRepository.cs(28,16): warning CS8603: Existence possible d'un retour de r├®f├®rence null. [C:\Users\PC\SchoolManagementSystem\SchoolManagementSystem\SchoolManagementSystem.csproj]
C:\Users\PC\SchoolManagementSystem\SchoolManagementSystem\Repositories\TeacherRepository.cs(128,20): warning CS8603: Existence possible d'un retour de r├®f├®rence null. [C:\Users\PC\SchoolManagementSystem\SchoolManagementSystem\SchoolManagementSystem.csproj]
C:\Users\PC\SchoolManagementSystem\SchoolManagementSystem\Repositories\TeacherRepository.cs(138,20): warning CS8603: Existence possible d'un retour de r├®f├®rence null. [C:\Users\PC\SchoolManagementSystem\SchoolManagementSystem\SchoolManagementSystem.csproj]
C:\Users\PC\SchoolManagementSystem\SchoolManagementSystem\Repositories\GradeRepository.cs(55,16): warning CS8603: Existence possible d'un retour de r├®f├®rence null. [C:\Users\PC\SchoolManagementSystem\SchoolManagementSystem\SchoolManagementSystem.csproj]
C:\Users\PC\SchoolManagementSystem\SchoolManagementSystem\Repositories\StudentRepository.cs(29,20): warning CS8603: Existence possible d'un retour de r├®f├®rence null. [C:\Users\PC\SchoolManagementSystem\SchoolManagementSystem\SchoolManagementSystem.csproj]
C:\Users\PC\SchoolManagementSystem\SchoolManagementSystem\Repositories\StudentRepository.cs(66,20): warning CS8603: Existence possible d'un retour de r├®f├®rence null. [C:\Users\PC\SchoolManagementSystem\SchoolManagementSystem\SchoolManagementSystem.csproj]
C:\Users\PC\SchoolManagementSystem\SchoolManagementSystem\Repositories\StudentRepository.cs(93,20): warning CS8603: Existence possible d'un retour de r├®f├®rence null. [C:\Users\PC\SchoolManagementSystem\SchoolManagementSystem\SchoolManagementSystem.csproj]
C:\Users\PC\SchoolManagementSystem\SchoolManagementSystem\Repositories\GenericRepository.cs(14,16): warning CS8618: Le champ ┬½┬ácontext┬á┬╗ non-nullable doit contenir une valeur autre que Null lors de la fermeture du constructeur. Envisagez dÔÇÖajouter le modificateur ┬½┬árequired┬á┬╗ ou de d├®clarer le champ comme pouvant accepter la valeur Null. [C:\Users\PC\SchoolManagementSystem\SchoolManagementSystem\SchoolManagementSystem.csproj]
C:\Users\PC\SchoolManagementSystem\SchoolManagementSystem\Repositories\GenericRepository.cs(30,20): warning CS8603: Existence possible d'un retour de r├®f├®rence null. [C:\Users\PC\SchoolManagementSystem\SchoolManagementSystem\SchoolManagementSystem.csproj]
C:\Users\PC\SchoolManagementSystem\SchoolManagementSystem\Repositories\EmployeeRepository.cs(82,29): warning CS0472: Le r├®sultat de l'expression est toujours 'true', car une valeur de type 'Department' n'est jamais ├®gale ├á 'null' du type 'Department?' [C:\Users\PC\SchoolManagementSystem\SchoolManagementSystem\SchoolManagementSystem.csproj]
C:\Users\PC\SchoolManagementSystem\SchoolManagementSystem\Repositories\EmployeeRepository.cs(98,20): warning CS8603: Existence possible d'un retour de r├®f├®rence null. [C:\Users\PC\SchoolManagementSystem\SchoolManagementSystem\SchoolManagementSystem.csproj]
C:\Users\PC\SchoolManagementSystem\SchoolManagementSystem\Repositories\CourseRepository.cs(21,20): warning CS8603: Existence possible d'un retour de r├®f├®rence null. [C:\Users\PC\SchoolManagementSystem\SchoolManagementSystem\SchoolManagementSystem.csproj]
C:\Users\PC\SchoolManagementSystem\SchoolManagementSystem\Repositories\CourseRepository.cs(74,24): warning CS8603: Existence possible d'un retour de r├®f├®rence null. [C:\Users\PC\SchoolManagementSystem\SchoolManagementSystem\SchoolManagementSystem.csproj]
C:\Users\PC\SchoolManagementSystem\SchoolManagementSystem\Repositories\AlertRepository.cs(35,20): warning CS8603: Existence possible d'un retour de r├®f├®rence null. [C:\Users\PC\SchoolManagementSystem\SchoolManagementSystem\SchoolManagementSystem.csproj]
C:\Users\PC\SchoolManagementSystem\SchoolManagementSystem\Models\TeacherViewModel.cs(29,44): warning CS8603: Existence possible d'un retour de r├®f├®rence null. [C:\Users\PC\SchoolManagementSystem\SchoolManagementSystem\SchoolManagementSystem.csproj]
C:\Users\PC\SchoolManagementSystem\SchoolManagementSystem\Models\TeacherViewModel.cs(14,23): warning CS8618: Le propri├®t├® ┬½┬áUserId┬á┬╗ non-nullable doit contenir une valeur autre que Null lors de la fermeture du constructeur. Envisagez dÔÇÖajouter le modificateur ┬½┬árequired┬á┬╗ ou de d├®clarer le propri├®t├® comme pouvant accepter la valeur Null. [C:\Users\PC\SchoolManagementSystem\SchoolManagementSystem\SchoolManagementSystem.csproj]
C:\Users\PC\SchoolManagementSystem\SchoolManagementSystem\Models\TeacherViewModel.cs(18,23): warning CS8618: Le propri├®t├® ┬½┬áFirstName┬á┬╗ non-nullable doit contenir une valeur autre que Null lors de la fermeture du constructeur. Envisagez dÔÇÖajouter le modificateur ┬½┬árequired┬á┬╗ ou de d├®clarer le propri├®t├® comme pouvant accepter la valeur Null. [C:\Users\PC\SchoolManagementSystem\SchoolManagementSystem\SchoolManagementSystem.csproj]
C:\Users\PC\SchoolManagementSystem\SchoolManagementSystem\Models\TeacherViewModel.cs(22,23): warning CS8618: Le propri├®t├® ┬½┬áLastName┬á┬╗ non-nullable doit contenir une valeur autre que Null lors de la fermeture du constructeur. Envisagez dÔÇÖajouter le modificateur ┬½┬árequired┬á┬╗ ou de d├®clarer le propri├®t├® comme pouvant accepter la valeur Null. [C:\Users\PC\SchoolManagementSystem\SchoolManagementSystem\SchoolManagementSystem.csproj]
C:\Users\PC\SchoolManagementSystem\SchoolManagementSystem\Models\TeacherDashboardViewModel.cs(28,23): warning CS8618: Le propri├®t├® ┬½┬áName┬á┬╗ non-nullable doit contenir une valeur autre que Null lors de la fermeture du constructeur. Envisagez dÔÇÖajouter le modificateur ┬½┬árequired┬á┬╗ ou de d├®clarer le propri├®t├® comme pouvant accepter la valeur Null. [C:\Users\PC\SchoolManagementSystem\SchoolManagementSystem\SchoolManagementSystem.csproj]
C:\Users\PC\SchoolManagementSystem\SchoolManagementSystem\Models\TeacherDashboardViewModel.cs(18,23): warning CS8618: Le propri├®t├® ┬½┬áClassName┬á┬╗ non-nullable doit contenir une valeur autre que Null lors de la fermeture du constructeur. Envisagez dÔÇÖajouter le modificateur ┬½┬árequired┬á┬╗ ou de d├®clarer le propri├®t├® comme pouvant accepter la valeur Null. [C:\Users\PC\SchoolManagementSystem\SchoolManagementSystem\SchoolManagementSystem.csproj]
C:\Users\PC\SchoolManagementSystem\SchoolManagementSystem\Models\TeacherDashboardViewModel.cs(19,23): warning CS8618: Le propri├®t├® ┬½┬áCourseName┬á┬╗ non-nullable doit contenir une valeur autre que Null lors de la fermeture du constructeur. Envisagez dÔÇÖajouter le modificateur ┬½┬árequired┬á┬╗ ou de d├®clarer le propri├®t├® comme pouvant accepter la valeur Null. [C:\Users\PC\SchoolManagementSystem\SchoolManagementSystem\SchoolManagementSystem.csproj]
C:\Users\PC\SchoolManagementSystem\SchoolManagementSystem\Models\TeacherDashboardViewModel.cs(5,23): warning CS8618: Le propri├®t├® ┬½┬áTeacherName┬á┬╗ non-nullable doit contenir une valeur autre que Null lors de la fermeture du constructeur. Envisagez dÔÇÖajouter le modificateur ┬½┬árequired┬á┬╗ ou de d├®clarer le propri├®t├® comme pouvant accepter la valeur Null. [C:\Users\PC\SchoolManagementSystem\SchoolManagementSystem\SchoolManagementSystem.csproj]
C:\Users\PC\SchoolManagementSystem\SchoolManagementSystem\Models\SubjectViewModel.cs(13,23): warning CS8618: Le propri├®t├® ┬½┬áSubjectName┬á┬╗ non-nullable doit contenir une valeur autre que Null lors de la fermeture du constructeur. Envisagez dÔÇÖajouter le modificateur ┬½┬árequired┬á┬╗ ou de d├®clarer le propri├®t├® comme pouvant accepter la valeur Null. [C:\Users\PC\SchoolManagementSystem\SchoolManagementSystem\SchoolManagementSystem.csproj]
C:\Users\PC\SchoolManagementSystem\SchoolManagementSystem\Models\StudentViewModel.cs(13,23): warning CS8618: Le propri├®t├® ┬½┬áUserId┬á┬╗ non-nullable doit contenir une valeur autre que Null lors de la fermeture du constructeur. Envisagez dÔÇÖajouter le modificateur ┬½┬árequired┬á┬╗ ou de d├®clarer le propri├®t├® comme pouvant accepter la valeur Null. [C:\Users\PC\SchoolManagementSystem\SchoolManagementSystem\SchoolManagementSystem.csproj]
C:\Users\PC\SchoolManagementSystem\SchoolManagementSystem\Models\StudentViewModel.cs(17,23): warning CS8618: Le propri├®t├® ┬½┬áFirstName┬á┬╗ non-nullable doit contenir une valeur autre que Null lors de la fermeture du constructeur. Envisagez dÔÇÖajouter le modificateur ┬½┬árequired┬á┬╗ ou de d├®clarer le propri├®t├® comme pouvant accepter la valeur Null. [C:\Users\PC\SchoolManagementSystem\SchoolManagementSystem\SchoolManagementSystem.csproj]
C:\Users\PC\SchoolManagementSystem\SchoolManagementSystem\Models\StudentViewModel.cs(21,23): warning CS8618: Le propri├®t├® ┬½┬áLastName┬á┬╗ non-nullable doit contenir une valeur autre que Null lors de la fermeture du constructeur. Envisagez dÔÇÖajouter le modificateur ┬½┬árequired┬á┬╗ ou de d├®clarer le propri├®t├® comme pouvant accepter la valeur Null. [C:\Users\PC\SchoolManagementSystem\SchoolManagementSystem\SchoolManagementSystem.csproj]
C:\Users\PC\SchoolManagementSystem\SchoolManagementSystem\Models\StudentSubjectGradeViewModel.cs(7,24): warning CS8618: Le propri├®t├® ┬½┬áSubject┬á┬╗ non-nullable doit contenir une valeur autre que Null lors de la fermeture du constructeur. Envisagez dÔÇÖajouter le modificateur ┬½┬árequired┬á┬╗ ou de d├®clarer le propri├®t├® comme pouvant accepter la valeur Null. [C:\Users\PC\SchoolManagementSystem\SchoolManagementSystem\SchoolManagementSystem.csproj]
C:\Users\PC\SchoolManagementSystem\SchoolManagementSystem\Models\StudentSubjectGradeViewModel.cs(8,22): warning CS8618: Le propri├®t├® ┬½┬áGrade┬á┬╗ non-nullable doit contenir une valeur autre que Null lors de la fermeture du constructeur. Envisagez dÔÇÖajouter le modificateur ┬½┬árequired┬á┬╗ ou de d├®clarer le propri├®t├® comme pouvant accepter la valeur Null. [C:\Users\PC\SchoolManagementSystem\SchoolManagementSystem\SchoolManagementSystem.csproj]
C:\Users\PC\SchoolManagementSystem\SchoolManagementSystem\Models\StudentSubjectGradeViewModel.cs(10,23): warning CS8618: Le propri├®t├® ┬½┬áStudentName┬á┬╗ non-nullable doit contenir une valeur autre que Null lors de la fermeture du constructeur. Envisagez dÔÇÖajouter le modificateur ┬½┬árequired┬á┬╗ ou de d├®clarer le propri├®t├® comme pouvant accepter la valeur Null. [C:\Users\PC\SchoolManagementSystem\SchoolManagementSystem\SchoolManagementSystem.csproj]
C:\Users\PC\SchoolManagementSystem\SchoolManagementSystem\Models\StudentSubjectAttendanceViewModel.cs(9,24): warning CS8618: Le propri├®t├® ┬½┬áSubject┬á┬╗ non-nullable doit contenir une valeur autre que Null lors de la fermeture du constructeur. Envisagez dÔÇÖajouter le modificateur ┬½┬árequired┬á┬╗ ou de d├®clarer le propri├®t├® comme pouvant accepter la valeur Null. [C:\Users\PC\SchoolManagementSystem\SchoolManagementSystem\SchoolManagementSystem.csproj]
C:\Users\PC\SchoolManagementSystem\SchoolManagementSystem\Models\StudentSubjectAttendanceViewModel.cs(10,27): warning CS8618: Le propri├®t├® ┬½┬áAttendance┬á┬╗ non-nullable doit contenir une valeur autre que Null lors de la fermeture du constructeur. Envisagez dÔÇÖajouter le modificateur ┬½┬árequired┬á┬╗ ou de d├®clarer le propri├®t├® comme pouvant accepter la valeur Null. [C:\Users\PC\SchoolManagementSystem\SchoolManagementSystem\SchoolManagementSystem.csproj]
C:\Users\PC\SchoolManagementSystem\SchoolManagementSystem\Models\StudentSubjectAttendanceViewModel.cs(12,23): warning CS8618: Le propri├®t├® ┬½┬áStudentName┬á┬╗ non-nullable doit contenir une valeur autre que Null lors de la fermeture du constructeur. Envisagez dÔÇÖajouter le modificateur ┬½┬árequired┬á┬╗ ou de d├®clarer le propri├®t├® comme pouvant accepter la valeur Null. [C:\Users\PC\SchoolManagementSystem\SchoolManagementSystem\SchoolManagementSystem.csproj]
C:\Users\PC\SchoolManagementSystem\SchoolManagementSystem\Models\StudentSubjectAttendanceViewModel.cs(18,33): warning CS8618: Le propri├®t├® ┬½┬áAllAttendances┬á┬╗ non-nullable doit contenir une valeur autre que Null lors de la fermeture du constructeur. Envisagez dÔÇÖajouter le modificateur ┬½┬árequired┬á┬╗ ou de d├®clarer le propri├®t├® comme pouvant accepter la valeur Null. [C:\Users\PC\SchoolManagementSystem\SchoolManagementSystem\SchoolManagementSystem.csproj]
C:\Users\PC\SchoolManagementSystem\SchoolManagementSystem\Models\StudentGradeAverageViewModel.cs(8,24): warning CS8618: Le propri├®t├® ┬½┬áStudent┬á┬╗ non-nullable doit contenir une valeur autre que Null lors de la fermeture du constructeur. Envisagez dÔÇÖajouter le modificateur ┬½┬árequired┬á┬╗ ou de d├®clarer le propri├®t├® comme pouvant accepter la valeur Null. [C:\Users\PC\SchoolManagementSystem\SchoolManagementSystem\SchoolManagementSystem.csproj]
C:\Users\PC\SchoolManagementSystem\SchoolManagementSystem\Models\StudentAttendanceViewModel.cs(9,24): warning CS8618: Le propri├®t├® ┬½┬áStudent┬á┬╗ non-nullable doit contenir une valeur autre que Null lors de la fermeture du constructeur. Envisagez dÔÇÖajouter le modificateur ┬½┬árequired┬á┬╗ ou de d├®clarer le propri├®t├® comme pouvant accepter la valeur Null. [C:\Users\PC\SchoolManagementSystem\SchoolManagementSystem\SchoolManagementSystem.csproj]
C:\Users\PC\SchoolManagementSystem\SchoolManagementSystem\Models\StudentAttendanceViewModel.cs(10,33): warning CS8618: Le propri├®t├® ┬½┬áAttendances┬á┬╗ non-nullable doit contenir une valeur autre que Null lors de la fermeture du constructeur. Envisagez dÔÇÖajouter le modificateur ┬½┬árequired┬á┬╗ ou de d├®clarer le propri├®t├® comme pouvant accepter la valeur Null. [C:\Users\PC\SchoolManagementSystem\SchoolManagementSystem\SchoolManagementSystem.csproj]
C:\Users\PC\SchoolManagementSystem\SchoolManagementSystem\Models\SchoolClassViewModel.cs(14,23): warning CS8618: Le propri├®t├® ┬½┬áClassName┬á┬╗ non-nullable doit contenir une valeur autre que Null lors de la fermeture du constructeur. Envisagez dÔÇÖajouter le modificateur ┬½┬árequired┬á┬╗ ou de d├®clarer le propri├®t├® comme pouvant accepter la valeur Null. [C:\Users\PC\SchoolManagementSystem\SchoolManagementSystem\SchoolManagementSystem.csproj]
C:\Users\PC\SchoolManagementSystem\SchoolManagementSystem\Models\ResetPasswordViewModel.cs(9,23): warning CS8618: Le propri├®t├® ┬½┬áEmail┬á┬╗ non-nullable doit contenir une valeur autre que Null lors de la fermeture du constructeur. Envisagez dÔÇÖajouter le modificateur ┬½┬árequired┬á┬╗ ou de d├®clarer le propri├®t├® comme pouvant accepter la valeur Null. [C:\Users\PC\SchoolManagementSystem\SchoolManagementSystem\SchoolManagementSystem.csproj]
C:\Users\PC\SchoolManagementSystem\SchoolManagementSystem\Models\ResetPasswordViewModel.cs(12,23): warning CS8618: Le propri├®t├® ┬½┬áToken┬á┬╗ non-nullable doit contenir une valeur autre que Null lors de la fermeture du constructeur. Envisagez dÔÇÖajouter le modificateur ┬½┬árequired┬á┬╗ ou de d├®clarer le propri├®t├® comme pouvant accepter la valeur Null. [C:\Users\PC\SchoolManagementSystem\SchoolManagementSystem\SchoolManagementSystem.csproj]
C:\Users\PC\SchoolManagementSystem\SchoolManagementSystem\Models\ResetPasswordViewModel.cs(16,23): warning CS8618: Le propri├®t├® ┬½┬áPassword┬á┬╗ non-nullable doit contenir une valeur autre que Null lors de la fermeture du constructeur. Envisagez dÔÇÖajouter le modificateur ┬½┬árequired┬á┬╗ ou de d├®clarer le propri├®t├® comme pouvant accepter la valeur Null. [C:\Users\PC\SchoolManagementSystem\SchoolManagementSystem\SchoolManagementSystem.csproj]
C:\Users\PC\SchoolManagementSystem\SchoolManagementSystem\Models\ResetPasswordViewModel.cs(21,23): warning CS8618: Le propri├®t├® ┬½┬áConfirmPassword┬á┬╗ non-nullable doit contenir une valeur autre que Null lors de la fermeture du constructeur. Envisagez dÔÇÖajouter le modificateur ┬½┬árequired┬á┬╗ ou de d├®clarer le propri├®t├® comme pouvant accepter la valeur Null. [C:\Users\PC\SchoolManagementSystem\SchoolManagementSystem\SchoolManagementSystem.csproj]
C:\Users\PC\SchoolManagementSystem\SchoolManagementSystem\Models\RegisterNewUserViewModel.cs(9,23): warning CS8618: Le propri├®t├® ┬½┬áFirstName┬á┬╗ non-nullable doit contenir une valeur autre que Null lors de la fermeture du constructeur. Envisagez dÔÇÖajouter le modificateur ┬½┬árequired┬á┬╗ ou de d├®clarer le propri├®t├® comme pouvant accepter la valeur Null. [C:\Users\PC\SchoolManagementSystem\SchoolManagementSystem\SchoolManagementSystem.csproj]
C:\Users\PC\SchoolManagementSystem\SchoolManagementSystem\Models\RegisterNewUserViewModel.cs(13,23): warning CS8618: Le propri├®t├® ┬½┬áLastName┬á┬╗ non-nullable doit contenir une valeur autre que Null lors de la fermeture du constructeur. Envisagez dÔÇÖajouter le modificateur ┬½┬árequired┬á┬╗ ou de d├®clarer le propri├®t├® comme pouvant accepter la valeur Null. [C:\Users\PC\SchoolManagementSystem\SchoolManagementSystem\SchoolManagementSystem.csproj]
C:\Users\PC\SchoolManagementSystem\SchoolManagementSystem\Models\RegisterNewUserViewModel.cs(18,23): warning CS8618: Le propri├®t├® ┬½┬áUsername┬á┬╗ non-nullable doit contenir une valeur autre que Null lors de la fermeture du constructeur. Envisagez dÔÇÖajouter le modificateur ┬½┬árequired┬á┬╗ ou de d├®clarer le propri├®t├® comme pouvant accepter la valeur Null. [C:\Users\PC\SchoolManagementSystem\SchoolManagementSystem\SchoolManagementSystem.csproj]
C:\Users\PC\SchoolManagementSystem\SchoolManagementSystem\Models\RegisterNewUserViewModel.cs(21,23): warning CS8618: Le propri├®t├® ┬½┬áAddress┬á┬╗ non-nullable doit contenir une valeur autre que Null lors de la fermeture du constructeur. Envisagez dÔÇÖajouter le modificateur ┬½┬árequired┬á┬╗ ou de d├®clarer le propri├®t├® comme pouvant accepter la valeur Null. [C:\Users\PC\SchoolManagementSystem\SchoolManagementSystem\SchoolManagementSystem.csproj]
C:\Users\PC\SchoolManagementSystem\SchoolManagementSystem\Models\RegisterNewUserViewModel.cs(25,23): warning CS8618: Le propri├®t├® ┬½┬áPhoneNumber┬á┬╗ non-nullable doit contenir une valeur autre que Null lors de la fermeture du constructeur. Envisagez dÔÇÖajouter le modificateur ┬½┬árequired┬á┬╗ ou de d├®clarer le propri├®t├® comme pouvant accepter la valeur Null. [C:\Users\PC\SchoolManagementSystem\SchoolManagementSystem\SchoolManagementSystem.csproj]
C:\Users\PC\SchoolManagementSystem\SchoolManagementSystem\Models\RecoverPasswordViewModel.cs(9,23): warning CS8618: Le propri├®t├® ┬½┬áEmail┬á┬╗ non-nullable doit contenir une valeur autre que Null lors de la fermeture du constructeur. Envisagez dÔÇÖajouter le modificateur ┬½┬árequired┬á┬╗ ou de d├®clarer le propri├®t├® comme pouvant accepter la valeur Null. [C:\Users\PC\SchoolManagementSystem\SchoolManagementSystem\SchoolManagementSystem.csproj]
C:\Users\PC\SchoolManagementSystem\SchoolManagementSystem\Models\LoginViewModel.cs(10,23): warning CS8618: Le propri├®t├® ┬½┬áUsername┬á┬╗ non-nullable doit contenir une valeur autre que Null lors de la fermeture du constructeur. Envisagez dÔÇÖajouter le modificateur ┬½┬árequired┬á┬╗ ou de d├®clarer le propri├®t├® comme pouvant accepter la valeur Null. [C:\Users\PC\SchoolManagementSystem\SchoolManagementSystem\SchoolManagementSystem.csproj]
C:\Users\PC\SchoolManagementSystem\SchoolManagementSystem\Models\LoginViewModel.cs(15,23): warning CS8618: Le propri├®t├® ┬½┬áPassword┬á┬╗ non-nullable doit contenir une valeur autre que Null lors de la fermeture du constructeur. Envisagez dÔÇÖajouter le modificateur ┬½┬árequired┬á┬╗ ou de d├®clarer le propri├®t├® comme pouvant accepter la valeur Null. [C:\Users\PC\SchoolManagementSystem\SchoolManagementSystem\SchoolManagementSystem.csproj]
C:\Users\PC\SchoolManagementSystem\SchoolManagementSystem\Models\HomeViewModel.cs(5,45): warning CS8618: Le propri├®t├® ┬½┬áCourses┬á┬╗ non-nullable doit contenir une valeur autre que Null lors de la fermeture du constructeur. Envisagez dÔÇÖajouter le modificateur ┬½┬árequired┬á┬╗ ou de d├®clarer le propri├®t├® comme pouvant accepter la valeur Null. [C:\Users\PC\SchoolManagementSystem\SchoolManagementSystem\SchoolManagementSystem.csproj]
C:\Users\PC\SchoolManagementSystem\SchoolManagementSystem\Models\HomeViewModel.cs(6,50): warning CS8618: Le propri├®t├® ┬½┬áSchoolClasses┬á┬╗ non-nullable doit contenir une valeur autre que Null lors de la fermeture du constructeur. Envisagez dÔÇÖajouter le modificateur ┬½┬árequired┬á┬╗ ou de d├®clarer le propri├®t├® comme pouvant accepter la valeur Null. [C:\Users\PC\SchoolManagementSystem\SchoolManagementSystem\SchoolManagementSystem.csproj]
C:\Users\PC\SchoolManagementSystem\SchoolManagementSystem\Models\GradeViewModel.cs(16,23): warning CS8618: Le propri├®t├® ┬½┬áStudentName┬á┬╗ non-nullable doit contenir une valeur autre que Null lors de la fermeture du constructeur. Envisagez dÔÇÖajouter le modificateur ┬½┬árequired┬á┬╗ ou de d├®clarer le propri├®t├® comme pouvant accepter la valeur Null. [C:\Users\PC\SchoolManagementSystem\SchoolManagementSystem\SchoolManagementSystem.csproj]
C:\Users\PC\SchoolManagementSystem\SchoolManagementSystem\Models\GradeViewModel.cs(20,23): warning CS8618: Le propri├®t├® ┬½┬áSubjectName┬á┬╗ non-nullable doit contenir une valeur autre que Null lors de la fermeture du constructeur. Envisagez dÔÇÖajouter le modificateur ┬½┬árequired┬á┬╗ ou de d├®clarer le propri├®t├® comme pouvant accepter la valeur Null. [C:\Users\PC\SchoolManagementSystem\SchoolManagementSystem\SchoolManagementSystem.csproj]
C:\Users\PC\SchoolManagementSystem\SchoolManagementSystem\Models\ErrorViewModel.cs(5,23): warning CS8618: Le propri├®t├® ┬½┬áRequestId┬á┬╗ non-nullable doit contenir une valeur autre que Null lors de la fermeture du constructeur. Envisagez dÔÇÖajouter le modificateur ┬½┬árequired┬á┬╗ ou de d├®clarer le propri├®t├® comme pouvant accepter la valeur Null. [C:\Users\PC\SchoolManagementSystem\SchoolManagementSystem\SchoolManagementSystem.csproj]
C:\Users\PC\SchoolManagementSystem\SchoolManagementSystem\Models\ErrorViewModel.cs(7,23): warning CS8618: Le propri├®t├® ┬½┬áMessage┬á┬╗ non-nullable doit contenir une valeur autre que Null lors de la fermeture du constructeur. Envisagez dÔÇÖajouter le modificateur ┬½┬árequired┬á┬╗ ou de d├®clarer le propri├®t├® comme pouvant accepter la valeur Null. [C:\Users\PC\SchoolManagementSystem\SchoolManagementSystem\SchoolManagementSystem.csproj]
C:\Users\PC\SchoolManagementSystem\SchoolManagementSystem\Models\ErrorViewModel.cs(8,23): warning CS8618: Le propri├®t├® ┬½┬áStackTrace┬á┬╗ non-nullable doit contenir une valeur autre que Null lors de la fermeture du constructeur. Envisagez dÔÇÖajouter le modificateur ┬½┬árequired┬á┬╗ ou de d├®clarer le propri├®t├® comme pouvant accepter la valeur Null. [C:\Users\PC\SchoolManagementSystem\SchoolManagementSystem\SchoolManagementSystem.csproj]
C:\Users\PC\SchoolManagementSystem\SchoolManagementSystem\Models\EmployeeViewModel.cs(12,23): warning CS8618: Le propri├®t├® ┬½┬áUserId┬á┬╗ non-nullable doit contenir une valeur autre que Null lors de la fermeture du constructeur. Envisagez dÔÇÖajouter le modificateur ┬½┬árequired┬á┬╗ ou de d├®clarer le propri├®t├® comme pouvant accepter la valeur Null. [C:\Users\PC\SchoolManagementSystem\SchoolManagementSystem\SchoolManagementSystem.csproj]
C:\Users\PC\SchoolManagementSystem\SchoolManagementSystem\Models\EmployeeViewModel.cs(17,23): warning CS8618: Le propri├®t├® ┬½┬áFirstName┬á┬╗ non-nullable doit contenir une valeur autre que Null lors de la fermeture du constructeur. Envisagez dÔÇÖajouter le modificateur ┬½┬árequired┬á┬╗ ou de d├®clarer le propri├®t├® comme pouvant accepter la valeur Null. [C:\Users\PC\SchoolManagementSystem\SchoolManagementSystem\SchoolManagementSystem.csproj]
C:\Users\PC\SchoolManagementSystem\SchoolManagementSystem\Models\EmployeeViewModel.cs(22,23): warning CS8618: Le propri├®t├® ┬½┬áLastName┬á┬╗ non-nullable doit contenir une valeur autre que Null lors de la fermeture du constructeur. Envisagez dÔÇÖajouter le modificateur ┬½┬árequired┬á┬╗ ou de d├®clarer le propri├®t├® comme pouvant accepter la valeur Null. [C:\Users\PC\SchoolManagementSystem\SchoolManagementSystem\SchoolManagementSystem.csproj]
C:\Users\PC\SchoolManagementSystem\SchoolManagementSystem\Models\EmployeeViewModel.cs(40,23): warning CS8618: Le propri├®t├® ┬½┬áPhoneNumber┬á┬╗ non-nullable doit contenir une valeur autre que Null lors de la fermeture du constructeur. Envisagez dÔÇÖajouter le modificateur ┬½┬árequired┬á┬╗ ou de d├®clarer le propri├®t├® comme pouvant accepter la valeur Null. [C:\Users\PC\SchoolManagementSystem\SchoolManagementSystem\SchoolManagementSystem.csproj]
C:\Users\PC\SchoolManagementSystem\SchoolManagementSystem\Models\CourseViewModel.cs(15,23): warning CS8618: Le propri├®t├® ┬½┬áName┬á┬╗ non-nullable doit contenir une valeur autre que Null lors de la fermeture du constructeur. Envisagez dÔÇÖajouter le modificateur ┬½┬árequired┬á┬╗ ou de d├®clarer le propri├®t├® comme pouvant accepter la valeur Null. [C:\Users\PC\SchoolManagementSystem\SchoolManagementSystem\SchoolManagementSystem.csproj]
C:\Users\PC\SchoolManagementSystem\SchoolManagementSystem\Models\CourseViewModel.cs(18,23): warning CS8618: Le propri├®t├® ┬½┬áDescription┬á┬╗ non-nullable doit contenir une valeur autre que Null lors de la fermeture du constructeur. Envisagez dÔÇÖajouter le modificateur ┬½┬árequired┬á┬╗ ou de d├®clarer le propri├®t├® comme pouvant accepter la valeur Null. [C:\Users\PC\SchoolManagementSystem\SchoolManagementSystem\SchoolManagementSystem.csproj]
C:\Users\PC\SchoolManagementSystem\SchoolManagementSystem\Models\ChangeUserViewModel.cs(10,23): warning CS8618: Le propri├®t├® ┬½┬áFirstName┬á┬╗ non-nullable doit contenir une valeur autre que Null lors de la fermeture du constructeur. Envisagez dÔÇÖajouter le modificateur ┬½┬árequired┬á┬╗ ou de d├®clarer le propri├®t├® comme pouvant accepter la valeur Null. [C:\Users\PC\SchoolManagementSystem\SchoolManagementSystem\SchoolManagementSystem.csproj]
C:\Users\PC\SchoolManagementSystem\SchoolManagementSystem\Models\ChangeUserViewModel.cs(15,23): warning CS8618: Le propri├®t├® ┬½┬áLastName┬á┬╗ non-nullable doit contenir une valeur autre que Null lors de la fermeture du constructeur. Envisagez dÔÇÖajouter le modificateur ┬½┬árequired┬á┬╗ ou de d├®clarer le propri├®t├® comme pouvant accepter la valeur Null. [C:\Users\PC\SchoolManagementSystem\SchoolManagementSystem\SchoolManagementSystem.csproj]
C:\Users\PC\SchoolManagementSystem\SchoolManagementSystem\Models\ChangeUserViewModel.cs(19,23): warning CS8618: Le propri├®t├® ┬½┬áAddress┬á┬╗ non-nullable doit contenir une valeur autre que Null lors de la fermeture du constructeur. Envisagez dÔÇÖajouter le modificateur ┬½┬árequired┬á┬╗ ou de d├®clarer le propri├®t├® comme pouvant accepter la valeur Null. [C:\Users\PC\SchoolManagementSystem\SchoolManagementSystem\SchoolManagementSystem.csproj]
C:\Users\PC\SchoolManagementSystem\SchoolManagementSystem\Models\ChangeUserViewModel.cs(24,23): warning CS8618: Le propri├®t├® ┬½┬áPhoneNumber┬á┬╗ non-nullable doit contenir une valeur autre que Null lors de la fermeture du constructeur. Envisagez dÔÇÖajouter le modificateur ┬½┬árequired┬á┬╗ ou de d├®clarer le propri├®t├® comme pouvant accepter la valeur Null. [C:\Users\PC\SchoolManagementSystem\SchoolManagementSystem\SchoolManagementSystem.csproj]
C:\Users\PC\SchoolManagementSystem\SchoolManagementSystem\Models\ChangePasswordViewModel.cs(10,23): warning CS8618: Le propri├®t├® ┬½┬áOldPassword┬á┬╗ non-nullable doit contenir une valeur autre que Null lors de la fermeture du constructeur. Envisagez dÔÇÖajouter le modificateur ┬½┬árequired┬á┬╗ ou de d├®clarer le propri├®t├® comme pouvant accepter la valeur Null. [C:\Users\PC\SchoolManagementSystem\SchoolManagementSystem\SchoolManagementSystem.csproj]
C:\Users\PC\SchoolManagementSystem\SchoolManagementSystem\Models\ChangePasswordViewModel.cs(15,23): warning CS8618: Le propri├®t├® ┬½┬áNewPassword┬á┬╗ non-nullable doit contenir une valeur autre que Null lors de la fermeture du constructeur. Envisagez dÔÇÖajouter le modificateur ┬½┬árequired┬á┬╗ ou de d├®clarer le propri├®t├® comme pouvant accepter la valeur Null. [C:\Users\PC\SchoolManagementSystem\SchoolManagementSystem\SchoolManagementSystem.csproj]
C:\Users\PC\SchoolManagementSystem\SchoolManagementSystem\Models\ChangePasswordViewModel.cs(21,23): warning CS8618: Le propri├®t├® ┬½┬áConfirm┬á┬╗ non-nullable doit contenir une valeur autre que Null lors de la fermeture du constructeur. Envisagez dÔÇÖajouter le modificateur ┬½┬árequired┬á┬╗ ou de d├®clarer le propri├®t├® comme pouvant accepter la valeur Null. [C:\Users\PC\SchoolManagementSystem\SchoolManagementSystem\SchoolManagementSystem.csproj]
C:\Users\PC\SchoolManagementSystem\SchoolManagementSystem\Models\ChangeFirstPasswordViewModel.cs(9,23): warning CS8618: Le propri├®t├® ┬½┬áEmail┬á┬╗ non-nullable doit contenir une valeur autre que Null lors de la fermeture du constructeur. Envisagez dÔÇÖajouter le modificateur ┬½┬árequired┬á┬╗ ou de d├®clarer le propri├®t├® comme pouvant accepter la valeur Null. [C:\Users\PC\SchoolManagementSystem\SchoolManagementSystem\SchoolManagementSystem.csproj]
C:\Users\PC\SchoolManagementSystem\SchoolManagementSystem\Models\ChangeFirstPasswordViewModel.cs(12,23): warning CS8618: Le propri├®t├® ┬½┬áTemporaryPassword┬á┬╗ non-nullable doit contenir une valeur autre que Null lors de la fermeture du constructeur. Envisagez dÔÇÖajouter le modificateur ┬½┬árequired┬á┬╗ ou de d├®clarer le propri├®t├® comme pouvant accepter la valeur Null. [C:\Users\PC\SchoolManagementSystem\SchoolManagementSystem\SchoolManagementSystem.csproj]
C:\Users\PC\SchoolManagementSystem\SchoolManagementSystem\Models\ChangeFirstPasswordViewModel.cs(16,23): warning CS8618: Le propri├®t├® ┬½┬áNewPassword┬á┬╗ non-nullable doit contenir une valeur autre que Null lors de la fermeture du constructeur. Envisagez dÔÇÖajouter le modificateur ┬½┬árequired┬á┬╗ ou de d├®clarer le propri├®t├® comme pouvant accepter la valeur Null. [C:\Users\PC\SchoolManagementSystem\SchoolManagementSystem\SchoolManagementSystem.csproj]
C:\Users\PC\SchoolManagementSystem\SchoolManagementSystem\Models\ChangeFirstPasswordViewModel.cs(21,23): warning CS8618: Le propri├®t├® ┬½┬áConfirmNewPassword┬á┬╗ non-nullable doit contenir une valeur autre que Null lors de la fermeture du constructeur. Envisagez dÔÇÖajouter le modificateur ┬½┬árequired┬á┬╗ ou de d├®clarer le propri├®t├® comme pouvant accepter la valeur Null. [C:\Users\PC\SchoolManagementSystem\SchoolManagementSystem\SchoolManagementSystem.csproj]
C:\Users\PC\SchoolManagementSystem\SchoolManagementSystem\Models\AttendanceViewModel.cs(12,23): warning CS8618: Le propri├®t├® ┬½┬áStudentName┬á┬╗ non-nullable doit contenir une valeur autre que Null lors de la fermeture du constructeur. Envisagez dÔÇÖajouter le modificateur ┬½┬árequired┬á┬╗ ou de d├®clarer le propri├®t├® comme pouvant accepter la valeur Null. [C:\Users\PC\SchoolManagementSystem\SchoolManagementSystem\SchoolManagementSystem.csproj]
C:\Users\PC\SchoolManagementSystem\SchoolManagementSystem\Models\AttendanceViewModel.cs(16,23): warning CS8618: Le propri├®t├® ┬½┬áSubjectName┬á┬╗ non-nullable doit contenir une valeur autre que Null lors de la fermeture du constructeur. Envisagez dÔÇÖajouter le modificateur ┬½┬árequired┬á┬╗ ou de d├®clarer le propri├®t├® comme pouvant accepter la valeur Null. [C:\Users\PC\SchoolManagementSystem\SchoolManagementSystem\SchoolManagementSystem.csproj]
C:\Users\PC\SchoolManagementSystem\SchoolManagementSystem\Models\AssignRoleViewModel.cs(5,23): warning CS8618: Le propri├®t├® ┬½┬áUserId┬á┬╗ non-nullable doit contenir une valeur autre que Null lors de la fermeture du constructeur. Envisagez dÔÇÖajouter le modificateur ┬½┬árequired┬á┬╗ ou de d├®clarer le propri├®t├® comme pouvant accepter la valeur Null. [C:\Users\PC\SchoolManagementSystem\SchoolManagementSystem\SchoolManagementSystem.csproj]
C:\Users\PC\SchoolManagementSystem\SchoolManagementSystem\Models\AssignRoleViewModel.cs(6,23): warning CS8618: Le propri├®t├® ┬½┬áSelectedRole┬á┬╗ non-nullable doit contenir une valeur autre que Null lors de la fermeture du constructeur. Envisagez dÔÇÖajouter le modificateur ┬½┬árequired┬á┬╗ ou de d├®clarer le propri├®t├® comme pouvant accepter la valeur Null. [C:\Users\PC\SchoolManagementSystem\SchoolManagementSystem\SchoolManagementSystem.csproj]
C:\Users\PC\SchoolManagementSystem\SchoolManagementSystem\Models\AlertViewModel.cs(9,23): warning CS8618: Le propri├®t├® ┬½┬áMessage┬á┬╗ non-nullable doit contenir une valeur autre que Null lors de la fermeture du constructeur. Envisagez dÔÇÖajouter le modificateur ┬½┬árequired┬á┬╗ ou de d├®clarer le propri├®t├® comme pouvant accepter la valeur Null. [C:\Users\PC\SchoolManagementSystem\SchoolManagementSystem\SchoolManagementSystem.csproj]
C:\Users\PC\SchoolManagementSystem\SchoolManagementSystem\Views\Dashboard\TeacherDashboard.cshtml(22,52): warning CS8602: D├®r├®f├®rencement d'une ├®ventuelle r├®f├®rence null. [C:\Users\PC\SchoolManagementSystem\SchoolManagementSystem\SchoolManagementSystem.csproj]
C:\Users\PC\SchoolManagementSystem\SchoolManagementSystem\Helpers\UserHelper.cs(81,20): warning CS8603: Existence possible d'un retour de r├®f├®rence null. [C:\Users\PC\SchoolManagementSystem\SchoolManagementSystem\SchoolManagementSystem.csproj]
C:\Users\PC\SchoolManagementSystem\SchoolManagementSystem\Helpers\UserHelper.cs(86,20): warning CS8603: Existence possible d'un retour de r├®f├®rence null. [C:\Users\PC\SchoolManagementSystem\SchoolManagementSystem\SchoolManagementSystem.csproj]
C:\Users\PC\SchoolManagementSystem\SchoolManagementSystem\Helpers\UserHelper.cs(165,20): warning CS8603: Existence possible d'un retour de r├®f├®rence null. [C:\Users\PC\SchoolManagementSystem\SchoolManagementSystem\SchoolManagementSystem.csproj]
C:\Users\PC\SchoolManagementSystem\SchoolManagementSystem\Helpers\UserHelper.cs(207,38): warning CS8603: Existence possible d'un retour de r├®f├®rence null. [C:\Users\PC\SchoolManagementSystem\SchoolManagementSystem\SchoolManagementSystem.csproj]
C:\Users\PC\SchoolManagementSystem\SchoolManagementSystem\Helpers\Response.cs(10,23): warning CS8618: Le propri├®t├® ┬½┬áMessage┬á┬╗ non-nullable doit contenir une valeur autre que Null lors de la fermeture du constructeur. Envisagez dÔÇÖajouter le modificateur ┬½┬árequired┬á┬╗ ou de d├®clarer le propri├®t├® comme pouvant accepter la valeur Null. [C:\Users\PC\SchoolManagementSystem\SchoolManagementSystem\SchoolManagementSystem.csproj]
C:\Users\PC\SchoolManagementSystem\SchoolManagementSystem\Helpers\Response.cs(13,23): warning CS8618: Le champ ┬½┬áResults┬á┬╗ non-nullable doit contenir une valeur autre que Null lors de la fermeture du constructeur. Envisagez dÔÇÖajouter le modificateur ┬½┬árequired┬á┬╗ ou de d├®clarer le champ comme pouvant accepter la valeur Null. [C:\Users\PC\SchoolManagementSystem\SchoolManagementSystem\SchoolManagementSystem.csproj]
C:\Users\PC\SchoolManagementSystem\SchoolManagementSystem\Helpers\MailHelper.cs(21,34): warning CS8604: Existence possible d'un argument de r├®f├®rence null pour le param├¿tre 's' dans 'int int.Parse(string s)'. [C:\Users\PC\SchoolManagementSystem\SchoolManagementSystem\SchoolManagementSystem.csproj]
C:\Users\PC\SchoolManagementSystem\SchoolManagementSystem\Helpers\ConverterHelper.cs(55,31): warning CS8601: Existence possible d'une assignation de r├®f├®rence null. [C:\Users\PC\SchoolManagementSystem\SchoolManagementSystem\SchoolManagementSystem.csproj]
C:\Users\PC\SchoolManagementSystem\SchoolManagementSystem\Helpers\ConverterHelper.cs(178,24): warning CS8603: Existence possible d'un retour de r├®f├®rence null. [C:\Users\PC\SchoolManagementSystem\SchoolManagementSystem\SchoolManagementSystem.csproj]
C:\Users\PC\SchoolManagementSystem\SchoolManagementSystem\Helpers\ConverterHelper.cs(244,24): warning CS8603: Existence possible d'un retour de r├®f├®rence null. [C:\Users\PC\SchoolManagementSystem\SchoolManagementSystem\SchoolManagementSystem.csproj]
C:\Users\PC\SchoolManagementSystem\SchoolManagementSystem\Helpers\ConverterHelper.cs(279,24): warning CS8603: Existence possible d'un retour de r├®f├®rence null. [C:\Users\PC\SchoolManagementSystem\SchoolManagementSystem\SchoolManagementSystem.csproj]
C:\Users\PC\SchoolManagementSystem\SchoolManagementSystem\Helpers\ConverterHelper.cs(309,24): warning CS8603: Existence possible d'un retour de r├®f├®rence null. [C:\Users\PC\SchoolManagementSystem\SchoolManagementSystem\SchoolManagementSystem.csproj]
C:\Users\PC\SchoolManagementSystem\SchoolManagementSystem\Helpers\ConverterHelper.cs(341,24): warning CS8603: Existence possible d'un retour de r├®f├®rence null. [C:\Users\PC\SchoolManagementSystem\SchoolManagementSystem\SchoolManagementSystem.csproj]
C:\Users\PC\SchoolManagementSystem\SchoolManagementSystem\Controllers\AccountController.cs(30,17): warning CS8602: D├®r├®f├®rencement d'une ├®ventuelle r├®f├®rence null. [C:\Users\PC\SchoolManagementSystem\SchoolManagementSystem\SchoolManagementSystem.csproj]
C:\Users\PC\SchoolManagementSystem\SchoolManagementSystem\Controllers\AccountController.cs(155,62): warning CS8602: D├®r├®f├®rencement d'une ├®ventuelle r├®f├®rence null. [C:\Users\PC\SchoolManagementSystem\SchoolManagementSystem\SchoolManagementSystem.csproj]
C:\Users\PC\SchoolManagementSystem\SchoolManagementSystem\Controllers\AccountController.cs(155,62): warning CS8604: Existence possible d'un argument de r├®f├®rence null pour le param├¿tre 'email' dans 'Task<User> IUserHelper.GetUserByEmailAsync(string email)'. [C:\Users\PC\SchoolManagementSystem\SchoolManagementSystem\SchoolManagementSystem.csproj]
C:\Users\PC\SchoolManagementSystem\SchoolManagementSystem\Controllers\AccountController.cs(164,27): warning CS8601: Existence possible d'une assignation de r├®f├®rence null. [C:\Users\PC\SchoolManagementSystem\SchoolManagementSystem\SchoolManagementSystem.csproj]
C:\Users\PC\SchoolManagementSystem\SchoolManagementSystem\Controllers\AccountController.cs(165,31): warning CS8601: Existence possible d'une assignation de r├®f├®rence null. [C:\Users\PC\SchoolManagementSystem\SchoolManagementSystem\SchoolManagementSystem.csproj]
C:\Users\PC\SchoolManagementSystem\SchoolManagementSystem\Controllers\AccountController.cs(177,62): warning CS8602: D├®r├®f├®rencement d'une ├®ventuelle r├®f├®rence null. [C:\Users\PC\SchoolManagementSystem\SchoolManagementSystem\SchoolManagementSystem.csproj]
C:\Users\PC\SchoolManagementSystem\SchoolManagementSystem\Controllers\AccountController.cs(177,62): warning CS8604: Existence possible d'un argument de r├®f├®rence null pour le param├¿tre 'email' dans 'Task<User> IUserHelper.GetUserByEmailAsync(string email)'. [C:\Users\PC\SchoolManagementSystem\SchoolManagementSystem\SchoolManagementSystem.csproj]
C:\Users\PC\SchoolManagementSystem\SchoolManagementSystem\Controllers\AccountController.cs(218,62): warning CS8602: D├®r├®f├®rencement d'une ├®ventuelle r├®f├®rence null. [C:\Users\PC\SchoolManagementSystem\SchoolManagementSystem\SchoolManagementSystem.csproj]
C:\Users\PC\SchoolManagementSystem\SchoolManagementSystem\Controllers\AccountController.cs(218,62): warning CS8604: Existence possible d'un argument de r├®f├®rence null pour le param├¿tre 'email' dans 'Task<User> IUserHelper.GetUserByEmailAsync(string email)'. [C:\Users\PC\SchoolManagementSystem\SchoolManagementSystem\SchoolManagementSystem.csproj]
C:\Users\PC\SchoolManagementSystem\SchoolManagementSystem\Controllers\AccountController.cs(271,50): warning CS8604: Existence possible d'un argument de r├®f├®rence null pour le param├¿tre 'to' dans 'Response IMailHelper.SendEmail(string to, string subject, string body)'. [C:\Users\PC\SchoolManagementSystem\SchoolManagementSystem\SchoolManagementSystem.csproj]
C:\Users\PC\SchoolManagementSystem\SchoolManagementSystem\Controllers\AlertController.cs(35,42): warning CS1998: Cette m├®thode async n'a pas d'op├®rateur 'await' et elle s'ex├®cutera de fa├ºon synchrone. Utilisez l'op├®rateur 'await' pour attendre les appels d'API non bloquants ou 'await Task.Run(ÔÇª)' pour effectuer un travail utilisant le processeur sur un thread d'arri├¿re-plan. [C:\Users\PC\SchoolManagementSystem\SchoolManagementSystem\SchoolManagementSystem.csproj]
C:\Users\PC\SchoolManagementSystem\SchoolManagementSystem\Controllers\AlertController.cs(45,73): warning CS8602: D├®r├®f├®rencement d'une ├®ventuelle r├®f├®rence null. [C:\Users\PC\SchoolManagementSystem\SchoolManagementSystem\SchoolManagementSystem.csproj]
C:\Users\PC\SchoolManagementSystem\SchoolManagementSystem\Controllers\AlertController.cs(45,73): warning CS8604: Existence possible d'un argument de r├®f├®rence null pour le param├¿tre 'userEmail' dans 'Task<Employee> IUserHelper.GetEmployeeByUserAsync(string userEmail)'. [C:\Users\PC\SchoolManagementSystem\SchoolManagementSystem\SchoolManagementSystem.csproj]
C:\Users\PC\SchoolManagementSystem\SchoolManagementSystem\Controllers\AlertController.cs(64,69): warning CS8602: D├®r├®f├®rencement d'une ├®ventuelle r├®f├®rence null. [C:\Users\PC\SchoolManagementSystem\SchoolManagementSystem\SchoolManagementSystem.csproj]
C:\Users\PC\SchoolManagementSystem\SchoolManagementSystem\Controllers\AlertController.cs(64,69): warning CS8604: Existence possible d'un argument de r├®f├®rence null pour le param├¿tre 'userEmail' dans 'Task<Employee> IUserHelper.GetEmployeeByUserAsync(string userEmail)'. [C:\Users\PC\SchoolManagementSystem\SchoolManagementSystem\SchoolManagementSystem.csproj]
C:\Users\PC\SchoolManagementSystem\SchoolManagementSystem\Data\Entities\User.cs(10,23): warning CS8618: Le propri├®t├® ┬½┬áFirstName┬á┬╗ non-nullable doit contenir une valeur autre que Null lors de la fermeture du constructeur. Envisagez dÔÇÖajouter le modificateur ┬½┬árequired┬á┬╗ ou de d├®clarer le propri├®t├® comme pouvant accepter la valeur Null. [C:\Users\PC\SchoolManagementSystem\SchoolManagementSystem\SchoolManagementSystem.csproj]
C:\Users\PC\SchoolManagementSystem\SchoolManagementSystem\Data\Entities\User.cs(14,23): warning CS8618: Le propri├®t├® ┬½┬áLastName┬á┬╗ non-nullable doit contenir une valeur autre que Null lors de la fermeture du constructeur. Envisagez dÔÇÖajouter le modificateur ┬½┬árequired┬á┬╗ ou de d├®clarer le propri├®t├® comme pouvant accepter la valeur Null. [C:\Users\PC\SchoolManagementSystem\SchoolManagementSystem\SchoolManagementSystem.csproj]
C:\Users\PC\SchoolManagementSystem\SchoolManagementSystem\Data\Entities\TeacherSubject.cs(6,24): warning CS8618: Le propri├®t├® ┬½┬áTeacher┬á┬╗ non-nullable doit contenir une valeur autre que Null lors de la fermeture du constructeur. Envisagez dÔÇÖajouter le modificateur ┬½┬árequired┬á┬╗ ou de d├®clarer le propri├®t├® comme pouvant accepter la valeur Null. [C:\Users\PC\SchoolManagementSystem\SchoolManagementSystem\SchoolManagementSystem.csproj]
C:\Users\PC\SchoolManagementSystem\SchoolManagementSystem\Data\Entities\TeacherSubject.cs(9,24): warning CS8618: Le propri├®t├® ┬½┬áSubject┬á┬╗ non-nullable doit contenir une valeur autre que Null lors de la fermeture du constructeur. Envisagez dÔÇÖajouter le modificateur ┬½┬árequired┬á┬╗ ou de d├®clarer le propri├®t├® comme pouvant accepter la valeur Null. [C:\Users\PC\SchoolManagementSystem\SchoolManagementSystem\SchoolManagementSystem.csproj]
C:\Users\PC\SchoolManagementSystem\SchoolManagementSystem\Controllers\ErrorController.cs(43,27): warning CS8601: Existence possible d'une assignation de r├®f├®rence null. [C:\Users\PC\SchoolManagementSystem\SchoolManagementSystem\SchoolManagementSystem.csproj]
C:\Users\PC\SchoolManagementSystem\SchoolManagementSystem\Controllers\ErrorController.cs(44,30): warning CS8601: Existence possible d'une assignation de r├®f├®rence null. [C:\Users\PC\SchoolManagementSystem\SchoolManagementSystem\SchoolManagementSystem.csproj]
C:\Users\PC\SchoolManagementSystem\SchoolManagementSystem\Data\Entities\TeacherSchoolClass.cs(6,24): warning CS8618: Le propri├®t├® ┬½┬áTeacher┬á┬╗ non-nullable doit contenir une valeur autre que Null lors de la fermeture du constructeur. Envisagez dÔÇÖajouter le modificateur ┬½┬árequired┬á┬╗ ou de d├®clarer le propri├®t├® comme pouvant accepter la valeur Null. [C:\Users\PC\SchoolManagementSystem\SchoolManagementSystem\SchoolManagementSystem.csproj]
C:\Users\PC\SchoolManagementSystem\SchoolManagementSystem\Data\Entities\TeacherSchoolClass.cs(9,28): warning CS8618: Le propri├®t├® ┬½┬áSchoolClass┬á┬╗ non-nullable doit contenir une valeur autre que Null lors de la fermeture du constructeur. Envisagez dÔÇÖajouter le modificateur ┬½┬árequired┬á┬╗ ou de d├®clarer le propri├®t├® comme pouvant accepter la valeur Null. [C:\Users\PC\SchoolManagementSystem\SchoolManagementSystem\SchoolManagementSystem.csproj]
C:\Users\PC\SchoolManagementSystem\SchoolManagementSystem\Controllers\DashboardController.cs(23,42): warning CS1998: Cette m├®thode async n'a pas d'op├®rateur 'await' et elle s'ex├®cutera de fa├ºon synchrone. Utilisez l'op├®rateur 'await' pour attendre les appels d'API non bloquants ou 'await Task.Run(ÔÇª)' pour effectuer un travail utilisant le processeur sur un thread d'arri├¿re-plan. [C:\Users\PC\SchoolManagementSystem\SchoolManagementSystem\SchoolManagementSystem.csproj]
C:\Users\PC\SchoolManagementSystem\SchoolManagementSystem\Controllers\DashboardController.cs(29,42): warning CS1998: Cette m├®thode async n'a pas d'op├®rateur 'await' et elle s'ex├®cutera de fa├ºon synchrone. Utilisez l'op├®rateur 'await' pour attendre les appels d'API non bloquants ou 'await Task.Run(ÔÇª)' pour effectuer un travail utilisant le processeur sur un thread d'arri├¿re-plan. [C:\Users\PC\SchoolManagementSystem\SchoolManagementSystem\SchoolManagementSystem.csproj]
C:\Users\PC\SchoolManagementSystem\SchoolManagementSystem\Data\Entities\Teacher.cs(35,44): warning CS8603: Existence possible d'un retour de r├®f├®rence null. [C:\Users\PC\SchoolManagementSystem\SchoolManagementSystem\SchoolManagementSystem.csproj]
C:\Users\PC\SchoolManagementSystem\SchoolManagementSystem\Data\Entities\Teacher.cs(11,23): warning CS8618: Le propri├®t├® ┬½┬áUserId┬á┬╗ non-nullable doit contenir une valeur autre que Null lors de la fermeture du constructeur. Envisagez dÔÇÖajouter le modificateur ┬½┬árequired┬á┬╗ ou de d├®clarer le propri├®t├® comme pouvant accepter la valeur Null. [C:\Users\PC\SchoolManagementSystem\SchoolManagementSystem\SchoolManagementSystem.csproj]
C:\Users\PC\SchoolManagementSystem\SchoolManagementSystem\Data\Entities\Teacher.cs(14,21): warning CS8618: Le propri├®t├® ┬½┬áUser┬á┬╗ non-nullable doit contenir une valeur autre que Null lors de la fermeture du constructeur. Envisagez dÔÇÖajouter le modificateur ┬½┬árequired┬á┬╗ ou de d├®clarer le propri├®t├® comme pouvant accepter la valeur Null. [C:\Users\PC\SchoolManagementSystem\SchoolManagementSystem\SchoolManagementSystem.csproj]
C:\Users\PC\SchoolManagementSystem\SchoolManagementSystem\Data\Entities\Teacher.cs(19,23): warning CS8618: Le propri├®t├® ┬½┬áFirstName┬á┬╗ non-nullable doit contenir une valeur autre que Null lors de la fermeture du constructeur. Envisagez dÔÇÖajouter le modificateur ┬½┬árequired┬á┬╗ ou de d├®clarer le propri├®t├® comme pouvant accepter la valeur Null. [C:\Users\PC\SchoolManagementSystem\SchoolManagementSystem\SchoolManagementSystem.csproj]
C:\Users\PC\SchoolManagementSystem\SchoolManagementSystem\Data\Entities\Teacher.cs(24,23): warning CS8618: Le propri├®t├® ┬½┬áLastName┬á┬╗ non-nullable doit contenir une valeur autre que Null lors de la fermeture du constructeur. Envisagez dÔÇÖajouter le modificateur ┬½┬árequired┬á┬╗ ou de d├®clarer le propri├®t├® comme pouvant accepter la valeur Null. [C:\Users\PC\SchoolManagementSystem\SchoolManagementSystem\SchoolManagementSystem.csproj]
C:\Users\PC\SchoolManagementSystem\SchoolManagementSystem\Data\Entities\Subject.cs(11,23): warning CS8618: Le propri├®t├® ┬½┬áName┬á┬╗ non-nullable doit contenir une valeur autre que Null lors de la fermeture du constructeur. Envisagez dÔÇÖajouter le modificateur ┬½┬árequired┬á┬╗ ou de d├®clarer le propri├®t├® comme pouvant accepter la valeur Null. [C:\Users\PC\SchoolManagementSystem\SchoolManagementSystem\SchoolManagementSystem.csproj]
C:\Users\PC\SchoolManagementSystem\SchoolManagementSystem\Data\Entities\Student.cs(25,50): warning CS8603: Existence possible d'un retour de r├®f├®rence null. [C:\Users\PC\SchoolManagementSystem\SchoolManagementSystem\SchoolManagementSystem.csproj]
C:\Users\PC\SchoolManagementSystem\SchoolManagementSystem\Data\Entities\Student.cs(9,23): warning CS8618: Le propri├®t├® ┬½┬áUserId┬á┬╗ non-nullable doit contenir une valeur autre que Null lors de la fermeture du constructeur. Envisagez dÔÇÖajouter le modificateur ┬½┬árequired┬á┬╗ ou de d├®clarer le propri├®t├® comme pouvant accepter la valeur Null. [C:\Users\PC\SchoolManagementSystem\SchoolManagementSystem\SchoolManagementSystem.csproj]
C:\Users\PC\SchoolManagementSystem\SchoolManagementSystem\Data\Entities\Student.cs(10,21): warning CS8618: Le propri├®t├® ┬½┬áUser┬á┬╗ non-nullable doit contenir une valeur autre que Null lors de la fermeture du constructeur. Envisagez dÔÇÖajouter le modificateur ┬½┬árequired┬á┬╗ ou de d├®clarer le propri├®t├® comme pouvant accepter la valeur Null. [C:\Users\PC\SchoolManagementSystem\SchoolManagementSystem\SchoolManagementSystem.csproj]
C:\Users\PC\SchoolManagementSystem\SchoolManagementSystem\Data\Entities\Student.cs(15,23): warning CS8618: Le propri├®t├® ┬½┬áFirstName┬á┬╗ non-nullable doit contenir une valeur autre que Null lors de la fermeture du constructeur. Envisagez dÔÇÖajouter le modificateur ┬½┬árequired┬á┬╗ ou de d├®clarer le propri├®t├® comme pouvant accepter la valeur Null. [C:\Users\PC\SchoolManagementSystem\SchoolManagementSystem\SchoolManagementSystem.csproj]
C:\Users\PC\SchoolManagementSystem\SchoolManagementSystem\Data\Entities\Student.cs(20,23): warning CS8618: Le propri├®t├® ┬½┬áLastName┬á┬╗ non-nullable doit contenir une valeur autre que Null lors de la fermeture du constructeur. Envisagez dÔÇÖajouter le modificateur ┬½┬árequired┬á┬╗ ou de d├®clarer le propri├®t├® comme pouvant accepter la valeur Null. [C:\Users\PC\SchoolManagementSystem\SchoolManagementSystem\SchoolManagementSystem.csproj]
C:\Users\PC\SchoolManagementSystem\SchoolManagementSystem\Data\Entities\Student.cs(32,28): warning CS8618: Le propri├®t├® ┬½┬áSchoolClass┬á┬╗ non-nullable doit contenir une valeur autre que Null lors de la fermeture du constructeur. Envisagez dÔÇÖajouter le modificateur ┬½┬árequired┬á┬╗ ou de d├®clarer le propri├®t├® comme pouvant accepter la valeur Null. [C:\Users\PC\SchoolManagementSystem\SchoolManagementSystem\SchoolManagementSystem.csproj]
C:\Users\PC\SchoolManagementSystem\SchoolManagementSystem\Controllers\GradesController.cs(94,29): warning CS8601: Existence possible d'une assignation de r├®f├®rence null. [C:\Users\PC\SchoolManagementSystem\SchoolManagementSystem\SchoolManagementSystem.csproj]
C:\Users\PC\SchoolManagementSystem\SchoolManagementSystem\Data\Entities\SchoolClass.cs(11,23): warning CS8618: Le propri├®t├® ┬½┬áClassName┬á┬╗ non-nullable doit contenir une valeur autre que Null lors de la fermeture du constructeur. Envisagez dÔÇÖajouter le modificateur ┬½┬árequired┬á┬╗ ou de d├®clarer le propri├®t├® comme pouvant accepter la valeur Null. [C:\Users\PC\SchoolManagementSystem\SchoolManagementSystem\SchoolManagementSystem.csproj]
C:\Users\PC\SchoolManagementSystem\SchoolManagementSystem\Data\Entities\SchoolClass.cs(14,23): warning CS8618: Le propri├®t├® ┬½┬áCourse┬á┬╗ non-nullable doit contenir une valeur autre que Null lors de la fermeture du constructeur. Envisagez dÔÇÖajouter le modificateur ┬½┬árequired┬á┬╗ ou de d├®clarer le propri├®t├® comme pouvant accepter la valeur Null. [C:\Users\PC\SchoolManagementSystem\SchoolManagementSystem\SchoolManagementSystem.csproj]
C:\Users\PC\SchoolManagementSystem\SchoolManagementSystem\Data\Entities\Payment.cs(14,24): warning CS8618: Le propri├®t├® ┬½┬áStudent┬á┬╗ non-nullable doit contenir une valeur autre que Null lors de la fermeture du constructeur. Envisagez dÔÇÖajouter le modificateur ┬½┬árequired┬á┬╗ ou de d├®clarer le propri├®t├® comme pouvant accepter la valeur Null. [C:\Users\PC\SchoolManagementSystem\SchoolManagementSystem\SchoolManagementSystem.csproj]
C:\Users\PC\SchoolManagementSystem\SchoolManagementSystem\Data\Entities\Payment.cs(25,23): warning CS8618: Le propri├®t├® ┬½┬áStatus┬á┬╗ non-nullable doit contenir une valeur autre que Null lors de la fermeture du constructeur. Envisagez dÔÇÖajouter le modificateur ┬½┬árequired┬á┬╗ ou de d├®clarer le propri├®t├® comme pouvant accepter la valeur Null. [C:\Users\PC\SchoolManagementSystem\SchoolManagementSystem\SchoolManagementSystem.csproj]
C:\Users\PC\SchoolManagementSystem\SchoolManagementSystem\Data\Entities\Payment.cs(28,23): warning CS8618: Le propri├®t├® ┬½┬áTransactionId┬á┬╗ non-nullable doit contenir une valeur autre que Null lors de la fermeture du constructeur. Envisagez dÔÇÖajouter le modificateur ┬½┬árequired┬á┬╗ ou de d├®clarer le propri├®t├® comme pouvant accepter la valeur Null. [C:\Users\PC\SchoolManagementSystem\SchoolManagementSystem\SchoolManagementSystem.csproj]
C:\Users\PC\SchoolManagementSystem\SchoolManagementSystem\Data\Entities\Payment.cs(31,23): warning CS8618: Le propri├®t├® ┬½┬áPaymentMethod┬á┬╗ non-nullable doit contenir une valeur autre que Null lors de la fermeture du constructeur. Envisagez dÔÇÖajouter le modificateur ┬½┬árequired┬á┬╗ ou de d├®clarer le propri├®t├® comme pouvant accepter la valeur Null. [C:\Users\PC\SchoolManagementSystem\SchoolManagementSystem\SchoolManagementSystem.csproj]
C:\Users\PC\SchoolManagementSystem\SchoolManagementSystem\Data\Entities\Grade.cs(15,24): warning CS8618: Le propri├®t├® ┬½┬áStudent┬á┬╗ non-nullable doit contenir une valeur autre que Null lors de la fermeture du constructeur. Envisagez dÔÇÖajouter le modificateur ┬½┬árequired┬á┬╗ ou de d├®clarer le propri├®t├® comme pouvant accepter la valeur Null. [C:\Users\PC\SchoolManagementSystem\SchoolManagementSystem\SchoolManagementSystem.csproj]
C:\Users\PC\SchoolManagementSystem\SchoolManagementSystem\Data\Entities\Grade.cs(18,24): warning CS8618: Le propri├®t├® ┬½┬áSubject┬á┬╗ non-nullable doit contenir une valeur autre que Null lors de la fermeture du constructeur. Envisagez dÔÇÖajouter le modificateur ┬½┬árequired┬á┬╗ ou de d├®clarer le propri├®t├® comme pouvant accepter la valeur Null. [C:\Users\PC\SchoolManagementSystem\SchoolManagementSystem\SchoolManagementSystem.csproj]
C:\Users\PC\SchoolManagementSystem\SchoolManagementSystem\Data\Entities\Employee.cs(38,44): warning CS8603: Existence possible d'un retour de r├®f├®rence null. [C:\Users\PC\SchoolManagementSystem\SchoolManagementSystem\SchoolManagementSystem.csproj]
C:\Users\PC\SchoolManagementSystem\SchoolManagementSystem\Data\Entities\Employee.cs(10,23): warning CS8618: Le propri├®t├® ┬½┬áUserId┬á┬╗ non-nullable doit contenir une valeur autre que Null lors de la fermeture du constructeur. Envisagez dÔÇÖajouter le modificateur ┬½┬árequired┬á┬╗ ou de d├®clarer le propri├®t├® comme pouvant accepter la valeur Null. [C:\Users\PC\SchoolManagementSystem\SchoolManagementSystem\SchoolManagementSystem.csproj]
C:\Users\PC\SchoolManagementSystem\SchoolManagementSystem\Data\Entities\Employee.cs(13,21): warning CS8618: Le propri├®t├® ┬½┬áUser┬á┬╗ non-nullable doit contenir une valeur autre que Null lors de la fermeture du constructeur. Envisagez dÔÇÖajouter le modificateur ┬½┬árequired┬á┬╗ ou de d├®clarer le propri├®t├® comme pouvant accepter la valeur Null. [C:\Users\PC\SchoolManagementSystem\SchoolManagementSystem\SchoolManagementSystem.csproj]
C:\Users\PC\SchoolManagementSystem\SchoolManagementSystem\Data\Entities\Employee.cs(18,23): warning CS8618: Le propri├®t├® ┬½┬áFirstName┬á┬╗ non-nullable doit contenir une valeur autre que Null lors de la fermeture du constructeur. Envisagez dÔÇÖajouter le modificateur ┬½┬árequired┬á┬╗ ou de d├®clarer le propri├®t├® comme pouvant accepter la valeur Null. [C:\Users\PC\SchoolManagementSystem\SchoolManagementSystem\SchoolManagementSystem.csproj]
C:\Users\PC\SchoolManagementSystem\SchoolManagementSystem\Data\Entities\Employee.cs(23,23): warning CS8618: Le propri├®t├® ┬½┬áLastName┬á┬╗ non-nullable doit contenir une valeur autre que Null lors de la fermeture du constructeur. Envisagez dÔÇÖajouter le modificateur ┬½┬árequired┬á┬╗ ou de d├®clarer le propri├®t├® comme pouvant accepter la valeur Null. [C:\Users\PC\SchoolManagementSystem\SchoolManagementSystem\SchoolManagementSystem.csproj]
C:\Users\PC\SchoolManagementSystem\SchoolManagementSystem\Data\Entities\Employee.cs(47,23): warning CS8618: Le propri├®t├® ┬½┬áPhoneNumber┬á┬╗ non-nullable doit contenir une valeur autre que Null lors de la fermeture du constructeur. Envisagez dÔÇÖajouter le modificateur ┬½┬árequired┬á┬╗ ou de d├®clarer le propri├®t├® comme pouvant accepter la valeur Null. [C:\Users\PC\SchoolManagementSystem\SchoolManagementSystem\SchoolManagementSystem.csproj]
C:\Users\PC\SchoolManagementSystem\SchoolManagementSystem\Data\Entities\CourseSubject.cs(6,23): warning CS8618: Le propri├®t├® ┬½┬áCourse┬á┬╗ non-nullable doit contenir une valeur autre que Null lors de la fermeture du constructeur. Envisagez dÔÇÖajouter le modificateur ┬½┬árequired┬á┬╗ ou de d├®clarer le propri├®t├® comme pouvant accepter la valeur Null. [C:\Users\PC\SchoolManagementSystem\SchoolManagementSystem\SchoolManagementSystem.csproj]
C:\Users\PC\SchoolManagementSystem\SchoolManagementSystem\Data\Entities\CourseSubject.cs(9,24): warning CS8618: Le propri├®t├® ┬½┬áSubject┬á┬╗ non-nullable doit contenir une valeur autre que Null lors de la fermeture du constructeur. Envisagez dÔÇÖajouter le modificateur ┬½┬árequired┬á┬╗ ou de d├®clarer le propri├®t├® comme pouvant accepter la valeur Null. [C:\Users\PC\SchoolManagementSystem\SchoolManagementSystem\SchoolManagementSystem.csproj]
C:\Users\PC\SchoolManagementSystem\SchoolManagementSystem\Data\Entities\Course.cs(11,23): warning CS8618: Le propri├®t├® ┬½┬áName┬á┬╗ non-nullable doit contenir une valeur autre que Null lors de la fermeture du constructeur. Envisagez dÔÇÖajouter le modificateur ┬½┬árequired┬á┬╗ ou de d├®clarer le propri├®t├® comme pouvant accepter la valeur Null. [C:\Users\PC\SchoolManagementSystem\SchoolManagementSystem\SchoolManagementSystem.csproj]
C:\Users\PC\SchoolManagementSystem\SchoolManagementSystem\Data\Entities\Course.cs(14,23): warning CS8618: Le propri├®t├® ┬½┬áDescription┬á┬╗ non-nullable doit contenir une valeur autre que Null lors de la fermeture du constructeur. Envisagez dÔÇÖajouter le modificateur ┬½┬árequired┬á┬╗ ou de d├®clarer le propri├®t├® comme pouvant accepter la valeur Null. [C:\Users\PC\SchoolManagementSystem\SchoolManagementSystem\SchoolManagementSystem.csproj]
C:\Users\PC\SchoolManagementSystem\SchoolManagementSystem\Data\Entities\Attendance.cs(11,24): warning CS8618: Le propri├®t├® ┬½┬áStudent┬á┬╗ non-nullable doit contenir une valeur autre que Null lors de la fermeture du constructeur. Envisagez dÔÇÖajouter le modificateur ┬½┬árequired┬á┬╗ ou de d├®clarer le propri├®t├® comme pouvant accepter la valeur Null. [C:\Users\PC\SchoolManagementSystem\SchoolManagementSystem\SchoolManagementSystem.csproj]
C:\Users\PC\SchoolManagementSystem\SchoolManagementSystem\Data\Entities\Attendance.cs(14,24): warning CS8618: Le propri├®t├® ┬½┬áSubject┬á┬╗ non-nullable doit contenir une valeur autre que Null lors de la fermeture du constructeur. Envisagez dÔÇÖajouter le modificateur ┬½┬árequired┬á┬╗ ou de d├®clarer le propri├®t├® comme pouvant accepter la valeur Null. [C:\Users\PC\SchoolManagementSystem\SchoolManagementSystem\SchoolManagementSystem.csproj]
C:\Users\PC\SchoolManagementSystem\SchoolManagementSystem\Data\Entities\Alert.cs(11,23): warning CS8618: Le propri├®t├® ┬½┬áMessage┬á┬╗ non-nullable doit contenir une valeur autre que Null lors de la fermeture du constructeur. Envisagez dÔÇÖajouter le modificateur ┬½┬árequired┬á┬╗ ou de d├®clarer le propri├®t├® comme pouvant accepter la valeur Null. [C:\Users\PC\SchoolManagementSystem\SchoolManagementSystem\SchoolManagementSystem.csproj]
C:\Users\PC\SchoolManagementSystem\SchoolManagementSystem\Data\Entities\Alert.cs(23,25): warning CS8618: Le propri├®t├® ┬½┬áEmployee┬á┬╗ non-nullable doit contenir une valeur autre que Null lors de la fermeture du constructeur. Envisagez dÔÇÖajouter le modificateur ┬½┬árequired┬á┬╗ ou de d├®clarer le propri├®t├® comme pouvant accepter la valeur Null. [C:\Users\PC\SchoolManagementSystem\SchoolManagementSystem\SchoolManagementSystem.csproj]
C:\Users\PC\SchoolManagementSystem\SchoolManagementSystem\Controllers\DashboardController.cs(45,33): error CS0103: Le nom '_context' n'existe pas dans le contexte actuel [C:\Users\PC\SchoolManagementSystem\SchoolManagementSystem\SchoolManagementSystem.csproj]
C:\Users\PC\SchoolManagementSystem\SchoolManagementSystem\Controllers\GradesController.cs(267,84): warning CS8604: Existence possible d'un argument de r├®f├®rence null pour le param├¿tre 'userId' dans 'Task<int?> IStudentRepository.GetStudentIdByUserIdAsync(string userId)'. [C:\Users\PC\SchoolManagementSystem\SchoolManagementSystem\SchoolManagementSystem.csproj]
C:\Users\PC\SchoolManagementSystem\SchoolManagementSystem\Controllers\GradesController.cs(286,29): warning CS8601: Existence possible d'une assignation de r├®f├®rence null. [C:\Users\PC\SchoolManagementSystem\SchoolManagementSystem\SchoolManagementSystem.csproj]
C:\Users\PC\SchoolManagementSystem\SchoolManagementSystem\Controllers\AttendanceController.cs(110,34): warning CS8601: Existence possible d'une assignation de r├®f├®rence null. [C:\Users\PC\SchoolManagementSystem\SchoolManagementSystem\SchoolManagementSystem.csproj]
C:\Users\PC\SchoolManagementSystem\SchoolManagementSystem\Views\Shared\_Navbar.cshtml(18,18): warning CS8602: D├®r├®f├®rencement d'une ├®ventuelle r├®f├®rence null. [C:\Users\PC\SchoolManagementSystem\SchoolManagementSystem\SchoolManagementSystem.csproj]
C:\Users\PC\SchoolManagementSystem\SchoolManagementSystem\Controllers\AttendanceController.cs(284,84): warning CS8604: Existence possible d'un argument de r├®f├®rence null pour le param├¿tre 'userId' dans 'Task<int?> IStudentRepository.GetStudentIdByUserIdAsync(string userId)'. [C:\Users\PC\SchoolManagementSystem\SchoolManagementSystem\SchoolManagementSystem.csproj]
C:\Users\PC\SchoolManagementSystem\SchoolManagementSystem\Views\Shared\_Dashboard.cshtml(179,37): warning CS8600: Conversion de litt├®ral ayant une valeur null ou d'une ├®ventuelle valeur null en type non-nullable. [C:\Users\PC\SchoolManagementSystem\SchoolManagementSystem\SchoolManagementSystem.csproj]
C:\Users\PC\SchoolManagementSystem\SchoolManagementSystem\Views\Shared\_Dashboard.cshtml(183,37): warning CS8600: Conversion de litt├®ral ayant une valeur null ou d'une ├®ventuelle valeur null en type non-nullable. [C:\Users\PC\SchoolManagementSystem\SchoolManagementSystem\SchoolManagementSystem.csproj]
C:\Users\PC\SchoolManagementSystem\SchoolManagementSystem\Views\Shared\_Dashboard.cshtml(187,37): warning CS8600: Conversion de litt├®ral ayant une valeur null ou d'une ├®ventuelle valeur null en type non-nullable. [C:\Users\PC\SchoolManagementSystem\SchoolManagementSystem\SchoolManagementSystem.csproj]
C:\Users\PC\SchoolManagementSystem\SchoolManagementSystem\Views\Shared\_Dashboard.cshtml(191,37): warning CS8600: Conversion de litt├®ral ayant une valeur null ou d'une ├®ventuelle valeur null en type non-nullable. [C:\Users\PC\SchoolManagementSystem\SchoolManagementSystem\SchoolManagementSystem.csproj]
C:\Users\PC\SchoolManagementSystem\SchoolManagementSystem\Views\Shared\_Dashboard.cshtml(195,37): warning CS8600: Conversion de litt├®ral ayant une valeur null ou d'une ├®ventuelle valeur null en type non-nullable. [C:\Users\PC\SchoolManagementSystem\SchoolManagementSystem\SchoolManagementSystem.csproj]
C:\Users\PC\SchoolManagementSystem\SchoolManagementSystem\Repositories\GenericRepository.cs(11,33): warning CS0169: Le champ 'GenericRepository<T>.context' n'est jamais utilis├® [C:\Users\PC\SchoolManagementSystem\SchoolManagementSystem\SchoolManagementSystem.csproj]
C:\Users\PC\SchoolManagementSystem\SchoolManagementSystem\Views\Shared\_Layout.cshtml(23,14): warning MVC1000: Use of IHtmlHelper.Partial may result in application deadlocks. Consider using <partial> Tag Helper or IHtmlHelper.PartialAsync. [C:\Users\PC\SchoolManagementSystem\SchoolManagementSystem\SchoolManagementSystem.csproj]
C:\Users\PC\SchoolManagementSystem\SchoolManagementSystem\Views\Shared\_Layout.cshtml(49,6): warning MVC1000: Use of IHtmlHelper.Partial may result in application deadlocks. Consider using <partial> Tag Helper or IHtmlHelper.PartialAsync. [C:\Users\PC\SchoolManagementSystem\SchoolManagementSystem\SchoolManagementSystem.csproj]
C:\Users\PC\SchoolManagementSystem\SchoolManagementSystem\Views\Payments\Create.cshtml(8,6): warning MVC1000: Use of IHtmlHelper.Partial may result in application deadlocks. Consider using <partial> Tag Helper or IHtmlHelper.PartialAsync. [C:\Users\PC\SchoolManagementSystem\SchoolManagementSystem\SchoolManagementSystem.csproj]
C:\Users\PC\SchoolManagementSystem\SchoolManagementSystem\Views\Shared\_LayoutAccount.cshtml(21,6): warning MVC1000: Use of IHtmlHelper.Partial may result in application deadlocks. Consider using <partial> Tag Helper or IHtmlHelper.PartialAsync. [C:\Users\PC\SchoolManagementSystem\SchoolManagementSystem\SchoolManagementSystem.csproj]
C:\Users\PC\SchoolManagementSystem\SchoolManagementSystem\Views\Shared\_LayoutAccount.cshtml(29,6): warning MVC1000: Use of IHtmlHelper.Partial may result in application deadlocks. Consider using <partial> Tag Helper or IHtmlHelper.PartialAsync. [C:\Users\PC\SchoolManagementSystem\SchoolManagementSystem\SchoolManagementSystem.csproj]
C:\Users\PC\SchoolManagementSystem\SchoolManagementSystem\Views\Payments\Edit.cshtml(8,6): warning MVC1000: Use of IHtmlHelper.Partial may result in application deadlocks. Consider using <partial> Tag Helper or IHtmlHelper.PartialAsync. [C:\Users\PC\SchoolManagementSystem\SchoolManagementSystem\SchoolManagementSystem.csproj]
C:\Users\PC\SchoolManagementSystem\SchoolManagementSystem\Views\Shared\_Dashboard.cshtml(43,6): warning MVC1000: Use of IHtmlHelper.Partial may result in application deadlocks. Consider using <partial> Tag Helper or IHtmlHelper.PartialAsync. [C:\Users\PC\SchoolManagementSystem\SchoolManagementSystem\SchoolManagementSystem.csproj]

├ëCHEC de la build.

C:\Users\PC\SchoolManagementSystem\SchoolManagementSystem\Repositories\TeacherRepository.cs(37,20): warning CS8603: Existence possible d'un retour de r├®f├®rence null. [C:\Users\PC\SchoolManagementSystem\SchoolManagementSystem\SchoolManagementSystem.csproj]
C:\Users\PC\SchoolManagementSystem\SchoolManagementSystem\Repositories\TeacherRepository.cs(44,20): warning CS8603: Existence possible d'un retour de r├®f├®rence null. [C:\Users\PC\SchoolManagementSystem\SchoolManagementSystem\SchoolManagementSystem.csproj]
C:\Users\PC\SchoolManagementSystem\SchoolManagementSystem\Repositories\AttendanceRepository.cs(28,16): warning CS8603: Existence possible d'un retour de r├®f├®rence null. [C:\Users\PC\SchoolManagementSystem\SchoolManagementSystem\SchoolManagementSystem.csproj]
C:\Users\PC\SchoolManagementSystem\SchoolManagementSystem\Repositories\TeacherRepository.cs(128,20): warning CS8603: Existence possible d'un retour de r├®f├®rence null. [C:\Users\PC\SchoolManagementSystem\SchoolManagementSystem\SchoolManagementSystem.csproj]
C:\Users\PC\SchoolManagementSystem\SchoolManagementSystem\Repositories\TeacherRepository.cs(138,20): warning CS8603: Existence possible d'un retour de r├®f├®rence null. [C:\Users\PC\SchoolManagementSystem\SchoolManagementSystem\SchoolManagementSystem.csproj]
C:\Users\PC\SchoolManagementSystem\SchoolManagementSystem\Repositories\GradeRepository.cs(55,16): warning CS8603: Existence possible d'un retour de r├®f├®rence null. [C:\Users\PC\SchoolManagementSystem\SchoolManagementSystem\SchoolManagementSystem.csproj]
C:\Users\PC\SchoolManagementSystem\SchoolManagementSystem\Repositories\StudentRepository.cs(29,20): warning CS8603: Existence possible d'un retour de r├®f├®rence null. [C:\Users\PC\SchoolManagementSystem\SchoolManagementSystem\SchoolManagementSystem.csproj]
C:\Users\PC\SchoolManagementSystem\SchoolManagementSystem\Repositories\StudentRepository.cs(66,20): warning CS8603: Existence possible d'un retour de r├®f├®rence null. [C:\Users\PC\SchoolManagementSystem\SchoolManagementSystem\SchoolManagementSystem.csproj]
C:\Users\PC\SchoolManagementSystem\SchoolManagementSystem\Repositories\StudentRepository.cs(93,20): warning CS8603: Existence possible d'un retour de r├®f├®rence null. [C:\Users\PC\SchoolManagementSystem\SchoolManagementSystem\SchoolManagementSystem.csproj]
C:\Users\PC\SchoolManagementSystem\SchoolManagementSystem\Repositories\GenericRepository.cs(14,16): warning CS8618: Le champ ┬½┬ácontext┬á┬╗ non-nullable doit contenir une valeur autre que Null lors de la fermeture du constructeur. Envisagez dÔÇÖajouter le modificateur ┬½┬árequired┬á┬╗ ou de d├®clarer le champ comme pouvant accepter la valeur Null. [C:\Users\PC\SchoolManagementSystem\SchoolManagementSystem\SchoolManagementSystem.csproj]
C:\Users\PC\SchoolManagementSystem\SchoolManagementSystem\Repositories\GenericRepository.cs(30,20): warning CS8603: Existence possible d'un retour de r├®f├®rence null. [C:\Users\PC\SchoolManagementSystem\SchoolManagementSystem\SchoolManagementSystem.csproj]
C:\Users\PC\SchoolManagementSystem\SchoolManagementSystem\Repositories\EmployeeRepository.cs(82,29): warning CS0472: Le r├®sultat de l'expression est toujours 'true', car une valeur de type 'Department' n'est jamais ├®gale ├á 'null' du type 'Department?' [C:\Users\PC\SchoolManagementSystem\SchoolManagementSystem\SchoolManagementSystem.csproj]
C:\Users\PC\SchoolManagementSystem\SchoolManagementSystem\Repositories\EmployeeRepository.cs(98,20): warning CS8603: Existence possible d'un retour de r├®f├®rence null. [C:\Users\PC\SchoolManagementSystem\SchoolManagementSystem\SchoolManagementSystem.csproj]
C:\Users\PC\SchoolManagementSystem\SchoolManagementSystem\Repositories\CourseRepository.cs(21,20): warning CS8603: Existence possible d'un retour de r├®f├®rence null. [C:\Users\PC\SchoolManagementSystem\SchoolManagementSystem\SchoolManagementSystem.csproj]
C:\Users\PC\SchoolManagementSystem\SchoolManagementSystem\Repositories\CourseRepository.cs(74,24): warning CS8603: Existence possible d'un retour de r├®f├®rence null. [C:\Users\PC\SchoolManagementSystem\SchoolManagementSystem\SchoolManagementSystem.csproj]
C:\Users\PC\SchoolManagementSystem\SchoolManagementSystem\Repositories\AlertRepository.cs(35,20): warning CS8603: Existence possible d'un retour de r├®f├®rence null. [C:\Users\PC\SchoolManagementSystem\SchoolManagementSystem\SchoolManagementSystem.csproj]
C:\Users\PC\SchoolManagementSystem\SchoolManagementSystem\Models\TeacherViewModel.cs(29,44): warning CS8603: Existence possible d'un retour de r├®f├®rence null. [C:\Users\PC\SchoolManagementSystem\SchoolManagementSystem\SchoolManagementSystem.csproj]
C:\Users\PC\SchoolManagementSystem\SchoolManagementSystem\Models\TeacherViewModel.cs(14,23): warning CS8618: Le propri├®t├® ┬½┬áUserId┬á┬╗ non-nullable doit contenir une valeur autre que Null lors de la fermeture du constructeur. Envisagez dÔÇÖajouter le modificateur ┬½┬árequired┬á┬╗ ou de d├®clarer le propri├®t├® comme pouvant accepter la valeur Null. [C:\Users\PC\SchoolManagementSystem\SchoolManagementSystem\SchoolManagementSystem.csproj]
C:\Users\PC\SchoolManagementSystem\SchoolManagementSystem\Models\TeacherViewModel.cs(18,23): warning CS8618: Le propri├®t├® ┬½┬áFirstName┬á┬╗ non-nullable doit contenir une valeur autre que Null lors de la fermeture du constructeur. Envisagez dÔÇÖajouter le modificateur ┬½┬árequired┬á┬╗ ou de d├®clarer le propri├®t├® comme pouvant accepter la valeur Null. [C:\Users\PC\SchoolManagementSystem\SchoolManagementSystem\SchoolManagementSystem.csproj]
C:\Users\PC\SchoolManagementSystem\SchoolManagementSystem\Models\TeacherViewModel.cs(22,23): warning CS8618: Le propri├®t├® ┬½┬áLastName┬á┬╗ non-nullable doit contenir une valeur autre que Null lors de la fermeture du constructeur. Envisagez dÔÇÖajouter le modificateur ┬½┬árequired┬á┬╗ ou de d├®clarer le propri├®t├® comme pouvant accepter la valeur Null. [C:\Users\PC\SchoolManagementSystem\SchoolManagementSystem\SchoolManagementSystem.csproj]
C:\Users\PC\SchoolManagementSystem\SchoolManagementSystem\Models\TeacherDashboardViewModel.cs(28,23): warning CS8618: Le propri├®t├® ┬½┬áName┬á┬╗ non-nullable doit contenir une valeur autre que Null lors de la fermeture du constructeur. Envisagez dÔÇÖajouter le modificateur ┬½┬árequired┬á┬╗ ou de d├®clarer le propri├®t├® comme pouvant accepter la valeur Null. [C:\Users\PC\SchoolManagementSystem\SchoolManagementSystem\SchoolManagementSystem.csproj]
C:\Users\PC\SchoolManagementSystem\SchoolManagementSystem\Models\TeacherDashboardViewModel.cs(18,23): warning CS8618: Le propri├®t├® ┬½┬áClassName┬á┬╗ non-nullable doit contenir une valeur autre que Null lors de la fermeture du constructeur. Envisagez dÔÇÖajouter le modificateur ┬½┬árequired┬á┬╗ ou de d├®clarer le propri├®t├® comme pouvant accepter la valeur Null. [C:\Users\PC\SchoolManagementSystem\SchoolManagementSystem\SchoolManagementSystem.csproj]
C:\Users\PC\SchoolManagementSystem\SchoolManagementSystem\Models\TeacherDashboardViewModel.cs(19,23): warning CS8618: Le propri├®t├® ┬½┬áCourseName┬á┬╗ non-nullable doit contenir une valeur autre que Null lors de la fermeture du constructeur. Envisagez dÔÇÖajouter le modificateur ┬½┬árequired┬á┬╗ ou de d├®clarer le propri├®t├® comme pouvant accepter la valeur Null. [C:\Users\PC\SchoolManagementSystem\SchoolManagementSystem\SchoolManagementSystem.csproj]
C:\Users\PC\SchoolManagementSystem\SchoolManagementSystem\Models\TeacherDashboardViewModel.cs(5,23): warning CS8618: Le propri├®t├® ┬½┬áTeacherName┬á┬╗ non-nullable doit contenir une valeur autre que Null lors de la fermeture du constructeur. Envisagez dÔÇÖajouter le modificateur ┬½┬árequired┬á┬╗ ou de d├®clarer le propri├®t├® comme pouvant accepter la valeur Null. [C:\Users\PC\SchoolManagementSystem\SchoolManagementSystem\SchoolManagementSystem.csproj]
C:\Users\PC\SchoolManagementSystem\SchoolManagementSystem\Models\SubjectViewModel.cs(13,23): warning CS8618: Le propri├®t├® ┬½┬áSubjectName┬á┬╗ non-nullable doit contenir une valeur autre que Null lors de la fermeture du constructeur. Envisagez dÔÇÖajouter le modificateur ┬½┬árequired┬á┬╗ ou de d├®clarer le propri├®t├® comme pouvant accepter la valeur Null. [C:\Users\PC\SchoolManagementSystem\SchoolManagementSystem\SchoolManagementSystem.csproj]
C:\Users\PC\SchoolManagementSystem\SchoolManagementSystem\Models\StudentViewModel.cs(13,23): warning CS8618: Le propri├®t├® ┬½┬áUserId┬á┬╗ non-nullable doit contenir une valeur autre que Null lors de la fermeture du constructeur. Envisagez dÔÇÖajouter le modificateur ┬½┬árequired┬á┬╗ ou de d├®clarer le propri├®t├® comme pouvant accepter la valeur Null. [C:\Users\PC\SchoolManagementSystem\SchoolManagementSystem\SchoolManagementSystem.csproj]
C:\Users\PC\SchoolManagementSystem\SchoolManagementSystem\Models\StudentViewModel.cs(17,23): warning CS8618: Le propri├®t├® ┬½┬áFirstName┬á┬╗ non-nullable doit contenir une valeur autre que Null lors de la fermeture du constructeur. Envisagez dÔÇÖajouter le modificateur ┬½┬árequired┬á┬╗ ou de d├®clarer le propri├®t├® comme pouvant accepter la valeur Null. [C:\Users\PC\SchoolManagementSystem\SchoolManagementSystem\SchoolManagementSystem.csproj]
C:\Users\PC\SchoolManagementSystem\SchoolManagementSystem\Models\StudentViewModel.cs(21,23): warning CS8618: Le propri├®t├® ┬½┬áLastName┬á┬╗ non-nullable doit contenir une valeur autre que Null lors de la fermeture du constructeur. Envisagez dÔÇÖajouter le modificateur ┬½┬árequired┬á┬╗ ou de d├®clarer le propri├®t├® comme pouvant accepter la valeur Null. [C:\Users\PC\SchoolManagementSystem\SchoolManagementSystem\SchoolManagementSystem.csproj]
C:\Users\PC\SchoolManagementSystem\SchoolManagementSystem\Models\StudentSubjectGradeViewModel.cs(7,24): warning CS8618: Le propri├®t├® ┬½┬áSubject┬á┬╗ non-nullable doit contenir une valeur autre que Null lors de la fermeture du constructeur. Envisagez dÔÇÖajouter le modificateur ┬½┬árequired┬á┬╗ ou de d├®clarer le propri├®t├® comme pouvant accepter la valeur Null. [C:\Users\PC\SchoolManagementSystem\SchoolManagementSystem\SchoolManagementSystem.csproj]
C:\Users\PC\SchoolManagementSystem\SchoolManagementSystem\Models\StudentSubjectGradeViewModel.cs(8,22): warning CS8618: Le propri├®t├® ┬½┬áGrade┬á┬╗ non-nullable doit contenir une valeur autre que Null lors de la fermeture du constructeur. Envisagez dÔÇÖajouter le modificateur ┬½┬árequired┬á┬╗ ou de d├®clarer le propri├®t├® comme pouvant accepter la valeur Null. [C:\Users\PC\SchoolManagementSystem\SchoolManagementSystem\SchoolManagementSystem.csproj]
C:\Users\PC\SchoolManagementSystem\SchoolManagementSystem\Models\StudentSubjectGradeViewModel.cs(10,23): warning CS8618: Le propri├®t├® ┬½┬áStudentName┬á┬╗ non-nullable doit contenir une valeur autre que Null lors de la fermeture du constructeur. Envisagez dÔÇÖajouter le modificateur ┬½┬árequired┬á┬╗ ou de d├®clarer le propri├®t├® comme pouvant accepter la valeur Null. [C:\Users\PC\SchoolManagementSystem\SchoolManagementSystem\SchoolManagementSystem.csproj]
C:\Users\PC\SchoolManagementSystem\SchoolManagementSystem\Models\StudentSubjectAttendanceViewModel.cs(9,24): warning CS8618: Le propri├®t├® ┬½┬áSubject┬á┬╗ non-nullable doit contenir une valeur autre que Null lors de la fermeture du constructeur. Envisagez dÔÇÖajouter le modificateur ┬½┬árequired┬á┬╗ ou de d├®clarer le propri├®t├® comme pouvant accepter la valeur Null. [C:\Users\PC\SchoolManagementSystem\SchoolManagementSystem\SchoolManagementSystem.csproj]
C:\Users\PC\SchoolManagementSystem\SchoolManagementSystem\Models\StudentSubjectAttendanceViewModel.cs(10,27): warning CS8618: Le propri├®t├® ┬½┬áAttendance┬á┬╗ non-nullable doit contenir une valeur autre que Null lors de la fermeture du constructeur. Envisagez dÔÇÖajouter le modificateur ┬½┬árequired┬á┬╗ ou de d├®clarer le propri├®t├® comme pouvant accepter la valeur Null. [C:\Users\PC\SchoolManagementSystem\SchoolManagementSystem\SchoolManagementSystem.csproj]
C:\Users\PC\SchoolManagementSystem\SchoolManagementSystem\Models\StudentSubjectAttendanceViewModel.cs(12,23): warning CS8618: Le propri├®t├® ┬½┬áStudentName┬á┬╗ non-nullable doit contenir une valeur autre que Null lors de la fermeture du constructeur. Envisagez dÔÇÖajouter le modificateur ┬½┬árequired┬á┬╗ ou de d├®clarer le propri├®t├® comme pouvant accepter la valeur Null. [C:\Users\PC\SchoolManagementSystem\SchoolManagementSystem\SchoolManagementSystem.csproj]
C:\Users\PC\SchoolManagementSystem\SchoolManagementSystem\Models\StudentSubjectAttendanceViewModel.cs(18,33): warning CS8618: Le propri├®t├® ┬½┬áAllAttendances┬á┬╗ non-nullable doit contenir une valeur autre que Null lors de la fermeture du constructeur. Envisagez dÔÇÖajouter le modificateur ┬½┬árequired┬á┬╗ ou de d├®clarer le propri├®t├® comme pouvant accepter la valeur Null. [C:\Users\PC\SchoolManagementSystem\SchoolManagementSystem\SchoolManagementSystem.csproj]
C:\Users\PC\SchoolManagementSystem\SchoolManagementSystem\Models\StudentGradeAverageViewModel.cs(8,24): warning CS8618: Le propri├®t├® ┬½┬áStudent┬á┬╗ non-nullable doit contenir une valeur autre que Null lors de la fermeture du constructeur. Envisagez dÔÇÖajouter le modificateur ┬½┬árequired┬á┬╗ ou de d├®clarer le propri├®t├® comme pouvant accepter la valeur Null. [C:\Users\PC\SchoolManagementSystem\SchoolManagementSystem\SchoolManagementSystem.csproj]
C:\Users\PC\SchoolManagementSystem\SchoolManagementSystem\Models\StudentAttendanceViewModel.cs(9,24): warning CS8618: Le propri├®t├® ┬½┬áStudent┬á┬╗ non-nullable doit contenir une valeur autre que Null lors de la fermeture du constructeur. Envisagez dÔÇÖajouter le modificateur ┬½┬árequired┬á┬╗ ou de d├®clarer le propri├®t├® comme pouvant accepter la valeur Null. [C:\Users\PC\SchoolManagementSystem\SchoolManagementSystem\SchoolManagementSystem.csproj]
C:\Users\PC\SchoolManagementSystem\SchoolManagementSystem\Models\StudentAttendanceViewModel.cs(10,33): warning CS8618: Le propri├®t├® ┬½┬áAttendances┬á┬╗ non-nullable doit contenir une valeur autre que Null lors de la fermeture du constructeur. Envisagez dÔÇÖajouter le modificateur ┬½┬árequired┬á┬╗ ou de d├®clarer le propri├®t├® comme pouvant accepter la valeur Null. [C:\Users\PC\SchoolManagementSystem\SchoolManagementSystem\SchoolManagementSystem.csproj]
C:\Users\PC\SchoolManagementSystem\SchoolManagementSystem\Models\SchoolClassViewModel.cs(14,23): warning CS8618: Le propri├®t├® ┬½┬áClassName┬á┬╗ non-nullable doit contenir une valeur autre que Null lors de la fermeture du constructeur. Envisagez dÔÇÖajouter le modificateur ┬½┬árequired┬á┬╗ ou de d├®clarer le propri├®t├® comme pouvant accepter la valeur Null. [C:\Users\PC\SchoolManagementSystem\SchoolManagementSystem\SchoolManagementSystem.csproj]
C:\Users\PC\SchoolManagementSystem\SchoolManagementSystem\Models\ResetPasswordViewModel.cs(9,23): warning CS8618: Le propri├®t├® ┬½┬áEmail┬á┬╗ non-nullable doit contenir une valeur autre que Null lors de la fermeture du constructeur. Envisagez dÔÇÖajouter le modificateur ┬½┬árequired┬á┬╗ ou de d├®clarer le propri├®t├® comme pouvant accepter la valeur Null. [C:\Users\PC\SchoolManagementSystem\SchoolManagementSystem\SchoolManagementSystem.csproj]
C:\Users\PC\SchoolManagementSystem\SchoolManagementSystem\Models\ResetPasswordViewModel.cs(12,23): warning CS8618: Le propri├®t├® ┬½┬áToken┬á┬╗ non-nullable doit contenir une valeur autre que Null lors de la fermeture du constructeur. Envisagez dÔÇÖajouter le modificateur ┬½┬árequired┬á┬╗ ou de d├®clarer le propri├®t├® comme pouvant accepter la valeur Null. [C:\Users\PC\SchoolManagementSystem\SchoolManagementSystem\SchoolManagementSystem.csproj]
C:\Users\PC\SchoolManagementSystem\SchoolManagementSystem\Models\ResetPasswordViewModel.cs(16,23): warning CS8618: Le propri├®t├® ┬½┬áPassword┬á┬╗ non-nullable doit contenir une valeur autre que Null lors de la fermeture du constructeur. Envisagez dÔÇÖajouter le modificateur ┬½┬árequired┬á┬╗ ou de d├®clarer le propri├®t├® comme pouvant accepter la valeur Null. [C:\Users\PC\SchoolManagementSystem\SchoolManagementSystem\SchoolManagementSystem.csproj]
C:\Users\PC\SchoolManagementSystem\SchoolManagementSystem\Models\ResetPasswordViewModel.cs(21,23): warning CS8618: Le propri├®t├® ┬½┬áConfirmPassword┬á┬╗ non-nullable doit contenir une valeur autre que Null lors de la fermeture du constructeur. Envisagez dÔÇÖajouter le modificateur ┬½┬árequired┬á┬╗ ou de d├®clarer le propri├®t├® comme pouvant accepter la valeur Null. [C:\Users\PC\SchoolManagementSystem\SchoolManagementSystem\SchoolManagementSystem.csproj]
C:\Users\PC\SchoolManagementSystem\SchoolManagementSystem\Models\RegisterNewUserViewModel.cs(9,23): warning CS8618: Le propri├®t├® ┬½┬áFirstName┬á┬╗ non-nullable doit contenir une valeur autre que Null lors de la fermeture du constructeur. Envisagez dÔÇÖajouter le modificateur ┬½┬árequired┬á┬╗ ou de d├®clarer le propri├®t├® comme pouvant accepter la valeur Null. [C:\Users\PC\SchoolManagementSystem\SchoolManagementSystem\SchoolManagementSystem.csproj]
C:\Users\PC\SchoolManagementSystem\SchoolManagementSystem\Models\RegisterNewUserViewModel.cs(13,23): warning CS8618: Le propri├®t├® ┬½┬áLastName┬á┬╗ non-nullable doit contenir une valeur autre que Null lors de la fermeture du constructeur. Envisagez dÔÇÖajouter le modificateur ┬½┬árequired┬á┬╗ ou de d├®clarer le propri├®t├® comme pouvant accepter la valeur Null. [C:\Users\PC\SchoolManagementSystem\SchoolManagementSystem\SchoolManagementSystem.csproj]
C:\Users\PC\SchoolManagementSystem\SchoolManagementSystem\Models\RegisterNewUserViewModel.cs(18,23): warning CS8618: Le propri├®t├® ┬½┬áUsername┬á┬╗ non-nullable doit contenir une valeur autre que Null lors de la fermeture du constructeur. Envisagez dÔÇÖajouter le modificateur ┬½┬árequired┬á┬╗ ou de d├®clarer le propri├®t├® comme pouvant accepter la valeur Null. [C:\Users\PC\SchoolManagementSystem\SchoolManagementSystem\SchoolManagementSystem.csproj]
C:\Users\PC\SchoolManagementSystem\SchoolManagementSystem\Models\RegisterNewUserViewModel.cs(21,23): warning CS8618: Le propri├®t├® ┬½┬áAddress┬á┬╗ non-nullable doit contenir une valeur autre que Null lors de la fermeture du constructeur. Envisagez dÔÇÖajouter le modificateur ┬½┬árequired┬á┬╗ ou de d├®clarer le propri├®t├® comme pouvant accepter la valeur Null. [C:\Users\PC\SchoolManagementSystem\SchoolManagementSystem\SchoolManagementSystem.csproj]
C:\Users\PC\SchoolManagementSystem\SchoolManagementSystem\Models\RegisterNewUserViewModel.cs(25,23): warning CS8618: Le propri├®t├® ┬½┬áPhoneNumber┬á┬╗ non-nullable doit contenir une valeur autre que Null lors de la fermeture du constructeur. Envisagez dÔÇÖajouter le modificateur ┬½┬árequired┬á┬╗ ou de d├®clarer le propri├®t├® comme pouvant accepter la valeur Null. [C:\Users\PC\SchoolManagementSystem\SchoolManagementSystem\SchoolManagementSystem.csproj]
C:\Users\PC\SchoolManagementSystem\SchoolManagementSystem\Models\RecoverPasswordViewModel.cs(9,23): warning CS8618: Le propri├®t├® ┬½┬áEmail┬á┬╗ non-nullable doit contenir une valeur autre que Null lors de la fermeture du constructeur. Envisagez dÔÇÖajouter le modificateur ┬½┬árequired┬á┬╗ ou de d├®clarer le propri├®t├® comme pouvant accepter la valeur Null. [C:\Users\PC\SchoolManagementSystem\SchoolManagementSystem\SchoolManagementSystem.csproj]
C:\Users\PC\SchoolManagementSystem\SchoolManagementSystem\Models\LoginViewModel.cs(10,23): warning CS8618: Le propri├®t├® ┬½┬áUsername┬á┬╗ non-nullable doit contenir une valeur autre que Null lors de la fermeture du constructeur. Envisagez dÔÇÖajouter le modificateur ┬½┬árequired┬á┬╗ ou de d├®clarer le propri├®t├® comme pouvant accepter la valeur Null. [C:\Users\PC\SchoolManagementSystem\SchoolManagementSystem\SchoolManagementSystem.csproj]
C:\Users\PC\SchoolManagementSystem\SchoolManagementSystem\Models\LoginViewModel.cs(15,23): warning CS8618: Le propri├®t├® ┬½┬áPassword┬á┬╗ non-nullable doit contenir une valeur autre que Null lors de la fermeture du constructeur. Envisagez dÔÇÖajouter le modificateur ┬½┬árequired┬á┬╗ ou de d├®clarer le propri├®t├® comme pouvant accepter la valeur Null. [C:\Users\PC\SchoolManagementSystem\SchoolManagementSystem\SchoolManagementSystem.csproj]
C:\Users\PC\SchoolManagementSystem\SchoolManagementSystem\Models\HomeViewModel.cs(5,45): warning CS8618: Le propri├®t├® ┬½┬áCourses┬á┬╗ non-nullable doit contenir une valeur autre que Null lors de la fermeture du constructeur. Envisagez dÔÇÖajouter le modificateur ┬½┬árequired┬á┬╗ ou de d├®clarer le propri├®t├® comme pouvant accepter la valeur Null. [C:\Users\PC\SchoolManagementSystem\SchoolManagementSystem\SchoolManagementSystem.csproj]
C:\Users\PC\SchoolManagementSystem\SchoolManagementSystem\Models\HomeViewModel.cs(6,50): warning CS8618: Le propri├®t├® ┬½┬áSchoolClasses┬á┬╗ non-nullable doit contenir une valeur autre que Null lors de la fermeture du constructeur. Envisagez dÔÇÖajouter le modificateur ┬½┬árequired┬á┬╗ ou de d├®clarer le propri├®t├® comme pouvant accepter la valeur Null. [C:\Users\PC\SchoolManagementSystem\SchoolManagementSystem\SchoolManagementSystem.csproj]
C:\Users\PC\SchoolManagementSystem\SchoolManagementSystem\Models\GradeViewModel.cs(16,23): warning CS8618: Le propri├®t├® ┬½┬áStudentName┬á┬╗ non-nullable doit contenir une valeur autre que Null lors de la fermeture du constructeur. Envisagez dÔÇÖajouter le modificateur ┬½┬árequired┬á┬╗ ou de d├®clarer le propri├®t├® comme pouvant accepter la valeur Null. [C:\Users\PC\SchoolManagementSystem\SchoolManagementSystem\SchoolManagementSystem.csproj]
C:\Users\PC\SchoolManagementSystem\SchoolManagementSystem\Models\GradeViewModel.cs(20,23): warning CS8618: Le propri├®t├® ┬½┬áSubjectName┬á┬╗ non-nullable doit contenir une valeur autre que Null lors de la fermeture du constructeur. Envisagez dÔÇÖajouter le modificateur ┬½┬árequired┬á┬╗ ou de d├®clarer le propri├®t├® comme pouvant accepter la valeur Null. [C:\Users\PC\SchoolManagementSystem\SchoolManagementSystem\SchoolManagementSystem.csproj]
C:\Users\PC\SchoolManagementSystem\SchoolManagementSystem\Models\ErrorViewModel.cs(5,23): warning CS8618: Le propri├®t├® ┬½┬áRequestId┬á┬╗ non-nullable doit contenir une valeur autre que Null lors de la fermeture du constructeur. Envisagez dÔÇÖajouter le modificateur ┬½┬árequired┬á┬╗ ou de d├®clarer le propri├®t├® comme pouvant accepter la valeur Null. [C:\Users\PC\SchoolManagementSystem\SchoolManagementSystem\SchoolManagementSystem.csproj]
C:\Users\PC\SchoolManagementSystem\SchoolManagementSystem\Models\ErrorViewModel.cs(7,23): warning CS8618: Le propri├®t├® ┬½┬áMessage┬á┬╗ non-nullable doit contenir une valeur autre que Null lors de la fermeture du constructeur. Envisagez dÔÇÖajouter le modificateur ┬½┬árequired┬á┬╗ ou de d├®clarer le propri├®t├® comme pouvant accepter la valeur Null. [C:\Users\PC\SchoolManagementSystem\SchoolManagementSystem\SchoolManagementSystem.csproj]
C:\Users\PC\SchoolManagementSystem\SchoolManagementSystem\Models\ErrorViewModel.cs(8,23): warning CS8618: Le propri├®t├® ┬½┬áStackTrace┬á┬╗ non-nullable doit contenir une valeur autre que Null lors de la fermeture du constructeur. Envisagez dÔÇÖajouter le modificateur ┬½┬árequired┬á┬╗ ou de d├®clarer le propri├®t├® comme pouvant accepter la valeur Null. [C:\Users\PC\SchoolManagementSystem\SchoolManagementSystem\SchoolManagementSystem.csproj]
C:\Users\PC\SchoolManagementSystem\SchoolManagementSystem\Models\EmployeeViewModel.cs(12,23): warning CS8618: Le propri├®t├® ┬½┬áUserId┬á┬╗ non-nullable doit contenir une valeur autre que Null lors de la fermeture du constructeur. Envisagez dÔÇÖajouter le modificateur ┬½┬árequired┬á┬╗ ou de d├®clarer le propri├®t├® comme pouvant accepter la valeur Null. [C:\Users\PC\SchoolManagementSystem\SchoolManagementSystem\SchoolManagementSystem.csproj]
C:\Users\PC\SchoolManagementSystem\SchoolManagementSystem\Models\EmployeeViewModel.cs(17,23): warning CS8618: Le propri├®t├® ┬½┬áFirstName┬á┬╗ non-nullable doit contenir une valeur autre que Null lors de la fermeture du constructeur. Envisagez dÔÇÖajouter le modificateur ┬½┬árequired┬á┬╗ ou de d├®clarer le propri├®t├® comme pouvant accepter la valeur Null. [C:\Users\PC\SchoolManagementSystem\SchoolManagementSystem\SchoolManagementSystem.csproj]
C:\Users\PC\SchoolManagementSystem\SchoolManagementSystem\Models\EmployeeViewModel.cs(22,23): warning CS8618: Le propri├®t├® ┬½┬áLastName┬á┬╗ non-nullable doit contenir une valeur autre que Null lors de la fermeture du constructeur. Envisagez dÔÇÖajouter le modificateur ┬½┬árequired┬á┬╗ ou de d├®clarer le propri├®t├® comme pouvant accepter la valeur Null. [C:\Users\PC\SchoolManagementSystem\SchoolManagementSystem\SchoolManagementSystem.csproj]
C:\Users\PC\SchoolManagementSystem\SchoolManagementSystem\Models\EmployeeViewModel.cs(40,23): warning CS8618: Le propri├®t├® ┬½┬áPhoneNumber┬á┬╗ non-nullable doit contenir une valeur autre que Null lors de la fermeture du constructeur. Envisagez dÔÇÖajouter le modificateur ┬½┬árequired┬á┬╗ ou de d├®clarer le propri├®t├® comme pouvant accepter la valeur Null. [C:\Users\PC\SchoolManagementSystem\SchoolManagementSystem\SchoolManagementSystem.csproj]
C:\Users\PC\SchoolManagementSystem\SchoolManagementSystem\Models\CourseViewModel.cs(15,23): warning CS8618: Le propri├®t├® ┬½┬áName┬á┬╗ non-nullable doit contenir une valeur autre que Null lors de la fermeture du constructeur. Envisagez dÔÇÖajouter le modificateur ┬½┬árequired┬á┬╗ ou de d├®clarer le propri├®t├® comme pouvant accepter la valeur Null. [C:\Users\PC\SchoolManagementSystem\SchoolManagementSystem\SchoolManagementSystem.csproj]
C:\Users\PC\SchoolManagementSystem\SchoolManagementSystem\Models\CourseViewModel.cs(18,23): warning CS8618: Le propri├®t├® ┬½┬áDescription┬á┬╗ non-nullable doit contenir une valeur autre que Null lors de la fermeture du constructeur. Envisagez dÔÇÖajouter le modificateur ┬½┬árequired┬á┬╗ ou de d├®clarer le propri├®t├® comme pouvant accepter la valeur Null. [C:\Users\PC\SchoolManagementSystem\SchoolManagementSystem\SchoolManagementSystem.csproj]
C:\Users\PC\SchoolManagementSystem\SchoolManagementSystem\Models\ChangeUserViewModel.cs(10,23): warning CS8618: Le propri├®t├® ┬½┬áFirstName┬á┬╗ non-nullable doit contenir une valeur autre que Null lors de la fermeture du constructeur. Envisagez dÔÇÖajouter le modificateur ┬½┬árequired┬á┬╗ ou de d├®clarer le propri├®t├® comme pouvant accepter la valeur Null. [C:\Users\PC\SchoolManagementSystem\SchoolManagementSystem\SchoolManagementSystem.csproj]
C:\Users\PC\SchoolManagementSystem\SchoolManagementSystem\Models\ChangeUserViewModel.cs(15,23): warning CS8618: Le propri├®t├® ┬½┬áLastName┬á┬╗ non-nullable doit contenir une valeur autre que Null lors de la fermeture du constructeur. Envisagez dÔÇÖajouter le modificateur ┬½┬árequired┬á┬╗ ou de d├®clarer le propri├®t├® comme pouvant accepter la valeur Null. [C:\Users\PC\SchoolManagementSystem\SchoolManagementSystem\SchoolManagementSystem.csproj]
C:\Users\PC\SchoolManagementSystem\SchoolManagementSystem\Models\ChangeUserViewModel.cs(19,23): warning CS8618: Le propri├®t├® ┬½┬áAddress┬á┬╗ non-nullable doit contenir une valeur autre que Null lors de la fermeture du constructeur. Envisagez dÔÇÖajouter le modificateur ┬½┬árequired┬á┬╗ ou de d├®clarer le propri├®t├® comme pouvant accepter la valeur Null. [C:\Users\PC\SchoolManagementSystem\SchoolManagementSystem\SchoolManagementSystem.csproj]
C:\Users\PC\SchoolManagementSystem\SchoolManagementSystem\Models\ChangeUserViewModel.cs(24,23): warning CS8618: Le propri├®t├® ┬½┬áPhoneNumber┬á┬╗ non-nullable doit contenir une valeur autre que Null lors de la fermeture du constructeur. Envisagez dÔÇÖajouter le modificateur ┬½┬árequired┬á┬╗ ou de d├®clarer le propri├®t├® comme pouvant accepter la valeur Null. [C:\Users\PC\SchoolManagementSystem\SchoolManagementSystem\SchoolManagementSystem.csproj]
C:\Users\PC\SchoolManagementSystem\SchoolManagementSystem\Models\ChangePasswordViewModel.cs(10,23): warning CS8618: Le propri├®t├® ┬½┬áOldPassword┬á┬╗ non-nullable doit contenir une valeur autre que Null lors de la fermeture du constructeur. Envisagez dÔÇÖajouter le modificateur ┬½┬árequired┬á┬╗ ou de d├®clarer le propri├®t├® comme pouvant accepter la valeur Null. [C:\Users\PC\SchoolManagementSystem\SchoolManagementSystem\SchoolManagementSystem.csproj]
C:\Users\PC\SchoolManagementSystem\SchoolManagementSystem\Models\ChangePasswordViewModel.cs(15,23): warning CS8618: Le propri├®t├® ┬½┬áNewPassword┬á┬╗ non-nullable doit contenir une valeur autre que Null lors de la fermeture du constructeur. Envisagez dÔÇÖajouter le modificateur ┬½┬árequired┬á┬╗ ou de d├®clarer le propri├®t├® comme pouvant accepter la valeur Null. [C:\Users\PC\SchoolManagementSystem\SchoolManagementSystem\SchoolManagementSystem.csproj]
C:\Users\PC\SchoolManagementSystem\SchoolManagementSystem\Models\ChangePasswordViewModel.cs(21,23): warning CS8618: Le propri├®t├® ┬½┬áConfirm┬á┬╗ non-nullable doit contenir une valeur autre que Null lors de la fermeture du constructeur. Envisagez dÔÇÖajouter le modificateur ┬½┬árequired┬á┬╗ ou de d├®clarer le propri├®t├® comme pouvant accepter la valeur Null. [C:\Users\PC\SchoolManagementSystem\SchoolManagementSystem\SchoolManagementSystem.csproj]
C:\Users\PC\SchoolManagementSystem\SchoolManagementSystem\Models\ChangeFirstPasswordViewModel.cs(9,23): warning CS8618: Le propri├®t├® ┬½┬áEmail┬á┬╗ non-nullable doit contenir une valeur autre que Null lors de la fermeture du constructeur. Envisagez dÔÇÖajouter le modificateur ┬½┬árequired┬á┬╗ ou de d├®clarer le propri├®t├® comme pouvant accepter la valeur Null. [C:\Users\PC\SchoolManagementSystem\SchoolManagementSystem\SchoolManagementSystem.csproj]
C:\Users\PC\SchoolManagementSystem\SchoolManagementSystem\Models\ChangeFirstPasswordViewModel.cs(12,23): warning CS8618: Le propri├®t├® ┬½┬áTemporaryPassword┬á┬╗ non-nullable doit contenir une valeur autre que Null lors de la fermeture du constructeur. Envisagez dÔÇÖajouter le modificateur ┬½┬árequired┬á┬╗ ou de d├®clarer le propri├®t├® comme pouvant accepter la valeur Null. [C:\Users\PC\SchoolManagementSystem\SchoolManagementSystem\SchoolManagementSystem.csproj]
C:\Users\PC\SchoolManagementSystem\SchoolManagementSystem\Models\ChangeFirstPasswordViewModel.cs(16,23): warning CS8618: Le propri├®t├® ┬½┬áNewPassword┬á┬╗ non-nullable doit contenir une valeur autre que Null lors de la fermeture du constructeur. Envisagez dÔÇÖajouter le modificateur ┬½┬árequired┬á┬╗ ou de d├®clarer le propri├®t├® comme pouvant accepter la valeur Null. [C:\Users\PC\SchoolManagementSystem\SchoolManagementSystem\SchoolManagementSystem.csproj]
C:\Users\PC\SchoolManagementSystem\SchoolManagementSystem\Models\ChangeFirstPasswordViewModel.cs(21,23): warning CS8618: Le propri├®t├® ┬½┬áConfirmNewPassword┬á┬╗ non-nullable doit contenir une valeur autre que Null lors de la fermeture du constructeur. Envisagez dÔÇÖajouter le modificateur ┬½┬árequired┬á┬╗ ou de d├®clarer le propri├®t├® comme pouvant accepter la valeur Null. [C:\Users\PC\SchoolManagementSystem\SchoolManagementSystem\SchoolManagementSystem.csproj]
C:\Users\PC\SchoolManagementSystem\SchoolManagementSystem\Models\AttendanceViewModel.cs(12,23): warning CS8618: Le propri├®t├® ┬½┬áStudentName┬á┬╗ non-nullable doit contenir une valeur autre que Null lors de la fermeture du constructeur. Envisagez dÔÇÖajouter le modificateur ┬½┬árequired┬á┬╗ ou de d├®clarer le propri├®t├® comme pouvant accepter la valeur Null. [C:\Users\PC\SchoolManagementSystem\SchoolManagementSystem\SchoolManagementSystem.csproj]
C:\Users\PC\SchoolManagementSystem\SchoolManagementSystem\Models\AttendanceViewModel.cs(16,23): warning CS8618: Le propri├®t├® ┬½┬áSubjectName┬á┬╗ non-nullable doit contenir une valeur autre que Null lors de la fermeture du constructeur. Envisagez dÔÇÖajouter le modificateur ┬½┬árequired┬á┬╗ ou de d├®clarer le propri├®t├® comme pouvant accepter la valeur Null. [C:\Users\PC\SchoolManagementSystem\SchoolManagementSystem\SchoolManagementSystem.csproj]
C:\Users\PC\SchoolManagementSystem\SchoolManagementSystem\Models\AssignRoleViewModel.cs(5,23): warning CS8618: Le propri├®t├® ┬½┬áUserId┬á┬╗ non-nullable doit contenir une valeur autre que Null lors de la fermeture du constructeur. Envisagez dÔÇÖajouter le modificateur ┬½┬árequired┬á┬╗ ou de d├®clarer le propri├®t├® comme pouvant accepter la valeur Null. [C:\Users\PC\SchoolManagementSystem\SchoolManagementSystem\SchoolManagementSystem.csproj]
C:\Users\PC\SchoolManagementSystem\SchoolManagementSystem\Models\AssignRoleViewModel.cs(6,23): warning CS8618: Le propri├®t├® ┬½┬áSelectedRole┬á┬╗ non-nullable doit contenir une valeur autre que Null lors de la fermeture du constructeur. Envisagez dÔÇÖajouter le modificateur ┬½┬árequired┬á┬╗ ou de d├®clarer le propri├®t├® comme pouvant accepter la valeur Null. [C:\Users\PC\SchoolManagementSystem\SchoolManagementSystem\SchoolManagementSystem.csproj]
C:\Users\PC\SchoolManagementSystem\SchoolManagementSystem\Models\AlertViewModel.cs(9,23): warning CS8618: Le propri├®t├® ┬½┬áMessage┬á┬╗ non-nullable doit contenir une valeur autre que Null lors de la fermeture du constructeur. Envisagez dÔÇÖajouter le modificateur ┬½┬árequired┬á┬╗ ou de d├®clarer le propri├®t├® comme pouvant accepter la valeur Null. [C:\Users\PC\SchoolManagementSystem\SchoolManagementSystem\SchoolManagementSystem.csproj]
C:\Users\PC\SchoolManagementSystem\SchoolManagementSystem\Views\Dashboard\TeacherDashboard.cshtml(22,52): warning CS8602: D├®r├®f├®rencement d'une ├®ventuelle r├®f├®rence null. [C:\Users\PC\SchoolManagementSystem\SchoolManagementSystem\SchoolManagementSystem.csproj]
C:\Users\PC\SchoolManagementSystem\SchoolManagementSystem\Helpers\UserHelper.cs(81,20): warning CS8603: Existence possible d'un retour de r├®f├®rence null. [C:\Users\PC\SchoolManagementSystem\SchoolManagementSystem\SchoolManagementSystem.csproj]
C:\Users\PC\SchoolManagementSystem\SchoolManagementSystem\Helpers\UserHelper.cs(86,20): warning CS8603: Existence possible d'un retour de r├®f├®rence null. [C:\Users\PC\SchoolManagementSystem\SchoolManagementSystem\SchoolManagementSystem.csproj]
C:\Users\PC\SchoolManagementSystem\SchoolManagementSystem\Helpers\UserHelper.cs(165,20): warning CS8603: Existence possible d'un retour de r├®f├®rence null. [C:\Users\PC\SchoolManagementSystem\SchoolManagementSystem\SchoolManagementSystem.csproj]
C:\Users\PC\SchoolManagementSystem\SchoolManagementSystem\Helpers\UserHelper.cs(207,38): warning CS8603: Existence possible d'un retour de r├®f├®rence null. [C:\Users\PC\SchoolManagementSystem\SchoolManagementSystem\SchoolManagementSystem.csproj]
C:\Users\PC\SchoolManagementSystem\SchoolManagementSystem\Helpers\Response.cs(10,23): warning CS8618: Le propri├®t├® ┬½┬áMessage┬á┬╗ non-nullable doit contenir une valeur autre que Null lors de la fermeture du constructeur. Envisagez dÔÇÖajouter le modificateur ┬½┬árequired┬á┬╗ ou de d├®clarer le propri├®t├® comme pouvant accepter la valeur Null. [C:\Users\PC\SchoolManagementSystem\SchoolManagementSystem\SchoolManagementSystem.csproj]
C:\Users\PC\SchoolManagementSystem\SchoolManagementSystem\Helpers\Response.cs(13,23): warning CS8618: Le champ ┬½┬áResults┬á┬╗ non-nullable doit contenir une valeur autre que Null lors de la fermeture du constructeur. Envisagez dÔÇÖajouter le modificateur ┬½┬árequired┬á┬╗ ou de d├®clarer le champ comme pouvant accepter la valeur Null. [C:\Users\PC\SchoolManagementSystem\SchoolManagementSystem\SchoolManagementSystem.csproj]
C:\Users\PC\SchoolManagementSystem\SchoolManagementSystem\Helpers\MailHelper.cs(21,34): warning CS8604: Existence possible d'un argument de r├®f├®rence null pour le param├¿tre 's' dans 'int int.Parse(string s)'. [C:\Users\PC\SchoolManagementSystem\SchoolManagementSystem\SchoolManagementSystem.csproj]
C:\Users\PC\SchoolManagementSystem\SchoolManagementSystem\Helpers\ConverterHelper.cs(55,31): warning CS8601: Existence possible d'une assignation de r├®f├®rence null. [C:\Users\PC\SchoolManagementSystem\SchoolManagementSystem\SchoolManagementSystem.csproj]
C:\Users\PC\SchoolManagementSystem\SchoolManagementSystem\Helpers\ConverterHelper.cs(178,24): warning CS8603: Existence possible d'un retour de r├®f├®rence null. [C:\Users\PC\SchoolManagementSystem\SchoolManagementSystem\SchoolManagementSystem.csproj]
C:\Users\PC\SchoolManagementSystem\SchoolManagementSystem\Helpers\ConverterHelper.cs(244,24): warning CS8603: Existence possible d'un retour de r├®f├®rence null. [C:\Users\PC\SchoolManagementSystem\SchoolManagementSystem\SchoolManagementSystem.csproj]
C:\Users\PC\SchoolManagementSystem\SchoolManagementSystem\Helpers\ConverterHelper.cs(279,24): warning CS8603: Existence possible d'un retour de r├®f├®rence null. [C:\Users\PC\SchoolManagementSystem\SchoolManagementSystem\SchoolManagementSystem.csproj]
C:\Users\PC\SchoolManagementSystem\SchoolManagementSystem\Helpers\ConverterHelper.cs(309,24): warning CS8603: Existence possible d'un retour de r├®f├®rence null. [C:\Users\PC\SchoolManagementSystem\SchoolManagementSystem\SchoolManagementSystem.csproj]
C:\Users\PC\SchoolManagementSystem\SchoolManagementSystem\Helpers\ConverterHelper.cs(341,24): warning CS8603: Existence possible d'un retour de r├®f├®rence null. [C:\Users\PC\SchoolManagementSystem\SchoolManagementSystem\SchoolManagementSystem.csproj]
C:\Users\PC\SchoolManagementSystem\SchoolManagementSystem\Controllers\AccountController.cs(30,17): warning CS8602: D├®r├®f├®rencement d'une ├®ventuelle r├®f├®rence null. [C:\Users\PC\SchoolManagementSystem\SchoolManagementSystem\SchoolManagementSystem.csproj]
C:\Users\PC\SchoolManagementSystem\SchoolManagementSystem\Controllers\AccountController.cs(155,62): warning CS8602: D├®r├®f├®rencement d'une ├®ventuelle r├®f├®rence null. [C:\Users\PC\SchoolManagementSystem\SchoolManagementSystem\SchoolManagementSystem.csproj]
C:\Users\PC\SchoolManagementSystem\SchoolManagementSystem\Controllers\AccountController.cs(155,62): warning CS8604: Existence possible d'un argument de r├®f├®rence null pour le param├¿tre 'email' dans 'Task<User> IUserHelper.GetUserByEmailAsync(string email)'. [C:\Users\PC\SchoolManagementSystem\SchoolManagementSystem\SchoolManagementSystem.csproj]
C:\Users\PC\SchoolManagementSystem\SchoolManagementSystem\Controllers\AccountController.cs(164,27): warning CS8601: Existence possible d'une assignation de r├®f├®rence null. [C:\Users\PC\SchoolManagementSystem\SchoolManagementSystem\SchoolManagementSystem.csproj]
C:\Users\PC\SchoolManagementSystem\SchoolManagementSystem\Controllers\AccountController.cs(165,31): warning CS8601: Existence possible d'une assignation de r├®f├®rence null. [C:\Users\PC\SchoolManagementSystem\SchoolManagementSystem\SchoolManagementSystem.csproj]
C:\Users\PC\SchoolManagementSystem\SchoolManagementSystem\Controllers\AccountController.cs(177,62): warning CS8602: D├®r├®f├®rencement d'une ├®ventuelle r├®f├®rence null. [C:\Users\PC\SchoolManagementSystem\SchoolManagementSystem\SchoolManagementSystem.csproj]
C:\Users\PC\SchoolManagementSystem\SchoolManagementSystem\Controllers\AccountController.cs(177,62): warning CS8604: Existence possible d'un argument de r├®f├®rence null pour le param├¿tre 'email' dans 'Task<User> IUserHelper.GetUserByEmailAsync(string email)'. [C:\Users\PC\SchoolManagementSystem\SchoolManagementSystem\SchoolManagementSystem.csproj]
C:\Users\PC\SchoolManagementSystem\SchoolManagementSystem\Controllers\AccountController.cs(218,62): warning CS8602: D├®r├®f├®rencement d'une ├®ventuelle r├®f├®rence null. [C:\Users\PC\SchoolManagementSystem\SchoolManagementSystem\SchoolManagementSystem.csproj]
C:\Users\PC\SchoolManagementSystem\SchoolManagementSystem\Controllers\AccountController.cs(218,62): warning CS8604: Existence possible d'un argument de r├®f├®rence null pour le param├¿tre 'email' dans 'Task<User> IUserHelper.GetUserByEmailAsync(string email)'. [C:\Users\PC\SchoolManagementSystem\SchoolManagementSystem\SchoolManagementSystem.csproj]
C:\Users\PC\SchoolManagementSystem\SchoolManagementSystem\Controllers\AccountController.cs(271,50): warning CS8604: Existence possible d'un argument de r├®f├®rence null pour le param├¿tre 'to' dans 'Response IMailHelper.SendEmail(string to, string subject, string body)'. [C:\Users\PC\SchoolManagementSystem\SchoolManagementSystem\SchoolManagementSystem.csproj]
C:\Users\PC\SchoolManagementSystem\SchoolManagementSystem\Controllers\AlertController.cs(35,42): warning CS1998: Cette m├®thode async n'a pas d'op├®rateur 'await' et elle s'ex├®cutera de fa├ºon synchrone. Utilisez l'op├®rateur 'await' pour attendre les appels d'API non bloquants ou 'await Task.Run(ÔÇª)' pour effectuer un travail utilisant le processeur sur un thread d'arri├¿re-plan. [C:\Users\PC\SchoolManagementSystem\SchoolManagementSystem\SchoolManagementSystem.csproj]
C:\Users\PC\SchoolManagementSystem\SchoolManagementSystem\Controllers\AlertController.cs(45,73): warning CS8602: D├®r├®f├®rencement d'une ├®ventuelle r├®f├®rence null. [C:\Users\PC\SchoolManagementSystem\SchoolManagementSystem\SchoolManagementSystem.csproj]
C:\Users\PC\SchoolManagementSystem\SchoolManagementSystem\Controllers\AlertController.cs(45,73): warning CS8604: Existence possible d'un argument de r├®f├®rence null pour le param├¿tre 'userEmail' dans 'Task<Employee> IUserHelper.GetEmployeeByUserAsync(string userEmail)'. [C:\Users\PC\SchoolManagementSystem\SchoolManagementSystem\SchoolManagementSystem.csproj]
C:\Users\PC\SchoolManagementSystem\SchoolManagementSystem\Controllers\AlertController.cs(64,69): warning CS8602: D├®r├®f├®rencement d'une ├®ventuelle r├®f├®rence null. [C:\Users\PC\SchoolManagementSystem\SchoolManagementSystem\SchoolManagementSystem.csproj]
C:\Users\PC\SchoolManagementSystem\SchoolManagementSystem\Controllers\AlertController.cs(64,69): warning CS8604: Existence possible d'un argument de r├®f├®rence null pour le param├¿tre 'userEmail' dans 'Task<Employee> IUserHelper.GetEmployeeByUserAsync(string userEmail)'. [C:\Users\PC\SchoolManagementSystem\SchoolManagementSystem\SchoolManagementSystem.csproj]
C:\Users\PC\SchoolManagementSystem\SchoolManagementSystem\Data\Entities\User.cs(10,23): warning CS8618: Le propri├®t├® ┬½┬áFirstName┬á┬╗ non-nullable doit contenir une valeur autre que Null lors de la fermeture du constructeur. Envisagez dÔÇÖajouter le modificateur ┬½┬árequired┬á┬╗ ou de d├®clarer le propri├®t├® comme pouvant accepter la valeur Null. [C:\Users\PC\SchoolManagementSystem\SchoolManagementSystem\SchoolManagementSystem.csproj]
C:\Users\PC\SchoolManagementSystem\SchoolManagementSystem\Data\Entities\User.cs(14,23): warning CS8618: Le propri├®t├® ┬½┬áLastName┬á┬╗ non-nullable doit contenir une valeur autre que Null lors de la fermeture du constructeur. Envisagez dÔÇÖajouter le modificateur ┬½┬árequired┬á┬╗ ou de d├®clarer le propri├®t├® comme pouvant accepter la valeur Null. [C:\Users\PC\SchoolManagementSystem\SchoolManagementSystem\SchoolManagementSystem.csproj]
C:\Users\PC\SchoolManagementSystem\SchoolManagementSystem\Data\Entities\TeacherSubject.cs(6,24): warning CS8618: Le propri├®t├® ┬½┬áTeacher┬á┬╗ non-nullable doit contenir une valeur autre que Null lors de la fermeture du constructeur. Envisagez dÔÇÖajouter le modificateur ┬½┬árequired┬á┬╗ ou de d├®clarer le propri├®t├® comme pouvant accepter la valeur Null. [C:\Users\PC\SchoolManagementSystem\SchoolManagementSystem\SchoolManagementSystem.csproj]
C:\Users\PC\SchoolManagementSystem\SchoolManagementSystem\Data\Entities\TeacherSubject.cs(9,24): warning CS8618: Le propri├®t├® ┬½┬áSubject┬á┬╗ non-nullable doit contenir une valeur autre que Null lors de la fermeture du constructeur. Envisagez dÔÇÖajouter le modificateur ┬½┬árequired┬á┬╗ ou de d├®clarer le propri├®t├® comme pouvant accepter la valeur Null. [C:\Users\PC\SchoolManagementSystem\SchoolManagementSystem\SchoolManagementSystem.csproj]
C:\Users\PC\SchoolManagementSystem\SchoolManagementSystem\Controllers\ErrorController.cs(43,27): warning CS8601: Existence possible d'une assignation de r├®f├®rence null. [C:\Users\PC\SchoolManagementSystem\SchoolManagementSystem\SchoolManagementSystem.csproj]
C:\Users\PC\SchoolManagementSystem\SchoolManagementSystem\Controllers\ErrorController.cs(44,30): warning CS8601: Existence possible d'une assignation de r├®f├®rence null. [C:\Users\PC\SchoolManagementSystem\SchoolManagementSystem\SchoolManagementSystem.csproj]
C:\Users\PC\SchoolManagementSystem\SchoolManagementSystem\Data\Entities\TeacherSchoolClass.cs(6,24): warning CS8618: Le propri├®t├® ┬½┬áTeacher┬á┬╗ non-nullable doit contenir une valeur autre que Null lors de la fermeture du constructeur. Envisagez dÔÇÖajouter le modificateur ┬½┬árequired┬á┬╗ ou de d├®clarer le propri├®t├® comme pouvant accepter la valeur Null. [C:\Users\PC\SchoolManagementSystem\SchoolManagementSystem\SchoolManagementSystem.csproj]
C:\Users\PC\SchoolManagementSystem\SchoolManagementSystem\Data\Entities\TeacherSchoolClass.cs(9,28): warning CS8618: Le propri├®t├® ┬½┬áSchoolClass┬á┬╗ non-nullable doit contenir une valeur autre que Null lors de la fermeture du constructeur. Envisagez dÔÇÖajouter le modificateur ┬½┬árequired┬á┬╗ ou de d├®clarer le propri├®t├® comme pouvant accepter la valeur Null. [C:\Users\PC\SchoolManagementSystem\SchoolManagementSystem\SchoolManagementSystem.csproj]
C:\Users\PC\SchoolManagementSystem\SchoolManagementSystem\Controllers\DashboardController.cs(23,42): warning CS1998: Cette m├®thode async n'a pas d'op├®rateur 'await' et elle s'ex├®cutera de fa├ºon synchrone. Utilisez l'op├®rateur 'await' pour attendre les appels d'API non bloquants ou 'await Task.Run(ÔÇª)' pour effectuer un travail utilisant le processeur sur un thread d'arri├¿re-plan. [C:\Users\PC\SchoolManagementSystem\SchoolManagementSystem\SchoolManagementSystem.csproj]
C:\Users\PC\SchoolManagementSystem\SchoolManagementSystem\Controllers\DashboardController.cs(29,42): warning CS1998: Cette m├®thode async n'a pas d'op├®rateur 'await' et elle s'ex├®cutera de fa├ºon synchrone. Utilisez l'op├®rateur 'await' pour attendre les appels d'API non bloquants ou 'await Task.Run(ÔÇª)' pour effectuer un travail utilisant le processeur sur un thread d'arri├¿re-plan. [C:\Users\PC\SchoolManagementSystem\SchoolManagementSystem\SchoolManagementSystem.csproj]
C:\Users\PC\SchoolManagementSystem\SchoolManagementSystem\Data\Entities\Teacher.cs(35,44): warning CS8603: Existence possible d'un retour de r├®f├®rence null. [C:\Users\PC\SchoolManagementSystem\SchoolManagementSystem\SchoolManagementSystem.csproj]
C:\Users\PC\SchoolManagementSystem\SchoolManagementSystem\Data\Entities\Teacher.cs(11,23): warning CS8618: Le propri├®t├® ┬½┬áUserId┬á┬╗ non-nullable doit contenir une valeur autre que Null lors de la fermeture du constructeur. Envisagez dÔÇÖajouter le modificateur ┬½┬árequired┬á┬╗ ou de d├®clarer le propri├®t├® comme pouvant accepter la valeur Null. [C:\Users\PC\SchoolManagementSystem\SchoolManagementSystem\SchoolManagementSystem.csproj]
C:\Users\PC\SchoolManagementSystem\SchoolManagementSystem\Data\Entities\Teacher.cs(14,21): warning CS8618: Le propri├®t├® ┬½┬áUser┬á┬╗ non-nullable doit contenir une valeur autre que Null lors de la fermeture du constructeur. Envisagez dÔÇÖajouter le modificateur ┬½┬árequired┬á┬╗ ou de d├®clarer le propri├®t├® comme pouvant accepter la valeur Null. [C:\Users\PC\SchoolManagementSystem\SchoolManagementSystem\SchoolManagementSystem.csproj]
C:\Users\PC\SchoolManagementSystem\SchoolManagementSystem\Data\Entities\Teacher.cs(19,23): warning CS8618: Le propri├®t├® ┬½┬áFirstName┬á┬╗ non-nullable doit contenir une valeur autre que Null lors de la fermeture du constructeur. Envisagez dÔÇÖajouter le modificateur ┬½┬árequired┬á┬╗ ou de d├®clarer le propri├®t├® comme pouvant accepter la valeur Null. [C:\Users\PC\SchoolManagementSystem\SchoolManagementSystem\SchoolManagementSystem.csproj]
C:\Users\PC\SchoolManagementSystem\SchoolManagementSystem\Data\Entities\Teacher.cs(24,23): warning CS8618: Le propri├®t├® ┬½┬áLastName┬á┬╗ non-nullable doit contenir une valeur autre que Null lors de la fermeture du constructeur. Envisagez dÔÇÖajouter le modificateur ┬½┬árequired┬á┬╗ ou de d├®clarer le propri├®t├® comme pouvant accepter la valeur Null. [C:\Users\PC\SchoolManagementSystem\SchoolManagementSystem\SchoolManagementSystem.csproj]
C:\Users\PC\SchoolManagementSystem\SchoolManagementSystem\Data\Entities\Subject.cs(11,23): warning CS8618: Le propri├®t├® ┬½┬áName┬á┬╗ non-nullable doit contenir une valeur autre que Null lors de la fermeture du constructeur. Envisagez dÔÇÖajouter le modificateur ┬½┬árequired┬á┬╗ ou de d├®clarer le propri├®t├® comme pouvant accepter la valeur Null. [C:\Users\PC\SchoolManagementSystem\SchoolManagementSystem\SchoolManagementSystem.csproj]
C:\Users\PC\SchoolManagementSystem\SchoolManagementSystem\Data\Entities\Student.cs(25,50): warning CS8603: Existence possible d'un retour de r├®f├®rence null. [C:\Users\PC\SchoolManagementSystem\SchoolManagementSystem\SchoolManagementSystem.csproj]
C:\Users\PC\SchoolManagementSystem\SchoolManagementSystem\Data\Entities\Student.cs(9,23): warning CS8618: Le propri├®t├® ┬½┬áUserId┬á┬╗ non-nullable doit contenir une valeur autre que Null lors de la fermeture du constructeur. Envisagez dÔÇÖajouter le modificateur ┬½┬árequired┬á┬╗ ou de d├®clarer le propri├®t├® comme pouvant accepter la valeur Null. [C:\Users\PC\SchoolManagementSystem\SchoolManagementSystem\SchoolManagementSystem.csproj]
C:\Users\PC\SchoolManagementSystem\SchoolManagementSystem\Data\Entities\Student.cs(10,21): warning CS8618: Le propri├®t├® ┬½┬áUser┬á┬╗ non-nullable doit contenir une valeur autre que Null lors de la fermeture du constructeur. Envisagez dÔÇÖajouter le modificateur ┬½┬árequired┬á┬╗ ou de d├®clarer le propri├®t├® comme pouvant accepter la valeur Null. [C:\Users\PC\SchoolManagementSystem\SchoolManagementSystem\SchoolManagementSystem.csproj]
C:\Users\PC\SchoolManagementSystem\SchoolManagementSystem\Data\Entities\Student.cs(15,23): warning CS8618: Le propri├®t├® ┬½┬áFirstName┬á┬╗ non-nullable doit contenir une valeur autre que Null lors de la fermeture du constructeur. Envisagez dÔÇÖajouter le modificateur ┬½┬árequired┬á┬╗ ou de d├®clarer le propri├®t├® comme pouvant accepter la valeur Null. [C:\Users\PC\SchoolManagementSystem\SchoolManagementSystem\SchoolManagementSystem.csproj]
C:\Users\PC\SchoolManagementSystem\SchoolManagementSystem\Data\Entities\Student.cs(20,23): warning CS8618: Le propri├®t├® ┬½┬áLastName┬á┬╗ non-nullable doit contenir une valeur autre que Null lors de la fermeture du constructeur. Envisagez dÔÇÖajouter le modificateur ┬½┬árequired┬á┬╗ ou de d├®clarer le propri├®t├® comme pouvant accepter la valeur Null. [C:\Users\PC\SchoolManagementSystem\SchoolManagementSystem\SchoolManagementSystem.csproj]
C:\Users\PC\SchoolManagementSystem\SchoolManagementSystem\Data\Entities\Student.cs(32,28): warning CS8618: Le propri├®t├® ┬½┬áSchoolClass┬á┬╗ non-nullable doit contenir une valeur autre que Null lors de la fermeture du constructeur. Envisagez dÔÇÖajouter le modificateur ┬½┬árequired┬á┬╗ ou de d├®clarer le propri├®t├® comme pouvant accepter la valeur Null. [C:\Users\PC\SchoolManagementSystem\SchoolManagementSystem\SchoolManagementSystem.csproj]
C:\Users\PC\SchoolManagementSystem\SchoolManagementSystem\Controllers\GradesController.cs(94,29): warning CS8601: Existence possible d'une assignation de r├®f├®rence null. [C:\Users\PC\SchoolManagementSystem\SchoolManagementSystem\SchoolManagementSystem.csproj]
C:\Users\PC\SchoolManagementSystem\SchoolManagementSystem\Data\Entities\SchoolClass.cs(11,23): warning CS8618: Le propri├®t├® ┬½┬áClassName┬á┬╗ non-nullable doit contenir une valeur autre que Null lors de la fermeture du constructeur. Envisagez dÔÇÖajouter le modificateur ┬½┬árequired┬á┬╗ ou de d├®clarer le propri├®t├® comme pouvant accepter la valeur Null. [C:\Users\PC\SchoolManagementSystem\SchoolManagementSystem\SchoolManagementSystem.csproj]
C:\Users\PC\SchoolManagementSystem\SchoolManagementSystem\Data\Entities\SchoolClass.cs(14,23): warning CS8618: Le propri├®t├® ┬½┬áCourse┬á┬╗ non-nullable doit contenir une valeur autre que Null lors de la fermeture du constructeur. Envisagez dÔÇÖajouter le modificateur ┬½┬árequired┬á┬╗ ou de d├®clarer le propri├®t├® comme pouvant accepter la valeur Null. [C:\Users\PC\SchoolManagementSystem\SchoolManagementSystem\SchoolManagementSystem.csproj]
C:\Users\PC\SchoolManagementSystem\SchoolManagementSystem\Data\Entities\Payment.cs(14,24): warning CS8618: Le propri├®t├® ┬½┬áStudent┬á┬╗ non-nullable doit contenir une valeur autre que Null lors de la fermeture du constructeur. Envisagez dÔÇÖajouter le modificateur ┬½┬árequired┬á┬╗ ou de d├®clarer le propri├®t├® comme pouvant accepter la valeur Null. [C:\Users\PC\SchoolManagementSystem\SchoolManagementSystem\SchoolManagementSystem.csproj]
C:\Users\PC\SchoolManagementSystem\SchoolManagementSystem\Data\Entities\Payment.cs(25,23): warning CS8618: Le propri├®t├® ┬½┬áStatus┬á┬╗ non-nullable doit contenir une valeur autre que Null lors de la fermeture du constructeur. Envisagez dÔÇÖajouter le modificateur ┬½┬árequired┬á┬╗ ou de d├®clarer le propri├®t├® comme pouvant accepter la valeur Null. [C:\Users\PC\SchoolManagementSystem\SchoolManagementSystem\SchoolManagementSystem.csproj]
C:\Users\PC\SchoolManagementSystem\SchoolManagementSystem\Data\Entities\Payment.cs(28,23): warning CS8618: Le propri├®t├® ┬½┬áTransactionId┬á┬╗ non-nullable doit contenir une valeur autre que Null lors de la fermeture du constructeur. Envisagez dÔÇÖajouter le modificateur ┬½┬árequired┬á┬╗ ou de d├®clarer le propri├®t├® comme pouvant accepter la valeur Null. [C:\Users\PC\SchoolManagementSystem\SchoolManagementSystem\SchoolManagementSystem.csproj]
C:\Users\PC\SchoolManagementSystem\SchoolManagementSystem\Data\Entities\Payment.cs(31,23): warning CS8618: Le propri├®t├® ┬½┬áPaymentMethod┬á┬╗ non-nullable doit contenir une valeur autre que Null lors de la fermeture du constructeur. Envisagez dÔÇÖajouter le modificateur ┬½┬árequired┬á┬╗ ou de d├®clarer le propri├®t├® comme pouvant accepter la valeur Null. [C:\Users\PC\SchoolManagementSystem\SchoolManagementSystem\SchoolManagementSystem.csproj]
C:\Users\PC\SchoolManagementSystem\SchoolManagementSystem\Data\Entities\Grade.cs(15,24): warning CS8618: Le propri├®t├® ┬½┬áStudent┬á┬╗ non-nullable doit contenir une valeur autre que Null lors de la fermeture du constructeur. Envisagez dÔÇÖajouter le modificateur ┬½┬árequired┬á┬╗ ou de d├®clarer le propri├®t├® comme pouvant accepter la valeur Null. [C:\Users\PC\SchoolManagementSystem\SchoolManagementSystem\SchoolManagementSystem.csproj]
C:\Users\PC\SchoolManagementSystem\SchoolManagementSystem\Data\Entities\Grade.cs(18,24): warning CS8618: Le propri├®t├® ┬½┬áSubject┬á┬╗ non-nullable doit contenir une valeur autre que Null lors de la fermeture du constructeur. Envisagez dÔÇÖajouter le modificateur ┬½┬árequired┬á┬╗ ou de d├®clarer le propri├®t├® comme pouvant accepter la valeur Null. [C:\Users\PC\SchoolManagementSystem\SchoolManagementSystem\SchoolManagementSystem.csproj]
C:\Users\PC\SchoolManagementSystem\SchoolManagementSystem\Data\Entities\Employee.cs(38,44): warning CS8603: Existence possible d'un retour de r├®f├®rence null. [C:\Users\PC\SchoolManagementSystem\SchoolManagementSystem\SchoolManagementSystem.csproj]
C:\Users\PC\SchoolManagementSystem\SchoolManagementSystem\Data\Entities\Employee.cs(10,23): warning CS8618: Le propri├®t├® ┬½┬áUserId┬á┬╗ non-nullable doit contenir une valeur autre que Null lors de la fermeture du constructeur. Envisagez dÔÇÖajouter le modificateur ┬½┬árequired┬á┬╗ ou de d├®clarer le propri├®t├® comme pouvant accepter la valeur Null. [C:\Users\PC\SchoolManagementSystem\SchoolManagementSystem\SchoolManagementSystem.csproj]
C:\Users\PC\SchoolManagementSystem\SchoolManagementSystem\Data\Entities\Employee.cs(13,21): warning CS8618: Le propri├®t├® ┬½┬áUser┬á┬╗ non-nullable doit contenir une valeur autre que Null lors de la fermeture du constructeur. Envisagez dÔÇÖajouter le modificateur ┬½┬árequired┬á┬╗ ou de d├®clarer le propri├®t├® comme pouvant accepter la valeur Null. [C:\Users\PC\SchoolManagementSystem\SchoolManagementSystem\SchoolManagementSystem.csproj]
C:\Users\PC\SchoolManagementSystem\SchoolManagementSystem\Data\Entities\Employee.cs(18,23): warning CS8618: Le propri├®t├® ┬½┬áFirstName┬á┬╗ non-nullable doit contenir une valeur autre que Null lors de la fermeture du constructeur. Envisagez dÔÇÖajouter le modificateur ┬½┬árequired┬á┬╗ ou de d├®clarer le propri├®t├® comme pouvant accepter la valeur Null. [C:\Users\PC\SchoolManagementSystem\SchoolManagementSystem\SchoolManagementSystem.csproj]
C:\Users\PC\SchoolManagementSystem\SchoolManagementSystem\Data\Entities\Employee.cs(23,23): warning CS8618: Le propri├®t├® ┬½┬áLastName┬á┬╗ non-nullable doit contenir une valeur autre que Null lors de la fermeture du constructeur. Envisagez dÔÇÖajouter le modificateur ┬½┬árequired┬á┬╗ ou de d├®clarer le propri├®t├® comme pouvant accepter la valeur Null. [C:\Users\PC\SchoolManagementSystem\SchoolManagementSystem\SchoolManagementSystem.csproj]
C:\Users\PC\SchoolManagementSystem\SchoolManagementSystem\Data\Entities\Employee.cs(47,23): warning CS8618: Le propri├®t├® ┬½┬áPhoneNumber┬á┬╗ non-nullable doit contenir une valeur autre que Null lors de la fermeture du constructeur. Envisagez dÔÇÖajouter le modificateur ┬½┬árequired┬á┬╗ ou de d├®clarer le propri├®t├® comme pouvant accepter la valeur Null. [C:\Users\PC\SchoolManagementSystem\SchoolManagementSystem\SchoolManagementSystem.csproj]
C:\Users\PC\SchoolManagementSystem\SchoolManagementSystem\Data\Entities\CourseSubject.cs(6,23): warning CS8618: Le propri├®t├® ┬½┬áCourse┬á┬╗ non-nullable doit contenir une valeur autre que Null lors de la fermeture du constructeur. Envisagez dÔÇÖajouter le modificateur ┬½┬árequired┬á┬╗ ou de d├®clarer le propri├®t├® comme pouvant accepter la valeur Null. [C:\Users\PC\SchoolManagementSystem\SchoolManagementSystem\SchoolManagementSystem.csproj]
C:\Users\PC\SchoolManagementSystem\SchoolManagementSystem\Data\Entities\CourseSubject.cs(9,24): warning CS8618: Le propri├®t├® ┬½┬áSubject┬á┬╗ non-nullable doit contenir une valeur autre que Null lors de la fermeture du constructeur. Envisagez dÔÇÖajouter le modificateur ┬½┬árequired┬á┬╗ ou de d├®clarer le propri├®t├® comme pouvant accepter la valeur Null. [C:\Users\PC\SchoolManagementSystem\SchoolManagementSystem\SchoolManagementSystem.csproj]
C:\Users\PC\SchoolManagementSystem\SchoolManagementSystem\Data\Entities\Course.cs(11,23): warning CS8618: Le propri├®t├® ┬½┬áName┬á┬╗ non-nullable doit contenir une valeur autre que Null lors de la fermeture du constructeur. Envisagez dÔÇÖajouter le modificateur ┬½┬árequired┬á┬╗ ou de d├®clarer le propri├®t├® comme pouvant accepter la valeur Null. [C:\Users\PC\SchoolManagementSystem\SchoolManagementSystem\SchoolManagementSystem.csproj]
C:\Users\PC\SchoolManagementSystem\SchoolManagementSystem\Data\Entities\Course.cs(14,23): warning CS8618: Le propri├®t├® ┬½┬áDescription┬á┬╗ non-nullable doit contenir une valeur autre que Null lors de la fermeture du constructeur. Envisagez dÔÇÖajouter le modificateur ┬½┬árequired┬á┬╗ ou de d├®clarer le propri├®t├® comme pouvant accepter la valeur Null. [C:\Users\PC\SchoolManagementSystem\SchoolManagementSystem\SchoolManagementSystem.csproj]
C:\Users\PC\SchoolManagementSystem\SchoolManagementSystem\Data\Entities\Attendance.cs(11,24): warning CS8618: Le propri├®t├® ┬½┬áStudent┬á┬╗ non-nullable doit contenir une valeur autre que Null lors de la fermeture du constructeur. Envisagez dÔÇÖajouter le modificateur ┬½┬árequired┬á┬╗ ou de d├®clarer le propri├®t├® comme pouvant accepter la valeur Null. [C:\Users\PC\SchoolManagementSystem\SchoolManagementSystem\SchoolManagementSystem.csproj]
C:\Users\PC\SchoolManagementSystem\SchoolManagementSystem\Data\Entities\Attendance.cs(14,24): warning CS8618: Le propri├®t├® ┬½┬áSubject┬á┬╗ non-nullable doit contenir une valeur autre que Null lors de la fermeture du constructeur. Envisagez dÔÇÖajouter le modificateur ┬½┬árequired┬á┬╗ ou de d├®clarer le propri├®t├® comme pouvant accepter la valeur Null. [C:\Users\PC\SchoolManagementSystem\SchoolManagementSystem\SchoolManagementSystem.csproj]
C:\Users\PC\SchoolManagementSystem\SchoolManagementSystem\Data\Entities\Alert.cs(11,23): warning CS8618: Le propri├®t├® ┬½┬áMessage┬á┬╗ non-nullable doit contenir une valeur autre que Null lors de la fermeture du constructeur. Envisagez dÔÇÖajouter le modificateur ┬½┬árequired┬á┬╗ ou de d├®clarer le propri├®t├® comme pouvant accepter la valeur Null. [C:\Users\PC\SchoolManagementSystem\SchoolManagementSystem\SchoolManagementSystem.csproj]
C:\Users\PC\SchoolManagementSystem\SchoolManagementSystem\Data\Entities\Alert.cs(23,25): warning CS8618: Le propri├®t├® ┬½┬áEmployee┬á┬╗ non-nullable doit contenir une valeur autre que Null lors de la fermeture du constructeur. Envisagez dÔÇÖajouter le modificateur ┬½┬árequired┬á┬╗ ou de d├®clarer le propri├®t├® comme pouvant accepter la valeur Null. [C:\Users\PC\SchoolManagementSystem\SchoolManagementSystem\SchoolManagementSystem.csproj]
C:\Users\PC\SchoolManagementSystem\SchoolManagementSystem\Controllers\GradesController.cs(267,84): warning CS8604: Existence possible d'un argument de r├®f├®rence null pour le param├¿tre 'userId' dans 'Task<int?> IStudentRepository.GetStudentIdByUserIdAsync(string userId)'. [C:\Users\PC\SchoolManagementSystem\SchoolManagementSystem\SchoolManagementSystem.csproj]
C:\Users\PC\SchoolManagementSystem\SchoolManagementSystem\Controllers\GradesController.cs(286,29): warning CS8601: Existence possible d'une assignation de r├®f├®rence null. [C:\Users\PC\SchoolManagementSystem\SchoolManagementSystem\SchoolManagementSystem.csproj]
C:\Users\PC\SchoolManagementSystem\SchoolManagementSystem\Controllers\AttendanceController.cs(110,34): warning CS8601: Existence possible d'une assignation de r├®f├®rence null. [C:\Users\PC\SchoolManagementSystem\SchoolManagementSystem\SchoolManagementSystem.csproj]
C:\Users\PC\SchoolManagementSystem\SchoolManagementSystem\Views\Shared\_Navbar.cshtml(18,18): warning CS8602: D├®r├®f├®rencement d'une ├®ventuelle r├®f├®rence null. [C:\Users\PC\SchoolManagementSystem\SchoolManagementSystem\SchoolManagementSystem.csproj]
C:\Users\PC\SchoolManagementSystem\SchoolManagementSystem\Controllers\AttendanceController.cs(284,84): warning CS8604: Existence possible d'un argument de r├®f├®rence null pour le param├¿tre 'userId' dans 'Task<int?> IStudentRepository.GetStudentIdByUserIdAsync(string userId)'. [C:\Users\PC\SchoolManagementSystem\SchoolManagementSystem\SchoolManagementSystem.csproj]
C:\Users\PC\SchoolManagementSystem\SchoolManagementSystem\Views\Shared\_Dashboard.cshtml(179,37): warning CS8600: Conversion de litt├®ral ayant une valeur null ou d'une ├®ventuelle valeur null en type non-nullable. [C:\Users\PC\SchoolManagementSystem\SchoolManagementSystem\SchoolManagementSystem.csproj]
C:\Users\PC\SchoolManagementSystem\SchoolManagementSystem\Views\Shared\_Dashboard.cshtml(183,37): warning CS8600: Conversion de litt├®ral ayant une valeur null ou d'une ├®ventuelle valeur null en type non-nullable. [C:\Users\PC\SchoolManagementSystem\SchoolManagementSystem\SchoolManagementSystem.csproj]
C:\Users\PC\SchoolManagementSystem\SchoolManagementSystem\Views\Shared\_Dashboard.cshtml(187,37): warning CS8600: Conversion de litt├®ral ayant une valeur null ou d'une ├®ventuelle valeur null en type non-nullable. [C:\Users\PC\SchoolManagementSystem\SchoolManagementSystem\SchoolManagementSystem.csproj]
C:\Users\PC\SchoolManagementSystem\SchoolManagementSystem\Views\Shared\_Dashboard.cshtml(191,37): warning CS8600: Conversion de litt├®ral ayant une valeur null ou d'une ├®ventuelle valeur null en type non-nullable. [C:\Users\PC\SchoolManagementSystem\SchoolManagementSystem\SchoolManagementSystem.csproj]
C:\Users\PC\SchoolManagementSystem\SchoolManagementSystem\Views\Shared\_Dashboard.cshtml(195,37): warning CS8600: Conversion de litt├®ral ayant une valeur null ou d'une ├®ventuelle valeur null en type non-nullable. [C:\Users\PC\SchoolManagementSystem\SchoolManagementSystem\SchoolManagementSystem.csproj]
C:\Users\PC\SchoolManagementSystem\SchoolManagementSystem\Repositories\GenericRepository.cs(11,33): warning CS0169: Le champ 'GenericRepository<T>.context' n'est jamais utilis├® [C:\Users\PC\SchoolManagementSystem\SchoolManagementSystem\SchoolManagementSystem.csproj]
C:\Users\PC\SchoolManagementSystem\SchoolManagementSystem\Views\Shared\_Layout.cshtml(23,14): warning MVC1000: Use of IHtmlHelper.Partial may result in application deadlocks. Consider using <partial> Tag Helper or IHtmlHelper.PartialAsync. [C:\Users\PC\SchoolManagementSystem\SchoolManagementSystem\SchoolManagementSystem.csproj]
C:\Users\PC\SchoolManagementSystem\SchoolManagementSystem\Views\Shared\_Layout.cshtml(49,6): warning MVC1000: Use of IHtmlHelper.Partial may result in application deadlocks. Consider using <partial> Tag Helper or IHtmlHelper.PartialAsync. [C:\Users\PC\SchoolManagementSystem\SchoolManagementSystem\SchoolManagementSystem.csproj]
C:\Users\PC\SchoolManagementSystem\SchoolManagementSystem\Views\Payments\Create.cshtml(8,6): warning MVC1000: Use of IHtmlHelper.Partial may result in application deadlocks. Consider using <partial> Tag Helper or IHtmlHelper.PartialAsync. [C:\Users\PC\SchoolManagementSystem\SchoolManagementSystem\SchoolManagementSystem.csproj]
C:\Users\PC\SchoolManagementSystem\SchoolManagementSystem\Views\Shared\_LayoutAccount.cshtml(21,6): warning MVC1000: Use of IHtmlHelper.Partial may result in application deadlocks. Consider using <partial> Tag Helper or IHtmlHelper.PartialAsync. [C:\Users\PC\SchoolManagementSystem\SchoolManagementSystem\SchoolManagementSystem.csproj]
C:\Users\PC\SchoolManagementSystem\SchoolManagementSystem\Views\Shared\_LayoutAccount.cshtml(29,6): warning MVC1000: Use of IHtmlHelper.Partial may result in application deadlocks. Consider using <partial> Tag Helper or IHtmlHelper.PartialAsync. [C:\Users\PC\SchoolManagementSystem\SchoolManagementSystem\SchoolManagementSystem.csproj]
C:\Users\PC\SchoolManagementSystem\SchoolManagementSystem\Views\Payments\Edit.cshtml(8,6): warning MVC1000: Use of IHtmlHelper.Partial may result in application deadlocks. Consider using <partial> Tag Helper or IHtmlHelper.PartialAsync. [C:\Users\PC\SchoolManagementSystem\SchoolManagementSystem\SchoolManagementSystem.csproj]
C:\Users\PC\SchoolManagementSystem\SchoolManagementSystem\Views\Shared\_Dashboard.cshtml(43,6): warning MVC1000: Use of IHtmlHelper.Partial may result in application deadlocks. Consider using <partial> Tag Helper or IHtmlHelper.PartialAsync. [C:\Users\PC\SchoolManagementSystem\SchoolManagementSystem\SchoolManagementSystem.csproj]
C:\Users\PC\SchoolManagementSystem\SchoolManagementSystem\Controllers\DashboardController.cs(45,33): error CS0103: Le nom '_context' n'existe pas dans le contexte actuel [C:\Users\PC\SchoolManagementSystem\SchoolManagementSystem\SchoolManagementSystem.csproj]
    172 Avertissement(s)
    1 Erreur(s)

Temps ├®coul├® 00:00:04.31
