  Identification des projets ├á restaurer...
  Tous les projets sont ├á jour pour la restauration.
C:\Users\PC\SchoolManagementSystem\SchoolManagementSystem\Data\Entities\Course.cs(11,10): error CS0579: Attribut 'MaxLength' en double [C:\Users\PC\SchoolManagementSystem\SchoolManagementSystem\SchoolManagementSystem.csproj]

├ëCHEC de la build.

C:\Users\PC\SchoolManagementSystem\SchoolManagementSystem\Data\Entities\Course.cs(11,10): error CS0579: Attribut 'MaxLength' en double [C:\Users\PC\SchoolManagementSystem\SchoolManagementSystem\SchoolManagementSystem.csproj]
    0 Avertissement(s)
    1 Erreur(s)

Temps ├®coul├® 00:00:03.24
