  Identification des projets ├á restaurer...
  Tous les projets sont ├á jour pour la restauration.
C:\Users\PC\SchoolManagementSystem\SchoolManagementSystem\Repositories\TeacherRepository.cs(37,20): warning CS8603: Existence possible d'un retour de r├®f├®rence null. [C:\Users\PC\SchoolManagementSystem\SchoolManagementSystem\SchoolManagementSystem.csproj]
C:\Users\PC\SchoolManagementSystem\SchoolManagementSystem\Repositories\AttendanceRepository.cs(28,16): warning CS8603: Existence possible d'un retour de r├®f├®rence null. [C:\Users\PC\SchoolManagementSystem\SchoolManagementSystem\SchoolManagementSystem.csproj]
C:\Users\PC\SchoolManagementSystem\SchoolManagementSystem\Repositories\TeacherRepository.cs(44,20): warning CS8603: Existence possible d'un retour de r├®f├®rence null. [C:\Users\PC\SchoolManagementSystem\SchoolManagementSystem\SchoolManagementSystem.csproj]
C:\Users\PC\SchoolManagementSystem\SchoolManagementSystem\Repositories\TeacherRepository.cs(65,53): error CS9035: Le membre obligatoire 'TeacherSubject.Teacher' doit ├¬tre d├®fini dans lÔÇÖinitialiseur dÔÇÖobjet ou le constructeur dÔÇÖattribut. [C:\Users\PC\SchoolManagementSystem\SchoolManagementSystem\SchoolManagementSystem.csproj]
C:\Users\PC\SchoolManagementSystem\SchoolManagementSystem\Repositories\TeacherRepository.cs(65,53): error CS9035: Le membre obligatoire 'TeacherSubject.Subject' doit ├¬tre d├®fini dans lÔÇÖinitialiseur dÔÇÖobjet ou le constructeur dÔÇÖattribut. [C:\Users\PC\SchoolManagementSystem\SchoolManagementSystem\SchoolManagementSystem.csproj]
C:\Users\PC\SchoolManagementSystem\SchoolManagementSystem\Repositories\TeacherRepository.cs(87,58): error CS9035: Le membre obligatoire 'TeacherSchoolClass.Teacher' doit ├¬tre d├®fini dans lÔÇÖinitialiseur dÔÇÖobjet ou le constructeur dÔÇÖattribut. [C:\Users\PC\SchoolManagementSystem\SchoolManagementSystem\SchoolManagementSystem.csproj]
C:\Users\PC\SchoolManagementSystem\SchoolManagementSystem\Repositories\TeacherRepository.cs(87,58): error CS9035: Le membre obligatoire 'TeacherSchoolClass.SchoolClass' doit ├¬tre d├®fini dans lÔÇÖinitialiseur dÔÇÖobjet ou le constructeur dÔÇÖattribut. [C:\Users\PC\SchoolManagementSystem\SchoolManagementSystem\SchoolManagementSystem.csproj]
C:\Users\PC\SchoolManagementSystem\SchoolManagementSystem\Repositories\AttendanceRepository.cs(54,32): warning CS8602: D├®r├®f├®rencement d'une ├®ventuelle r├®f├®rence null. [C:\Users\PC\SchoolManagementSystem\SchoolManagementSystem\SchoolManagementSystem.csproj]
C:\Users\PC\SchoolManagementSystem\SchoolManagementSystem\Repositories\AttendanceRepository.cs(55,31): warning CS8602: D├®r├®f├®rencement d'une ├®ventuelle r├®f├®rence null. [C:\Users\PC\SchoolManagementSystem\SchoolManagementSystem\SchoolManagementSystem.csproj]
C:\Users\PC\SchoolManagementSystem\SchoolManagementSystem\Repositories\TeacherRepository.cs(128,20): warning CS8603: Existence possible d'un retour de r├®f├®rence null. [C:\Users\PC\SchoolManagementSystem\SchoolManagementSystem\SchoolManagementSystem.csproj]
C:\Users\PC\SchoolManagementSystem\SchoolManagementSystem\Repositories\GradeRepository.cs(37,32): warning CS8602: D├®r├®f├®rencement d'une ├®ventuelle r├®f├®rence null. [C:\Users\PC\SchoolManagementSystem\SchoolManagementSystem\SchoolManagementSystem.csproj]
C:\Users\PC\SchoolManagementSystem\SchoolManagementSystem\Repositories\GradeRepository.cs(38,31): warning CS8602: D├®r├®f├®rencement d'une ├®ventuelle r├®f├®rence null. [C:\Users\PC\SchoolManagementSystem\SchoolManagementSystem\SchoolManagementSystem.csproj]
C:\Users\PC\SchoolManagementSystem\SchoolManagementSystem\Repositories\TeacherRepository.cs(138,20): warning CS8603: Existence possible d'un retour de r├®f├®rence null. [C:\Users\PC\SchoolManagementSystem\SchoolManagementSystem\SchoolManagementSystem.csproj]
C:\Users\PC\SchoolManagementSystem\SchoolManagementSystem\Repositories\GradeRepository.cs(55,16): warning CS8603: Existence possible d'un retour de r├®f├®rence null. [C:\Users\PC\SchoolManagementSystem\SchoolManagementSystem\SchoolManagementSystem.csproj]
C:\Users\PC\SchoolManagementSystem\SchoolManagementSystem\Repositories\StudentRepository.cs(29,20): warning CS8603: Existence possible d'un retour de r├®f├®rence null. [C:\Users\PC\SchoolManagementSystem\SchoolManagementSystem\SchoolManagementSystem.csproj]
C:\Users\PC\SchoolManagementSystem\SchoolManagementSystem\Repositories\StudentRepository.cs(68,35): warning CS8602: D├®r├®f├®rencement d'une ├®ventuelle r├®f├®rence null. [C:\Users\PC\SchoolManagementSystem\SchoolManagementSystem\SchoolManagementSystem.csproj]
C:\Users\PC\SchoolManagementSystem\SchoolManagementSystem\Repositories\StudentRepository.cs(66,20): warning CS8603: Existence possible d'un retour de r├®f├®rence null. [C:\Users\PC\SchoolManagementSystem\SchoolManagementSystem\SchoolManagementSystem.csproj]
C:\Users\PC\SchoolManagementSystem\SchoolManagementSystem\Repositories\StudentRepository.cs(93,20): warning CS8603: Existence possible d'un retour de r├®f├®rence null. [C:\Users\PC\SchoolManagementSystem\SchoolManagementSystem\SchoolManagementSystem.csproj]
C:\Users\PC\SchoolManagementSystem\SchoolManagementSystem\Repositories\SchoolClassRepository.cs(42,35): warning CS8602: D├®r├®f├®rencement d'une ├®ventuelle r├®f├®rence null. [C:\Users\PC\SchoolManagementSystem\SchoolManagementSystem\SchoolManagementSystem.csproj]
C:\Users\PC\SchoolManagementSystem\SchoolManagementSystem\Repositories\GenericRepository.cs(14,16): warning CS8618: Le champ ┬½┬ácontext┬á┬╗ non-nullable doit contenir une valeur autre que Null lors de la fermeture du constructeur. Envisagez dÔÇÖajouter le modificateur ┬½┬árequired┬á┬╗ ou de d├®clarer le champ comme pouvant accepter la valeur Null. [C:\Users\PC\SchoolManagementSystem\SchoolManagementSystem\SchoolManagementSystem.csproj]
C:\Users\PC\SchoolManagementSystem\SchoolManagementSystem\Repositories\GenericRepository.cs(30,20): warning CS8603: Existence possible d'un retour de r├®f├®rence null. [C:\Users\PC\SchoolManagementSystem\SchoolManagementSystem\SchoolManagementSystem.csproj]
C:\Users\PC\SchoolManagementSystem\SchoolManagementSystem\Controllers\AccountController.cs(30,17): warning CS8602: D├®r├®f├®rencement d'une ├®ventuelle r├®f├®rence null. [C:\Users\PC\SchoolManagementSystem\SchoolManagementSystem\SchoolManagementSystem.csproj]
C:\Users\PC\SchoolManagementSystem\SchoolManagementSystem\Controllers\TeachersController.cs(76,29): error CS9035: Le membre obligatoire 'TeacherViewModel.UserId' doit ├¬tre d├®fini dans lÔÇÖinitialiseur dÔÇÖobjet ou le constructeur dÔÇÖattribut. [C:\Users\PC\SchoolManagementSystem\SchoolManagementSystem\SchoolManagementSystem.csproj]
C:\Users\PC\SchoolManagementSystem\SchoolManagementSystem\Controllers\TeachersController.cs(76,29): error CS9035: Le membre obligatoire 'TeacherViewModel.FirstName' doit ├¬tre d├®fini dans lÔÇÖinitialiseur dÔÇÖobjet ou le constructeur dÔÇÖattribut. [C:\Users\PC\SchoolManagementSystem\SchoolManagementSystem\SchoolManagementSystem.csproj]
C:\Users\PC\SchoolManagementSystem\SchoolManagementSystem\Controllers\TeachersController.cs(76,29): error CS9035: Le membre obligatoire 'TeacherViewModel.LastName' doit ├¬tre d├®fini dans lÔÇÖinitialiseur dÔÇÖobjet ou le constructeur dÔÇÖattribut. [C:\Users\PC\SchoolManagementSystem\SchoolManagementSystem\SchoolManagementSystem.csproj]
C:\Users\PC\SchoolManagementSystem\SchoolManagementSystem\Controllers\AccountController.cs(155,62): warning CS8602: D├®r├®f├®rencement d'une ├®ventuelle r├®f├®rence null. [C:\Users\PC\SchoolManagementSystem\SchoolManagementSystem\SchoolManagementSystem.csproj]
C:\Users\PC\SchoolManagementSystem\SchoolManagementSystem\Controllers\AccountController.cs(155,62): warning CS8604: Existence possible d'un argument de r├®f├®rence null pour le param├¿tre 'email' dans 'Task<User> IUserHelper.GetUserByEmailAsync(string email)'. [C:\Users\PC\SchoolManagementSystem\SchoolManagementSystem\SchoolManagementSystem.csproj]
C:\Users\PC\SchoolManagementSystem\SchoolManagementSystem\Controllers\AccountController.cs(177,62): warning CS8602: D├®r├®f├®rencement d'une ├®ventuelle r├®f├®rence null. [C:\Users\PC\SchoolManagementSystem\SchoolManagementSystem\SchoolManagementSystem.csproj]
C:\Users\PC\SchoolManagementSystem\SchoolManagementSystem\Controllers\AccountController.cs(177,62): warning CS8604: Existence possible d'un argument de r├®f├®rence null pour le param├¿tre 'email' dans 'Task<User> IUserHelper.GetUserByEmailAsync(string email)'. [C:\Users\PC\SchoolManagementSystem\SchoolManagementSystem\SchoolManagementSystem.csproj]
C:\Users\PC\SchoolManagementSystem\SchoolManagementSystem\Controllers\AccountController.cs(218,62): warning CS8602: D├®r├®f├®rencement d'une ├®ventuelle r├®f├®rence null. [C:\Users\PC\SchoolManagementSystem\SchoolManagementSystem\SchoolManagementSystem.csproj]
C:\Users\PC\SchoolManagementSystem\SchoolManagementSystem\Controllers\AccountController.cs(218,62): warning CS8604: Existence possible d'un argument de r├®f├®rence null pour le param├¿tre 'email' dans 'Task<User> IUserHelper.GetUserByEmailAsync(string email)'. [C:\Users\PC\SchoolManagementSystem\SchoolManagementSystem\SchoolManagementSystem.csproj]
C:\Users\PC\SchoolManagementSystem\SchoolManagementSystem\Repositories\EmployeeRepository.cs(82,29): warning CS0472: Le r├®sultat de l'expression est toujours 'true', car une valeur de type 'Department' n'est jamais ├®gale ├á 'null' du type 'Department?' [C:\Users\PC\SchoolManagementSystem\SchoolManagementSystem\SchoolManagementSystem.csproj]
C:\Users\PC\SchoolManagementSystem\SchoolManagementSystem\Repositories\EmployeeRepository.cs(98,20): warning CS8603: Existence possible d'un retour de r├®f├®rence null. [C:\Users\PC\SchoolManagementSystem\SchoolManagementSystem\SchoolManagementSystem.csproj]
C:\Users\PC\SchoolManagementSystem\SchoolManagementSystem\Controllers\AccountController.cs(271,50): warning CS8604: Existence possible d'un argument de r├®f├®rence null pour le param├¿tre 'to' dans 'Response IMailHelper.SendEmail(string to, string subject, string body)'. [C:\Users\PC\SchoolManagementSystem\SchoolManagementSystem\SchoolManagementSystem.csproj]
C:\Users\PC\SchoolManagementSystem\SchoolManagementSystem\Controllers\AccountController.cs(285,29): error CS9035: Le membre obligatoire 'ResetPasswordViewModel.Password' doit ├¬tre d├®fini dans lÔÇÖinitialiseur dÔÇÖobjet ou le constructeur dÔÇÖattribut. [C:\Users\PC\SchoolManagementSystem\SchoolManagementSystem\SchoolManagementSystem.csproj]
C:\Users\PC\SchoolManagementSystem\SchoolManagementSystem\Controllers\AccountController.cs(285,29): error CS9035: Le membre obligatoire 'ResetPasswordViewModel.ConfirmPassword' doit ├¬tre d├®fini dans lÔÇÖinitialiseur dÔÇÖobjet ou le constructeur dÔÇÖattribut. [C:\Users\PC\SchoolManagementSystem\SchoolManagementSystem\SchoolManagementSystem.csproj]
C:\Users\PC\SchoolManagementSystem\SchoolManagementSystem\Repositories\CourseRepository.cs(21,20): warning CS8603: Existence possible d'un retour de r├®f├®rence null. [C:\Users\PC\SchoolManagementSystem\SchoolManagementSystem\SchoolManagementSystem.csproj]
C:\Users\PC\SchoolManagementSystem\SchoolManagementSystem\Controllers\AlertController.cs(35,42): warning CS1998: Cette m├®thode async n'a pas d'op├®rateur 'await' et elle s'ex├®cutera de fa├ºon synchrone. Utilisez l'op├®rateur 'await' pour attendre les appels d'API non bloquants ou 'await Task.Run(ÔÇª)' pour effectuer un travail utilisant le processeur sur un thread d'arri├¿re-plan. [C:\Users\PC\SchoolManagementSystem\SchoolManagementSystem\SchoolManagementSystem.csproj]
C:\Users\PC\SchoolManagementSystem\SchoolManagementSystem\Controllers\AlertController.cs(46,33): error CS9035: Le membre obligatoire 'Alert.Employee' doit ├¬tre d├®fini dans lÔÇÖinitialiseur dÔÇÖobjet ou le constructeur dÔÇÖattribut. [C:\Users\PC\SchoolManagementSystem\SchoolManagementSystem\SchoolManagementSystem.csproj]
C:\Users\PC\SchoolManagementSystem\SchoolManagementSystem\Controllers\AlertController.cs(45,73): warning CS8602: D├®r├®f├®rencement d'une ├®ventuelle r├®f├®rence null. [C:\Users\PC\SchoolManagementSystem\SchoolManagementSystem\SchoolManagementSystem.csproj]
C:\Users\PC\SchoolManagementSystem\SchoolManagementSystem\Controllers\AlertController.cs(45,73): warning CS8604: Existence possible d'un argument de r├®f├®rence null pour le param├¿tre 'userEmail' dans 'Task<Employee> IUserHelper.GetEmployeeByUserAsync(string userEmail)'. [C:\Users\PC\SchoolManagementSystem\SchoolManagementSystem\SchoolManagementSystem.csproj]
C:\Users\PC\SchoolManagementSystem\SchoolManagementSystem\Controllers\AlertController.cs(64,69): warning CS8602: D├®r├®f├®rencement d'une ├®ventuelle r├®f├®rence null. [C:\Users\PC\SchoolManagementSystem\SchoolManagementSystem\SchoolManagementSystem.csproj]
C:\Users\PC\SchoolManagementSystem\SchoolManagementSystem\Controllers\AlertController.cs(64,69): warning CS8604: Existence possible d'un argument de r├®f├®rence null pour le param├¿tre 'userEmail' dans 'Task<Employee> IUserHelper.GetEmployeeByUserAsync(string userEmail)'. [C:\Users\PC\SchoolManagementSystem\SchoolManagementSystem\SchoolManagementSystem.csproj]
C:\Users\PC\SchoolManagementSystem\SchoolManagementSystem\Repositories\CourseRepository.cs(74,24): warning CS8603: Existence possible d'un retour de r├®f├®rence null. [C:\Users\PC\SchoolManagementSystem\SchoolManagementSystem\SchoolManagementSystem.csproj]
C:\Users\PC\SchoolManagementSystem\SchoolManagementSystem\Controllers\StudentsController.cs(67,29): error CS9035: Le membre obligatoire 'StudentViewModel.UserId' doit ├¬tre d├®fini dans lÔÇÖinitialiseur dÔÇÖobjet ou le constructeur dÔÇÖattribut. [C:\Users\PC\SchoolManagementSystem\SchoolManagementSystem\SchoolManagementSystem.csproj]
C:\Users\PC\SchoolManagementSystem\SchoolManagementSystem\Controllers\StudentsController.cs(67,29): error CS9035: Le membre obligatoire 'StudentViewModel.FirstName' doit ├¬tre d├®fini dans lÔÇÖinitialiseur dÔÇÖobjet ou le constructeur dÔÇÖattribut. [C:\Users\PC\SchoolManagementSystem\SchoolManagementSystem\SchoolManagementSystem.csproj]
C:\Users\PC\SchoolManagementSystem\SchoolManagementSystem\Controllers\StudentsController.cs(67,29): error CS9035: Le membre obligatoire 'StudentViewModel.LastName' doit ├¬tre d├®fini dans lÔÇÖinitialiseur dÔÇÖobjet ou le constructeur dÔÇÖattribut. [C:\Users\PC\SchoolManagementSystem\SchoolManagementSystem\SchoolManagementSystem.csproj]
C:\Users\PC\SchoolManagementSystem\SchoolManagementSystem\Repositories\AlertRepository.cs(35,20): warning CS8603: Existence possible d'un retour de r├®f├®rence null. [C:\Users\PC\SchoolManagementSystem\SchoolManagementSystem\SchoolManagementSystem.csproj]
C:\Users\PC\SchoolManagementSystem\SchoolManagementSystem\Controllers\SchoolClassesController.cs(42,29): error CS9035: Le membre obligatoire 'SchoolClassViewModel.ClassName' doit ├¬tre d├®fini dans lÔÇÖinitialiseur dÔÇÖobjet ou le constructeur dÔÇÖattribut. [C:\Users\PC\SchoolManagementSystem\SchoolManagementSystem\SchoolManagementSystem.csproj]
C:\Users\PC\SchoolManagementSystem\SchoolManagementSystem\Models\TeacherViewModel.cs(29,44): warning CS8603: Existence possible d'un retour de r├®f├®rence null. [C:\Users\PC\SchoolManagementSystem\SchoolManagementSystem\SchoolManagementSystem.csproj]
C:\Users\PC\SchoolManagementSystem\SchoolManagementSystem\Controllers\HomeController.cs(42,32): warning CS8602: D├®r├®f├®rencement d'une ├®ventuelle r├®f├®rence null. [C:\Users\PC\SchoolManagementSystem\SchoolManagementSystem\SchoolManagementSystem.csproj]
C:\Users\PC\SchoolManagementSystem\SchoolManagementSystem\Controllers\AttendanceController.cs(284,84): warning CS8604: Existence possible d'un argument de r├®f├®rence null pour le param├¿tre 'userId' dans 'Task<int?> IStudentRepository.GetStudentIdByUserIdAsync(string userId)'. [C:\Users\PC\SchoolManagementSystem\SchoolManagementSystem\SchoolManagementSystem.csproj]
C:\Users\PC\SchoolManagementSystem\SchoolManagementSystem\Controllers\GradesController.cs(94,29): warning CS8601: Existence possible d'une assignation de r├®f├®rence null. [C:\Users\PC\SchoolManagementSystem\SchoolManagementSystem\SchoolManagementSystem.csproj]
C:\Users\PC\SchoolManagementSystem\SchoolManagementSystem\Controllers\CoursesController.cs(49,29): error CS9035: Le membre obligatoire 'CourseViewModel.Name' doit ├¬tre d├®fini dans lÔÇÖinitialiseur dÔÇÖobjet ou le constructeur dÔÇÖattribut. [C:\Users\PC\SchoolManagementSystem\SchoolManagementSystem\SchoolManagementSystem.csproj]
C:\Users\PC\SchoolManagementSystem\SchoolManagementSystem\Controllers\GradesController.cs(267,84): warning CS8604: Existence possible d'un argument de r├®f├®rence null pour le param├¿tre 'userId' dans 'Task<int?> IStudentRepository.GetStudentIdByUserIdAsync(string userId)'. [C:\Users\PC\SchoolManagementSystem\SchoolManagementSystem\SchoolManagementSystem.csproj]
C:\Users\PC\SchoolManagementSystem\SchoolManagementSystem\Controllers\GradesController.cs(286,29): warning CS8601: Existence possible d'une assignation de r├®f├®rence null. [C:\Users\PC\SchoolManagementSystem\SchoolManagementSystem\SchoolManagementSystem.csproj]
C:\Users\PC\SchoolManagementSystem\SchoolManagementSystem\Controllers\EmployeesController.cs(64,29): error CS9035: Le membre obligatoire 'EmployeeViewModel.UserId' doit ├¬tre d├®fini dans lÔÇÖinitialiseur dÔÇÖobjet ou le constructeur dÔÇÖattribut. [C:\Users\PC\SchoolManagementSystem\SchoolManagementSystem\SchoolManagementSystem.csproj]
C:\Users\PC\SchoolManagementSystem\SchoolManagementSystem\Controllers\EmployeesController.cs(64,29): error CS9035: Le membre obligatoire 'EmployeeViewModel.FirstName' doit ├¬tre d├®fini dans lÔÇÖinitialiseur dÔÇÖobjet ou le constructeur dÔÇÖattribut. [C:\Users\PC\SchoolManagementSystem\SchoolManagementSystem\SchoolManagementSystem.csproj]
C:\Users\PC\SchoolManagementSystem\SchoolManagementSystem\Controllers\EmployeesController.cs(64,29): error CS9035: Le membre obligatoire 'EmployeeViewModel.LastName' doit ├¬tre d├®fini dans lÔÇÖinitialiseur dÔÇÖobjet ou le constructeur dÔÇÖattribut. [C:\Users\PC\SchoolManagementSystem\SchoolManagementSystem\SchoolManagementSystem.csproj]
C:\Users\PC\SchoolManagementSystem\SchoolManagementSystem\Controllers\EmployeesController.cs(64,29): error CS9035: Le membre obligatoire 'EmployeeViewModel.PhoneNumber' doit ├¬tre d├®fini dans lÔÇÖinitialiseur dÔÇÖobjet ou le constructeur dÔÇÖattribut. [C:\Users\PC\SchoolManagementSystem\SchoolManagementSystem\SchoolManagementSystem.csproj]
C:\Users\PC\SchoolManagementSystem\SchoolManagementSystem\Controllers\DashboardController.cs(23,42): warning CS1998: Cette m├®thode async n'a pas d'op├®rateur 'await' et elle s'ex├®cutera de fa├ºon synchrone. Utilisez l'op├®rateur 'await' pour attendre les appels d'API non bloquants ou 'await Task.Run(ÔÇª)' pour effectuer un travail utilisant le processeur sur un thread d'arri├¿re-plan. [C:\Users\PC\SchoolManagementSystem\SchoolManagementSystem\SchoolManagementSystem.csproj]
C:\Users\PC\SchoolManagementSystem\SchoolManagementSystem\Controllers\DashboardController.cs(29,42): warning CS1998: Cette m├®thode async n'a pas d'op├®rateur 'await' et elle s'ex├®cutera de fa├ºon synchrone. Utilisez l'op├®rateur 'await' pour attendre les appels d'API non bloquants ou 'await Task.Run(ÔÇª)' pour effectuer un travail utilisant le processeur sur un thread d'arri├¿re-plan. [C:\Users\PC\SchoolManagementSystem\SchoolManagementSystem\SchoolManagementSystem.csproj]
C:\Users\PC\SchoolManagementSystem\SchoolManagementSystem\Controllers\DashboardController.cs(45,33): error CS0103: Le nom '_context' n'existe pas dans le contexte actuel [C:\Users\PC\SchoolManagementSystem\SchoolManagementSystem\SchoolManagementSystem.csproj]
C:\Users\PC\SchoolManagementSystem\SchoolManagementSystem\Controllers\DashboardController.cs(60,33): error CS9035: Le membre obligatoire 'TeacherDashboardViewModel.TeacherName' doit ├¬tre d├®fini dans lÔÇÖinitialiseur dÔÇÖobjet ou le constructeur dÔÇÖattribut. [C:\Users\PC\SchoolManagementSystem\SchoolManagementSystem\SchoolManagementSystem.csproj]
C:\Users\PC\SchoolManagementSystem\SchoolManagementSystem\Data\SeedDb.cs(125,25): error CS9035: Le membre obligatoire 'CourseSubject.Course' doit ├¬tre d├®fini dans lÔÇÖinitialiseur dÔÇÖobjet ou le constructeur dÔÇÖattribut. [C:\Users\PC\SchoolManagementSystem\SchoolManagementSystem\SchoolManagementSystem.csproj]
C:\Users\PC\SchoolManagementSystem\SchoolManagementSystem\Data\SeedDb.cs(125,25): error CS9035: Le membre obligatoire 'CourseSubject.Subject' doit ├¬tre d├®fini dans lÔÇÖinitialiseur dÔÇÖobjet ou le constructeur dÔÇÖattribut. [C:\Users\PC\SchoolManagementSystem\SchoolManagementSystem\SchoolManagementSystem.csproj]
C:\Users\PC\SchoolManagementSystem\SchoolManagementSystem\Data\SeedDb.cs(126,25): error CS9035: Le membre obligatoire 'CourseSubject.Course' doit ├¬tre d├®fini dans lÔÇÖinitialiseur dÔÇÖobjet ou le constructeur dÔÇÖattribut. [C:\Users\PC\SchoolManagementSystem\SchoolManagementSystem\SchoolManagementSystem.csproj]
C:\Users\PC\SchoolManagementSystem\SchoolManagementSystem\Data\SeedDb.cs(126,25): error CS9035: Le membre obligatoire 'CourseSubject.Subject' doit ├¬tre d├®fini dans lÔÇÖinitialiseur dÔÇÖobjet ou le constructeur dÔÇÖattribut. [C:\Users\PC\SchoolManagementSystem\SchoolManagementSystem\SchoolManagementSystem.csproj]
C:\Users\PC\SchoolManagementSystem\SchoolManagementSystem\Data\SeedDb.cs(151,25): error CS9035: Le membre obligatoire 'TeacherSubject.Teacher' doit ├¬tre d├®fini dans lÔÇÖinitialiseur dÔÇÖobjet ou le constructeur dÔÇÖattribut. [C:\Users\PC\SchoolManagementSystem\SchoolManagementSystem\SchoolManagementSystem.csproj]
C:\Users\PC\SchoolManagementSystem\SchoolManagementSystem\Data\SeedDb.cs(151,25): error CS9035: Le membre obligatoire 'TeacherSubject.Subject' doit ├¬tre d├®fini dans lÔÇÖinitialiseur dÔÇÖobjet ou le constructeur dÔÇÖattribut. [C:\Users\PC\SchoolManagementSystem\SchoolManagementSystem\SchoolManagementSystem.csproj]
C:\Users\PC\SchoolManagementSystem\SchoolManagementSystem\Data\SeedDb.cs(152,25): error CS9035: Le membre obligatoire 'TeacherSubject.Teacher' doit ├¬tre d├®fini dans lÔÇÖinitialiseur dÔÇÖobjet ou le constructeur dÔÇÖattribut. [C:\Users\PC\SchoolManagementSystem\SchoolManagementSystem\SchoolManagementSystem.csproj]
C:\Users\PC\SchoolManagementSystem\SchoolManagementSystem\Data\SeedDb.cs(152,25): error CS9035: Le membre obligatoire 'TeacherSubject.Subject' doit ├¬tre d├®fini dans lÔÇÖinitialiseur dÔÇÖobjet ou le constructeur dÔÇÖattribut. [C:\Users\PC\SchoolManagementSystem\SchoolManagementSystem\SchoolManagementSystem.csproj]
C:\Users\PC\SchoolManagementSystem\SchoolManagementSystem\Data\SeedDb.cs(156,25): error CS9035: Le membre obligatoire 'TeacherSchoolClass.Teacher' doit ├¬tre d├®fini dans lÔÇÖinitialiseur dÔÇÖobjet ou le constructeur dÔÇÖattribut. [C:\Users\PC\SchoolManagementSystem\SchoolManagementSystem\SchoolManagementSystem.csproj]
C:\Users\PC\SchoolManagementSystem\SchoolManagementSystem\Data\SeedDb.cs(156,25): error CS9035: Le membre obligatoire 'TeacherSchoolClass.SchoolClass' doit ├¬tre d├®fini dans lÔÇÖinitialiseur dÔÇÖobjet ou le constructeur dÔÇÖattribut. [C:\Users\PC\SchoolManagementSystem\SchoolManagementSystem\SchoolManagementSystem.csproj]
C:\Users\PC\SchoolManagementSystem\SchoolManagementSystem\Data\SeedDb.cs(167,44): error CS9035: Le membre obligatoire 'Employee.User' doit ├¬tre d├®fini dans lÔÇÖinitialiseur dÔÇÖobjet ou le constructeur dÔÇÖattribut. [C:\Users\PC\SchoolManagementSystem\SchoolManagementSystem\SchoolManagementSystem.csproj]
C:\Users\PC\SchoolManagementSystem\SchoolManagementSystem\Data\Entities\Teacher.cs(35,44): warning CS8603: Existence possible d'un retour de r├®f├®rence null. [C:\Users\PC\SchoolManagementSystem\SchoolManagementSystem\SchoolManagementSystem.csproj]
C:\Users\PC\SchoolManagementSystem\SchoolManagementSystem\Data\Entities\Teacher.cs(11,23): warning CS8618: Le propri├®t├® ┬½┬áUserId┬á┬╗ non-nullable doit contenir une valeur autre que Null lors de la fermeture du constructeur. Envisagez dÔÇÖajouter le modificateur ┬½┬árequired┬á┬╗ ou de d├®clarer le propri├®t├® comme pouvant accepter la valeur Null. [C:\Users\PC\SchoolManagementSystem\SchoolManagementSystem\SchoolManagementSystem.csproj]
C:\Users\PC\SchoolManagementSystem\SchoolManagementSystem\Data\Entities\Teacher.cs(14,21): warning CS8618: Le propri├®t├® ┬½┬áUser┬á┬╗ non-nullable doit contenir une valeur autre que Null lors de la fermeture du constructeur. Envisagez dÔÇÖajouter le modificateur ┬½┬árequired┬á┬╗ ou de d├®clarer le propri├®t├® comme pouvant accepter la valeur Null. [C:\Users\PC\SchoolManagementSystem\SchoolManagementSystem\SchoolManagementSystem.csproj]
C:\Users\PC\SchoolManagementSystem\SchoolManagementSystem\Data\Entities\Student.cs(25,50): warning CS8603: Existence possible d'un retour de r├®f├®rence null. [C:\Users\PC\SchoolManagementSystem\SchoolManagementSystem\SchoolManagementSystem.csproj]
C:\Users\PC\SchoolManagementSystem\SchoolManagementSystem\Data\Entities\Employee.cs(38,44): warning CS8603: Existence possible d'un retour de r├®f├®rence null. [C:\Users\PC\SchoolManagementSystem\SchoolManagementSystem\SchoolManagementSystem.csproj]
C:\Users\PC\SchoolManagementSystem\SchoolManagementSystem\Helpers\UserHelper.cs(81,20): warning CS8603: Existence possible d'un retour de r├®f├®rence null. [C:\Users\PC\SchoolManagementSystem\SchoolManagementSystem\SchoolManagementSystem.csproj]
C:\Users\PC\SchoolManagementSystem\SchoolManagementSystem\Helpers\UserHelper.cs(86,20): warning CS8603: Existence possible d'un retour de r├®f├®rence null. [C:\Users\PC\SchoolManagementSystem\SchoolManagementSystem\SchoolManagementSystem.csproj]
C:\Users\PC\SchoolManagementSystem\SchoolManagementSystem\Helpers\UserHelper.cs(143,33): error CS9035: Le membre obligatoire 'Alert.Employee' doit ├¬tre d├®fini dans lÔÇÖinitialiseur dÔÇÖobjet ou le constructeur dÔÇÖattribut. [C:\Users\PC\SchoolManagementSystem\SchoolManagementSystem\SchoolManagementSystem.csproj]
C:\Users\PC\SchoolManagementSystem\SchoolManagementSystem\Helpers\UserHelper.cs(165,20): warning CS8603: Existence possible d'un retour de r├®f├®rence null. [C:\Users\PC\SchoolManagementSystem\SchoolManagementSystem\SchoolManagementSystem.csproj]
C:\Users\PC\SchoolManagementSystem\SchoolManagementSystem\Helpers\UserHelper.cs(207,38): warning CS8603: Existence possible d'un retour de r├®f├®rence null. [C:\Users\PC\SchoolManagementSystem\SchoolManagementSystem\SchoolManagementSystem.csproj]
C:\Users\PC\SchoolManagementSystem\SchoolManagementSystem\Helpers\Response.cs(10,23): warning CS8618: Le propri├®t├® ┬½┬áMessage┬á┬╗ non-nullable doit contenir une valeur autre que Null lors de la fermeture du constructeur. Envisagez dÔÇÖajouter le modificateur ┬½┬árequired┬á┬╗ ou de d├®clarer le propri├®t├® comme pouvant accepter la valeur Null. [C:\Users\PC\SchoolManagementSystem\SchoolManagementSystem\SchoolManagementSystem.csproj]
C:\Users\PC\SchoolManagementSystem\SchoolManagementSystem\Helpers\Response.cs(13,23): warning CS8618: Le champ ┬½┬áResults┬á┬╗ non-nullable doit contenir une valeur autre que Null lors de la fermeture du constructeur. Envisagez dÔÇÖajouter le modificateur ┬½┬árequired┬á┬╗ ou de d├®clarer le champ comme pouvant accepter la valeur Null. [C:\Users\PC\SchoolManagementSystem\SchoolManagementSystem\SchoolManagementSystem.csproj]
C:\Users\PC\SchoolManagementSystem\SchoolManagementSystem\Helpers\MailHelper.cs(21,34): warning CS8604: Existence possible d'un argument de r├®f├®rence null pour le param├¿tre 's' dans 'int int.Parse(string s)'. [C:\Users\PC\SchoolManagementSystem\SchoolManagementSystem\SchoolManagementSystem.csproj]
C:\Users\PC\SchoolManagementSystem\SchoolManagementSystem\Helpers\ConverterHelper.cs(46,24): error CS9035: Le membre obligatoire 'Student.User' doit ├¬tre d├®fini dans lÔÇÖinitialiseur dÔÇÖobjet ou le constructeur dÔÇÖattribut. [C:\Users\PC\SchoolManagementSystem\SchoolManagementSystem\SchoolManagementSystem.csproj]
C:\Users\PC\SchoolManagementSystem\SchoolManagementSystem\Helpers\ConverterHelper.cs(96,78): error CS9035: Le membre obligatoire 'TeacherSchoolClass.Teacher' doit ├¬tre d├®fini dans lÔÇÖinitialiseur dÔÇÖobjet ou le constructeur dÔÇÖattribut. [C:\Users\PC\SchoolManagementSystem\SchoolManagementSystem\SchoolManagementSystem.csproj]
C:\Users\PC\SchoolManagementSystem\SchoolManagementSystem\Helpers\ConverterHelper.cs(101,76): error CS9035: Le membre obligatoire 'TeacherSubject.Teacher' doit ├¬tre d├®fini dans lÔÇÖinitialiseur dÔÇÖobjet ou le constructeur dÔÇÖattribut. [C:\Users\PC\SchoolManagementSystem\SchoolManagementSystem\SchoolManagementSystem.csproj]
C:\Users\PC\SchoolManagementSystem\SchoolManagementSystem\Helpers\ConverterHelper.cs(139,24): error CS9035: Le membre obligatoire 'Employee.User' doit ├¬tre d├®fini dans lÔÇÖinitialiseur dÔÇÖobjet ou le constructeur dÔÇÖattribut. [C:\Users\PC\SchoolManagementSystem\SchoolManagementSystem\SchoolManagementSystem.csproj]
C:\Users\PC\SchoolManagementSystem\SchoolManagementSystem\Helpers\ConverterHelper.cs(174,38): error CS9035: Le membre obligatoire 'Course.Name' doit ├¬tre d├®fini dans lÔÇÖinitialiseur dÔÇÖobjet ou le constructeur dÔÇÖattribut. [C:\Users\PC\SchoolManagementSystem\SchoolManagementSystem\SchoolManagementSystem.csproj]
C:\Users\PC\SchoolManagementSystem\SchoolManagementSystem\Helpers\ConverterHelper.cs(190,62): error CS9035: Le membre obligatoire 'CourseSubject.Subject' doit ├¬tre d├®fini dans lÔÇÖinitialiseur dÔÇÖobjet ou le constructeur dÔÇÖattribut. [C:\Users\PC\SchoolManagementSystem\SchoolManagementSystem\SchoolManagementSystem.csproj]
C:\Users\PC\SchoolManagementSystem\SchoolManagementSystem\Helpers\ConverterHelper.cs(178,24): warning CS8603: Existence possible d'un retour de r├®f├®rence null. [C:\Users\PC\SchoolManagementSystem\SchoolManagementSystem\SchoolManagementSystem.csproj]
C:\Users\PC\SchoolManagementSystem\SchoolManagementSystem\Helpers\ConverterHelper.cs(240,43): error CS9035: Le membre obligatoire 'SchoolClass.ClassName' doit ├¬tre d├®fini dans lÔÇÖinitialiseur dÔÇÖobjet ou le constructeur dÔÇÖattribut. [C:\Users\PC\SchoolManagementSystem\SchoolManagementSystem\SchoolManagementSystem.csproj]
C:\Users\PC\SchoolManagementSystem\SchoolManagementSystem\Helpers\ConverterHelper.cs(244,24): warning CS8603: Existence possible d'un retour de r├®f├®rence null. [C:\Users\PC\SchoolManagementSystem\SchoolManagementSystem\SchoolManagementSystem.csproj]
C:\Users\PC\SchoolManagementSystem\SchoolManagementSystem\Helpers\ConverterHelper.cs(275,39): error CS9035: Le membre obligatoire 'Subject.Name' doit ├¬tre d├®fini dans lÔÇÖinitialiseur dÔÇÖobjet ou le constructeur dÔÇÖattribut. [C:\Users\PC\SchoolManagementSystem\SchoolManagementSystem\SchoolManagementSystem.csproj]
C:\Users\PC\SchoolManagementSystem\SchoolManagementSystem\Helpers\ConverterHelper.cs(279,24): warning CS8603: Existence possible d'un retour de r├®f├®rence null. [C:\Users\PC\SchoolManagementSystem\SchoolManagementSystem\SchoolManagementSystem.csproj]
C:\Users\PC\SchoolManagementSystem\SchoolManagementSystem\Helpers\ConverterHelper.cs(305,37): error CS9035: Le membre obligatoire 'Grade.Student' doit ├¬tre d├®fini dans lÔÇÖinitialiseur dÔÇÖobjet ou le constructeur dÔÇÖattribut. [C:\Users\PC\SchoolManagementSystem\SchoolManagementSystem\SchoolManagementSystem.csproj]
C:\Users\PC\SchoolManagementSystem\SchoolManagementSystem\Helpers\ConverterHelper.cs(305,37): error CS9035: Le membre obligatoire 'Grade.Subject' doit ├¬tre d├®fini dans lÔÇÖinitialiseur dÔÇÖobjet ou le constructeur dÔÇÖattribut. [C:\Users\PC\SchoolManagementSystem\SchoolManagementSystem\SchoolManagementSystem.csproj]
C:\Users\PC\SchoolManagementSystem\SchoolManagementSystem\Helpers\ConverterHelper.cs(309,24): warning CS8603: Existence possible d'un retour de r├®f├®rence null. [C:\Users\PC\SchoolManagementSystem\SchoolManagementSystem\SchoolManagementSystem.csproj]
C:\Users\PC\SchoolManagementSystem\SchoolManagementSystem\Helpers\ConverterHelper.cs(337,42): error CS9035: Le membre obligatoire 'Attendance.Student' doit ├¬tre d├®fini dans lÔÇÖinitialiseur dÔÇÖobjet ou le constructeur dÔÇÖattribut. [C:\Users\PC\SchoolManagementSystem\SchoolManagementSystem\SchoolManagementSystem.csproj]
C:\Users\PC\SchoolManagementSystem\SchoolManagementSystem\Helpers\ConverterHelper.cs(337,42): error CS9035: Le membre obligatoire 'Attendance.Subject' doit ├¬tre d├®fini dans lÔÇÖinitialiseur dÔÇÖobjet ou le constructeur dÔÇÖattribut. [C:\Users\PC\SchoolManagementSystem\SchoolManagementSystem\SchoolManagementSystem.csproj]
C:\Users\PC\SchoolManagementSystem\SchoolManagementSystem\Helpers\ConverterHelper.cs(341,24): warning CS8603: Existence possible d'un retour de r├®f├®rence null. [C:\Users\PC\SchoolManagementSystem\SchoolManagementSystem\SchoolManagementSystem.csproj]
C:\Users\PC\SchoolManagementSystem\SchoolManagementSystem\Views\Dashboard\TeacherDashboard.cshtml(22,52): warning CS8602: D├®r├®f├®rencement d'une ├®ventuelle r├®f├®rence null. [C:\Users\PC\SchoolManagementSystem\SchoolManagementSystem\SchoolManagementSystem.csproj]
C:\Users\PC\SchoolManagementSystem\SchoolManagementSystem\Views\Shared\_Navbar.cshtml(18,18): warning CS8602: D├®r├®f├®rencement d'une ├®ventuelle r├®f├®rence null. [C:\Users\PC\SchoolManagementSystem\SchoolManagementSystem\SchoolManagementSystem.csproj]
C:\Users\PC\SchoolManagementSystem\SchoolManagementSystem\Views\Shared\_Dashboard.cshtml(179,37): warning CS8600: Conversion de litt├®ral ayant une valeur null ou d'une ├®ventuelle valeur null en type non-nullable. [C:\Users\PC\SchoolManagementSystem\SchoolManagementSystem\SchoolManagementSystem.csproj]
C:\Users\PC\SchoolManagementSystem\SchoolManagementSystem\Views\Shared\_Dashboard.cshtml(183,37): warning CS8600: Conversion de litt├®ral ayant une valeur null ou d'une ├®ventuelle valeur null en type non-nullable. [C:\Users\PC\SchoolManagementSystem\SchoolManagementSystem\SchoolManagementSystem.csproj]
C:\Users\PC\SchoolManagementSystem\SchoolManagementSystem\Views\Shared\_Dashboard.cshtml(187,37): warning CS8600: Conversion de litt├®ral ayant une valeur null ou d'une ├®ventuelle valeur null en type non-nullable. [C:\Users\PC\SchoolManagementSystem\SchoolManagementSystem\SchoolManagementSystem.csproj]
C:\Users\PC\SchoolManagementSystem\SchoolManagementSystem\Views\Shared\_Dashboard.cshtml(191,37): warning CS8600: Conversion de litt├®ral ayant une valeur null ou d'une ├®ventuelle valeur null en type non-nullable. [C:\Users\PC\SchoolManagementSystem\SchoolManagementSystem\SchoolManagementSystem.csproj]
C:\Users\PC\SchoolManagementSystem\SchoolManagementSystem\Views\Shared\_Dashboard.cshtml(195,37): warning CS8600: Conversion de litt├®ral ayant une valeur null ou d'une ├®ventuelle valeur null en type non-nullable. [C:\Users\PC\SchoolManagementSystem\SchoolManagementSystem\SchoolManagementSystem.csproj]
C:\Users\PC\SchoolManagementSystem\SchoolManagementSystem\Repositories\GenericRepository.cs(11,33): warning CS0169: Le champ 'GenericRepository<T>.context' n'est jamais utilis├® [C:\Users\PC\SchoolManagementSystem\SchoolManagementSystem\SchoolManagementSystem.csproj]

├ëCHEC de la build.

C:\Users\PC\SchoolManagementSystem\SchoolManagementSystem\Repositories\TeacherRepository.cs(37,20): warning CS8603: Existence possible d'un retour de r├®f├®rence null. [C:\Users\PC\SchoolManagementSystem\SchoolManagementSystem\SchoolManagementSystem.csproj]
C:\Users\PC\SchoolManagementSystem\SchoolManagementSystem\Repositories\AttendanceRepository.cs(28,16): warning CS8603: Existence possible d'un retour de r├®f├®rence null. [C:\Users\PC\SchoolManagementSystem\SchoolManagementSystem\SchoolManagementSystem.csproj]
C:\Users\PC\SchoolManagementSystem\SchoolManagementSystem\Repositories\TeacherRepository.cs(44,20): warning CS8603: Existence possible d'un retour de r├®f├®rence null. [C:\Users\PC\SchoolManagementSystem\SchoolManagementSystem\SchoolManagementSystem.csproj]
C:\Users\PC\SchoolManagementSystem\SchoolManagementSystem\Repositories\AttendanceRepository.cs(54,32): warning CS8602: D├®r├®f├®rencement d'une ├®ventuelle r├®f├®rence null. [C:\Users\PC\SchoolManagementSystem\SchoolManagementSystem\SchoolManagementSystem.csproj]
C:\Users\PC\SchoolManagementSystem\SchoolManagementSystem\Repositories\AttendanceRepository.cs(55,31): warning CS8602: D├®r├®f├®rencement d'une ├®ventuelle r├®f├®rence null. [C:\Users\PC\SchoolManagementSystem\SchoolManagementSystem\SchoolManagementSystem.csproj]
C:\Users\PC\SchoolManagementSystem\SchoolManagementSystem\Repositories\TeacherRepository.cs(128,20): warning CS8603: Existence possible d'un retour de r├®f├®rence null. [C:\Users\PC\SchoolManagementSystem\SchoolManagementSystem\SchoolManagementSystem.csproj]
C:\Users\PC\SchoolManagementSystem\SchoolManagementSystem\Repositories\GradeRepository.cs(37,32): warning CS8602: D├®r├®f├®rencement d'une ├®ventuelle r├®f├®rence null. [C:\Users\PC\SchoolManagementSystem\SchoolManagementSystem\SchoolManagementSystem.csproj]
C:\Users\PC\SchoolManagementSystem\SchoolManagementSystem\Repositories\GradeRepository.cs(38,31): warning CS8602: D├®r├®f├®rencement d'une ├®ventuelle r├®f├®rence null. [C:\Users\PC\SchoolManagementSystem\SchoolManagementSystem\SchoolManagementSystem.csproj]
C:\Users\PC\SchoolManagementSystem\SchoolManagementSystem\Repositories\TeacherRepository.cs(138,20): warning CS8603: Existence possible d'un retour de r├®f├®rence null. [C:\Users\PC\SchoolManagementSystem\SchoolManagementSystem\SchoolManagementSystem.csproj]
C:\Users\PC\SchoolManagementSystem\SchoolManagementSystem\Repositories\GradeRepository.cs(55,16): warning CS8603: Existence possible d'un retour de r├®f├®rence null. [C:\Users\PC\SchoolManagementSystem\SchoolManagementSystem\SchoolManagementSystem.csproj]
C:\Users\PC\SchoolManagementSystem\SchoolManagementSystem\Repositories\StudentRepository.cs(29,20): warning CS8603: Existence possible d'un retour de r├®f├®rence null. [C:\Users\PC\SchoolManagementSystem\SchoolManagementSystem\SchoolManagementSystem.csproj]
C:\Users\PC\SchoolManagementSystem\SchoolManagementSystem\Repositories\StudentRepository.cs(68,35): warning CS8602: D├®r├®f├®rencement d'une ├®ventuelle r├®f├®rence null. [C:\Users\PC\SchoolManagementSystem\SchoolManagementSystem\SchoolManagementSystem.csproj]
C:\Users\PC\SchoolManagementSystem\SchoolManagementSystem\Repositories\StudentRepository.cs(66,20): warning CS8603: Existence possible d'un retour de r├®f├®rence null. [C:\Users\PC\SchoolManagementSystem\SchoolManagementSystem\SchoolManagementSystem.csproj]
C:\Users\PC\SchoolManagementSystem\SchoolManagementSystem\Repositories\StudentRepository.cs(93,20): warning CS8603: Existence possible d'un retour de r├®f├®rence null. [C:\Users\PC\SchoolManagementSystem\SchoolManagementSystem\SchoolManagementSystem.csproj]
C:\Users\PC\SchoolManagementSystem\SchoolManagementSystem\Repositories\SchoolClassRepository.cs(42,35): warning CS8602: D├®r├®f├®rencement d'une ├®ventuelle r├®f├®rence null. [C:\Users\PC\SchoolManagementSystem\SchoolManagementSystem\SchoolManagementSystem.csproj]
C:\Users\PC\SchoolManagementSystem\SchoolManagementSystem\Repositories\GenericRepository.cs(14,16): warning CS8618: Le champ ┬½┬ácontext┬á┬╗ non-nullable doit contenir une valeur autre que Null lors de la fermeture du constructeur. Envisagez dÔÇÖajouter le modificateur ┬½┬árequired┬á┬╗ ou de d├®clarer le champ comme pouvant accepter la valeur Null. [C:\Users\PC\SchoolManagementSystem\SchoolManagementSystem\SchoolManagementSystem.csproj]
C:\Users\PC\SchoolManagementSystem\SchoolManagementSystem\Repositories\GenericRepository.cs(30,20): warning CS8603: Existence possible d'un retour de r├®f├®rence null. [C:\Users\PC\SchoolManagementSystem\SchoolManagementSystem\SchoolManagementSystem.csproj]
C:\Users\PC\SchoolManagementSystem\SchoolManagementSystem\Controllers\AccountController.cs(30,17): warning CS8602: D├®r├®f├®rencement d'une ├®ventuelle r├®f├®rence null. [C:\Users\PC\SchoolManagementSystem\SchoolManagementSystem\SchoolManagementSystem.csproj]
C:\Users\PC\SchoolManagementSystem\SchoolManagementSystem\Controllers\AccountController.cs(155,62): warning CS8602: D├®r├®f├®rencement d'une ├®ventuelle r├®f├®rence null. [C:\Users\PC\SchoolManagementSystem\SchoolManagementSystem\SchoolManagementSystem.csproj]
C:\Users\PC\SchoolManagementSystem\SchoolManagementSystem\Controllers\AccountController.cs(155,62): warning CS8604: Existence possible d'un argument de r├®f├®rence null pour le param├¿tre 'email' dans 'Task<User> IUserHelper.GetUserByEmailAsync(string email)'. [C:\Users\PC\SchoolManagementSystem\SchoolManagementSystem\SchoolManagementSystem.csproj]
C:\Users\PC\SchoolManagementSystem\SchoolManagementSystem\Controllers\AccountController.cs(177,62): warning CS8602: D├®r├®f├®rencement d'une ├®ventuelle r├®f├®rence null. [C:\Users\PC\SchoolManagementSystem\SchoolManagementSystem\SchoolManagementSystem.csproj]
C:\Users\PC\SchoolManagementSystem\SchoolManagementSystem\Controllers\AccountController.cs(177,62): warning CS8604: Existence possible d'un argument de r├®f├®rence null pour le param├¿tre 'email' dans 'Task<User> IUserHelper.GetUserByEmailAsync(string email)'. [C:\Users\PC\SchoolManagementSystem\SchoolManagementSystem\SchoolManagementSystem.csproj]
C:\Users\PC\SchoolManagementSystem\SchoolManagementSystem\Controllers\AccountController.cs(218,62): warning CS8602: D├®r├®f├®rencement d'une ├®ventuelle r├®f├®rence null. [C:\Users\PC\SchoolManagementSystem\SchoolManagementSystem\SchoolManagementSystem.csproj]
C:\Users\PC\SchoolManagementSystem\SchoolManagementSystem\Controllers\AccountController.cs(218,62): warning CS8604: Existence possible d'un argument de r├®f├®rence null pour le param├¿tre 'email' dans 'Task<User> IUserHelper.GetUserByEmailAsync(string email)'. [C:\Users\PC\SchoolManagementSystem\SchoolManagementSystem\SchoolManagementSystem.csproj]
C:\Users\PC\SchoolManagementSystem\SchoolManagementSystem\Repositories\EmployeeRepository.cs(82,29): warning CS0472: Le r├®sultat de l'expression est toujours 'true', car une valeur de type 'Department' n'est jamais ├®gale ├á 'null' du type 'Department?' [C:\Users\PC\SchoolManagementSystem\SchoolManagementSystem\SchoolManagementSystem.csproj]
C:\Users\PC\SchoolManagementSystem\SchoolManagementSystem\Repositories\EmployeeRepository.cs(98,20): warning CS8603: Existence possible d'un retour de r├®f├®rence null. [C:\Users\PC\SchoolManagementSystem\SchoolManagementSystem\SchoolManagementSystem.csproj]
C:\Users\PC\SchoolManagementSystem\SchoolManagementSystem\Controllers\AccountController.cs(271,50): warning CS8604: Existence possible d'un argument de r├®f├®rence null pour le param├¿tre 'to' dans 'Response IMailHelper.SendEmail(string to, string subject, string body)'. [C:\Users\PC\SchoolManagementSystem\SchoolManagementSystem\SchoolManagementSystem.csproj]
C:\Users\PC\SchoolManagementSystem\SchoolManagementSystem\Repositories\CourseRepository.cs(21,20): warning CS8603: Existence possible d'un retour de r├®f├®rence null. [C:\Users\PC\SchoolManagementSystem\SchoolManagementSystem\SchoolManagementSystem.csproj]
C:\Users\PC\SchoolManagementSystem\SchoolManagementSystem\Controllers\AlertController.cs(35,42): warning CS1998: Cette m├®thode async n'a pas d'op├®rateur 'await' et elle s'ex├®cutera de fa├ºon synchrone. Utilisez l'op├®rateur 'await' pour attendre les appels d'API non bloquants ou 'await Task.Run(ÔÇª)' pour effectuer un travail utilisant le processeur sur un thread d'arri├¿re-plan. [C:\Users\PC\SchoolManagementSystem\SchoolManagementSystem\SchoolManagementSystem.csproj]
C:\Users\PC\SchoolManagementSystem\SchoolManagementSystem\Controllers\AlertController.cs(45,73): warning CS8602: D├®r├®f├®rencement d'une ├®ventuelle r├®f├®rence null. [C:\Users\PC\SchoolManagementSystem\SchoolManagementSystem\SchoolManagementSystem.csproj]
C:\Users\PC\SchoolManagementSystem\SchoolManagementSystem\Controllers\AlertController.cs(45,73): warning CS8604: Existence possible d'un argument de r├®f├®rence null pour le param├¿tre 'userEmail' dans 'Task<Employee> IUserHelper.GetEmployeeByUserAsync(string userEmail)'. [C:\Users\PC\SchoolManagementSystem\SchoolManagementSystem\SchoolManagementSystem.csproj]
C:\Users\PC\SchoolManagementSystem\SchoolManagementSystem\Controllers\AlertController.cs(64,69): warning CS8602: D├®r├®f├®rencement d'une ├®ventuelle r├®f├®rence null. [C:\Users\PC\SchoolManagementSystem\SchoolManagementSystem\SchoolManagementSystem.csproj]
C:\Users\PC\SchoolManagementSystem\SchoolManagementSystem\Controllers\AlertController.cs(64,69): warning CS8604: Existence possible d'un argument de r├®f├®rence null pour le param├¿tre 'userEmail' dans 'Task<Employee> IUserHelper.GetEmployeeByUserAsync(string userEmail)'. [C:\Users\PC\SchoolManagementSystem\SchoolManagementSystem\SchoolManagementSystem.csproj]
C:\Users\PC\SchoolManagementSystem\SchoolManagementSystem\Repositories\CourseRepository.cs(74,24): warning CS8603: Existence possible d'un retour de r├®f├®rence null. [C:\Users\PC\SchoolManagementSystem\SchoolManagementSystem\SchoolManagementSystem.csproj]
C:\Users\PC\SchoolManagementSystem\SchoolManagementSystem\Repositories\AlertRepository.cs(35,20): warning CS8603: Existence possible d'un retour de r├®f├®rence null. [C:\Users\PC\SchoolManagementSystem\SchoolManagementSystem\SchoolManagementSystem.csproj]
C:\Users\PC\SchoolManagementSystem\SchoolManagementSystem\Models\TeacherViewModel.cs(29,44): warning CS8603: Existence possible d'un retour de r├®f├®rence null. [C:\Users\PC\SchoolManagementSystem\SchoolManagementSystem\SchoolManagementSystem.csproj]
C:\Users\PC\SchoolManagementSystem\SchoolManagementSystem\Controllers\HomeController.cs(42,32): warning CS8602: D├®r├®f├®rencement d'une ├®ventuelle r├®f├®rence null. [C:\Users\PC\SchoolManagementSystem\SchoolManagementSystem\SchoolManagementSystem.csproj]
C:\Users\PC\SchoolManagementSystem\SchoolManagementSystem\Controllers\AttendanceController.cs(284,84): warning CS8604: Existence possible d'un argument de r├®f├®rence null pour le param├¿tre 'userId' dans 'Task<int?> IStudentRepository.GetStudentIdByUserIdAsync(string userId)'. [C:\Users\PC\SchoolManagementSystem\SchoolManagementSystem\SchoolManagementSystem.csproj]
C:\Users\PC\SchoolManagementSystem\SchoolManagementSystem\Controllers\GradesController.cs(94,29): warning CS8601: Existence possible d'une assignation de r├®f├®rence null. [C:\Users\PC\SchoolManagementSystem\SchoolManagementSystem\SchoolManagementSystem.csproj]
C:\Users\PC\SchoolManagementSystem\SchoolManagementSystem\Controllers\GradesController.cs(267,84): warning CS8604: Existence possible d'un argument de r├®f├®rence null pour le param├¿tre 'userId' dans 'Task<int?> IStudentRepository.GetStudentIdByUserIdAsync(string userId)'. [C:\Users\PC\SchoolManagementSystem\SchoolManagementSystem\SchoolManagementSystem.csproj]
C:\Users\PC\SchoolManagementSystem\SchoolManagementSystem\Controllers\GradesController.cs(286,29): warning CS8601: Existence possible d'une assignation de r├®f├®rence null. [C:\Users\PC\SchoolManagementSystem\SchoolManagementSystem\SchoolManagementSystem.csproj]
C:\Users\PC\SchoolManagementSystem\SchoolManagementSystem\Controllers\DashboardController.cs(23,42): warning CS1998: Cette m├®thode async n'a pas d'op├®rateur 'await' et elle s'ex├®cutera de fa├ºon synchrone. Utilisez l'op├®rateur 'await' pour attendre les appels d'API non bloquants ou 'await Task.Run(ÔÇª)' pour effectuer un travail utilisant le processeur sur un thread d'arri├¿re-plan. [C:\Users\PC\SchoolManagementSystem\SchoolManagementSystem\SchoolManagementSystem.csproj]
C:\Users\PC\SchoolManagementSystem\SchoolManagementSystem\Controllers\DashboardController.cs(29,42): warning CS1998: Cette m├®thode async n'a pas d'op├®rateur 'await' et elle s'ex├®cutera de fa├ºon synchrone. Utilisez l'op├®rateur 'await' pour attendre les appels d'API non bloquants ou 'await Task.Run(ÔÇª)' pour effectuer un travail utilisant le processeur sur un thread d'arri├¿re-plan. [C:\Users\PC\SchoolManagementSystem\SchoolManagementSystem\SchoolManagementSystem.csproj]
C:\Users\PC\SchoolManagementSystem\SchoolManagementSystem\Data\Entities\Teacher.cs(35,44): warning CS8603: Existence possible d'un retour de r├®f├®rence null. [C:\Users\PC\SchoolManagementSystem\SchoolManagementSystem\SchoolManagementSystem.csproj]
C:\Users\PC\SchoolManagementSystem\SchoolManagementSystem\Data\Entities\Teacher.cs(11,23): warning CS8618: Le propri├®t├® ┬½┬áUserId┬á┬╗ non-nullable doit contenir une valeur autre que Null lors de la fermeture du constructeur. Envisagez dÔÇÖajouter le modificateur ┬½┬árequired┬á┬╗ ou de d├®clarer le propri├®t├® comme pouvant accepter la valeur Null. [C:\Users\PC\SchoolManagementSystem\SchoolManagementSystem\SchoolManagementSystem.csproj]
C:\Users\PC\SchoolManagementSystem\SchoolManagementSystem\Data\Entities\Teacher.cs(14,21): warning CS8618: Le propri├®t├® ┬½┬áUser┬á┬╗ non-nullable doit contenir une valeur autre que Null lors de la fermeture du constructeur. Envisagez dÔÇÖajouter le modificateur ┬½┬árequired┬á┬╗ ou de d├®clarer le propri├®t├® comme pouvant accepter la valeur Null. [C:\Users\PC\SchoolManagementSystem\SchoolManagementSystem\SchoolManagementSystem.csproj]
C:\Users\PC\SchoolManagementSystem\SchoolManagementSystem\Data\Entities\Student.cs(25,50): warning CS8603: Existence possible d'un retour de r├®f├®rence null. [C:\Users\PC\SchoolManagementSystem\SchoolManagementSystem\SchoolManagementSystem.csproj]
C:\Users\PC\SchoolManagementSystem\SchoolManagementSystem\Data\Entities\Employee.cs(38,44): warning CS8603: Existence possible d'un retour de r├®f├®rence null. [C:\Users\PC\SchoolManagementSystem\SchoolManagementSystem\SchoolManagementSystem.csproj]
C:\Users\PC\SchoolManagementSystem\SchoolManagementSystem\Helpers\UserHelper.cs(81,20): warning CS8603: Existence possible d'un retour de r├®f├®rence null. [C:\Users\PC\SchoolManagementSystem\SchoolManagementSystem\SchoolManagementSystem.csproj]
C:\Users\PC\SchoolManagementSystem\SchoolManagementSystem\Helpers\UserHelper.cs(86,20): warning CS8603: Existence possible d'un retour de r├®f├®rence null. [C:\Users\PC\SchoolManagementSystem\SchoolManagementSystem\SchoolManagementSystem.csproj]
C:\Users\PC\SchoolManagementSystem\SchoolManagementSystem\Helpers\UserHelper.cs(165,20): warning CS8603: Existence possible d'un retour de r├®f├®rence null. [C:\Users\PC\SchoolManagementSystem\SchoolManagementSystem\SchoolManagementSystem.csproj]
C:\Users\PC\SchoolManagementSystem\SchoolManagementSystem\Helpers\UserHelper.cs(207,38): warning CS8603: Existence possible d'un retour de r├®f├®rence null. [C:\Users\PC\SchoolManagementSystem\SchoolManagementSystem\SchoolManagementSystem.csproj]
C:\Users\PC\SchoolManagementSystem\SchoolManagementSystem\Helpers\Response.cs(10,23): warning CS8618: Le propri├®t├® ┬½┬áMessage┬á┬╗ non-nullable doit contenir une valeur autre que Null lors de la fermeture du constructeur. Envisagez dÔÇÖajouter le modificateur ┬½┬árequired┬á┬╗ ou de d├®clarer le propri├®t├® comme pouvant accepter la valeur Null. [C:\Users\PC\SchoolManagementSystem\SchoolManagementSystem\SchoolManagementSystem.csproj]
C:\Users\PC\SchoolManagementSystem\SchoolManagementSystem\Helpers\Response.cs(13,23): warning CS8618: Le champ ┬½┬áResults┬á┬╗ non-nullable doit contenir une valeur autre que Null lors de la fermeture du constructeur. Envisagez dÔÇÖajouter le modificateur ┬½┬árequired┬á┬╗ ou de d├®clarer le champ comme pouvant accepter la valeur Null. [C:\Users\PC\SchoolManagementSystem\SchoolManagementSystem\SchoolManagementSystem.csproj]
C:\Users\PC\SchoolManagementSystem\SchoolManagementSystem\Helpers\MailHelper.cs(21,34): warning CS8604: Existence possible d'un argument de r├®f├®rence null pour le param├¿tre 's' dans 'int int.Parse(string s)'. [C:\Users\PC\SchoolManagementSystem\SchoolManagementSystem\SchoolManagementSystem.csproj]
C:\Users\PC\SchoolManagementSystem\SchoolManagementSystem\Helpers\ConverterHelper.cs(178,24): warning CS8603: Existence possible d'un retour de r├®f├®rence null. [C:\Users\PC\SchoolManagementSystem\SchoolManagementSystem\SchoolManagementSystem.csproj]
C:\Users\PC\SchoolManagementSystem\SchoolManagementSystem\Helpers\ConverterHelper.cs(244,24): warning CS8603: Existence possible d'un retour de r├®f├®rence null. [C:\Users\PC\SchoolManagementSystem\SchoolManagementSystem\SchoolManagementSystem.csproj]
C:\Users\PC\SchoolManagementSystem\SchoolManagementSystem\Helpers\ConverterHelper.cs(279,24): warning CS8603: Existence possible d'un retour de r├®f├®rence null. [C:\Users\PC\SchoolManagementSystem\SchoolManagementSystem\SchoolManagementSystem.csproj]
C:\Users\PC\SchoolManagementSystem\SchoolManagementSystem\Helpers\ConverterHelper.cs(309,24): warning CS8603: Existence possible d'un retour de r├®f├®rence null. [C:\Users\PC\SchoolManagementSystem\SchoolManagementSystem\SchoolManagementSystem.csproj]
C:\Users\PC\SchoolManagementSystem\SchoolManagementSystem\Helpers\ConverterHelper.cs(341,24): warning CS8603: Existence possible d'un retour de r├®f├®rence null. [C:\Users\PC\SchoolManagementSystem\SchoolManagementSystem\SchoolManagementSystem.csproj]
C:\Users\PC\SchoolManagementSystem\SchoolManagementSystem\Views\Dashboard\TeacherDashboard.cshtml(22,52): warning CS8602: D├®r├®f├®rencement d'une ├®ventuelle r├®f├®rence null. [C:\Users\PC\SchoolManagementSystem\SchoolManagementSystem\SchoolManagementSystem.csproj]
C:\Users\PC\SchoolManagementSystem\SchoolManagementSystem\Views\Shared\_Navbar.cshtml(18,18): warning CS8602: D├®r├®f├®rencement d'une ├®ventuelle r├®f├®rence null. [C:\Users\PC\SchoolManagementSystem\SchoolManagementSystem\SchoolManagementSystem.csproj]
C:\Users\PC\SchoolManagementSystem\SchoolManagementSystem\Views\Shared\_Dashboard.cshtml(179,37): warning CS8600: Conversion de litt├®ral ayant une valeur null ou d'une ├®ventuelle valeur null en type non-nullable. [C:\Users\PC\SchoolManagementSystem\SchoolManagementSystem\SchoolManagementSystem.csproj]
C:\Users\PC\SchoolManagementSystem\SchoolManagementSystem\Views\Shared\_Dashboard.cshtml(183,37): warning CS8600: Conversion de litt├®ral ayant une valeur null ou d'une ├®ventuelle valeur null en type non-nullable. [C:\Users\PC\SchoolManagementSystem\SchoolManagementSystem\SchoolManagementSystem.csproj]
C:\Users\PC\SchoolManagementSystem\SchoolManagementSystem\Views\Shared\_Dashboard.cshtml(187,37): warning CS8600: Conversion de litt├®ral ayant une valeur null ou d'une ├®ventuelle valeur null en type non-nullable. [C:\Users\PC\SchoolManagementSystem\SchoolManagementSystem\SchoolManagementSystem.csproj]
C:\Users\PC\SchoolManagementSystem\SchoolManagementSystem\Views\Shared\_Dashboard.cshtml(191,37): warning CS8600: Conversion de litt├®ral ayant une valeur null ou d'une ├®ventuelle valeur null en type non-nullable. [C:\Users\PC\SchoolManagementSystem\SchoolManagementSystem\SchoolManagementSystem.csproj]
C:\Users\PC\SchoolManagementSystem\SchoolManagementSystem\Views\Shared\_Dashboard.cshtml(195,37): warning CS8600: Conversion de litt├®ral ayant une valeur null ou d'une ├®ventuelle valeur null en type non-nullable. [C:\Users\PC\SchoolManagementSystem\SchoolManagementSystem\SchoolManagementSystem.csproj]
C:\Users\PC\SchoolManagementSystem\SchoolManagementSystem\Repositories\GenericRepository.cs(11,33): warning CS0169: Le champ 'GenericRepository<T>.context' n'est jamais utilis├® [C:\Users\PC\SchoolManagementSystem\SchoolManagementSystem\SchoolManagementSystem.csproj]
C:\Users\PC\SchoolManagementSystem\SchoolManagementSystem\Repositories\TeacherRepository.cs(65,53): error CS9035: Le membre obligatoire 'TeacherSubject.Teacher' doit ├¬tre d├®fini dans lÔÇÖinitialiseur dÔÇÖobjet ou le constructeur dÔÇÖattribut. [C:\Users\PC\SchoolManagementSystem\SchoolManagementSystem\SchoolManagementSystem.csproj]
C:\Users\PC\SchoolManagementSystem\SchoolManagementSystem\Repositories\TeacherRepository.cs(65,53): error CS9035: Le membre obligatoire 'TeacherSubject.Subject' doit ├¬tre d├®fini dans lÔÇÖinitialiseur dÔÇÖobjet ou le constructeur dÔÇÖattribut. [C:\Users\PC\SchoolManagementSystem\SchoolManagementSystem\SchoolManagementSystem.csproj]
C:\Users\PC\SchoolManagementSystem\SchoolManagementSystem\Repositories\TeacherRepository.cs(87,58): error CS9035: Le membre obligatoire 'TeacherSchoolClass.Teacher' doit ├¬tre d├®fini dans lÔÇÖinitialiseur dÔÇÖobjet ou le constructeur dÔÇÖattribut. [C:\Users\PC\SchoolManagementSystem\SchoolManagementSystem\SchoolManagementSystem.csproj]
C:\Users\PC\SchoolManagementSystem\SchoolManagementSystem\Repositories\TeacherRepository.cs(87,58): error CS9035: Le membre obligatoire 'TeacherSchoolClass.SchoolClass' doit ├¬tre d├®fini dans lÔÇÖinitialiseur dÔÇÖobjet ou le constructeur dÔÇÖattribut. [C:\Users\PC\SchoolManagementSystem\SchoolManagementSystem\SchoolManagementSystem.csproj]
C:\Users\PC\SchoolManagementSystem\SchoolManagementSystem\Controllers\TeachersController.cs(76,29): error CS9035: Le membre obligatoire 'TeacherViewModel.UserId' doit ├¬tre d├®fini dans lÔÇÖinitialiseur dÔÇÖobjet ou le constructeur dÔÇÖattribut. [C:\Users\PC\SchoolManagementSystem\SchoolManagementSystem\SchoolManagementSystem.csproj]
C:\Users\PC\SchoolManagementSystem\SchoolManagementSystem\Controllers\TeachersController.cs(76,29): error CS9035: Le membre obligatoire 'TeacherViewModel.FirstName' doit ├¬tre d├®fini dans lÔÇÖinitialiseur dÔÇÖobjet ou le constructeur dÔÇÖattribut. [C:\Users\PC\SchoolManagementSystem\SchoolManagementSystem\SchoolManagementSystem.csproj]
C:\Users\PC\SchoolManagementSystem\SchoolManagementSystem\Controllers\TeachersController.cs(76,29): error CS9035: Le membre obligatoire 'TeacherViewModel.LastName' doit ├¬tre d├®fini dans lÔÇÖinitialiseur dÔÇÖobjet ou le constructeur dÔÇÖattribut. [C:\Users\PC\SchoolManagementSystem\SchoolManagementSystem\SchoolManagementSystem.csproj]
C:\Users\PC\SchoolManagementSystem\SchoolManagementSystem\Controllers\AccountController.cs(285,29): error CS9035: Le membre obligatoire 'ResetPasswordViewModel.Password' doit ├¬tre d├®fini dans lÔÇÖinitialiseur dÔÇÖobjet ou le constructeur dÔÇÖattribut. [C:\Users\PC\SchoolManagementSystem\SchoolManagementSystem\SchoolManagementSystem.csproj]
C:\Users\PC\SchoolManagementSystem\SchoolManagementSystem\Controllers\AccountController.cs(285,29): error CS9035: Le membre obligatoire 'ResetPasswordViewModel.ConfirmPassword' doit ├¬tre d├®fini dans lÔÇÖinitialiseur dÔÇÖobjet ou le constructeur dÔÇÖattribut. [C:\Users\PC\SchoolManagementSystem\SchoolManagementSystem\SchoolManagementSystem.csproj]
C:\Users\PC\SchoolManagementSystem\SchoolManagementSystem\Controllers\AlertController.cs(46,33): error CS9035: Le membre obligatoire 'Alert.Employee' doit ├¬tre d├®fini dans lÔÇÖinitialiseur dÔÇÖobjet ou le constructeur dÔÇÖattribut. [C:\Users\PC\SchoolManagementSystem\SchoolManagementSystem\SchoolManagementSystem.csproj]
C:\Users\PC\SchoolManagementSystem\SchoolManagementSystem\Controllers\StudentsController.cs(67,29): error CS9035: Le membre obligatoire 'StudentViewModel.UserId' doit ├¬tre d├®fini dans lÔÇÖinitialiseur dÔÇÖobjet ou le constructeur dÔÇÖattribut. [C:\Users\PC\SchoolManagementSystem\SchoolManagementSystem\SchoolManagementSystem.csproj]
C:\Users\PC\SchoolManagementSystem\SchoolManagementSystem\Controllers\StudentsController.cs(67,29): error CS9035: Le membre obligatoire 'StudentViewModel.FirstName' doit ├¬tre d├®fini dans lÔÇÖinitialiseur dÔÇÖobjet ou le constructeur dÔÇÖattribut. [C:\Users\PC\SchoolManagementSystem\SchoolManagementSystem\SchoolManagementSystem.csproj]
C:\Users\PC\SchoolManagementSystem\SchoolManagementSystem\Controllers\StudentsController.cs(67,29): error CS9035: Le membre obligatoire 'StudentViewModel.LastName' doit ├¬tre d├®fini dans lÔÇÖinitialiseur dÔÇÖobjet ou le constructeur dÔÇÖattribut. [C:\Users\PC\SchoolManagementSystem\SchoolManagementSystem\SchoolManagementSystem.csproj]
C:\Users\PC\SchoolManagementSystem\SchoolManagementSystem\Controllers\SchoolClassesController.cs(42,29): error CS9035: Le membre obligatoire 'SchoolClassViewModel.ClassName' doit ├¬tre d├®fini dans lÔÇÖinitialiseur dÔÇÖobjet ou le constructeur dÔÇÖattribut. [C:\Users\PC\SchoolManagementSystem\SchoolManagementSystem\SchoolManagementSystem.csproj]
C:\Users\PC\SchoolManagementSystem\SchoolManagementSystem\Controllers\CoursesController.cs(49,29): error CS9035: Le membre obligatoire 'CourseViewModel.Name' doit ├¬tre d├®fini dans lÔÇÖinitialiseur dÔÇÖobjet ou le constructeur dÔÇÖattribut. [C:\Users\PC\SchoolManagementSystem\SchoolManagementSystem\SchoolManagementSystem.csproj]
C:\Users\PC\SchoolManagementSystem\SchoolManagementSystem\Controllers\EmployeesController.cs(64,29): error CS9035: Le membre obligatoire 'EmployeeViewModel.UserId' doit ├¬tre d├®fini dans lÔÇÖinitialiseur dÔÇÖobjet ou le constructeur dÔÇÖattribut. [C:\Users\PC\SchoolManagementSystem\SchoolManagementSystem\SchoolManagementSystem.csproj]
C:\Users\PC\SchoolManagementSystem\SchoolManagementSystem\Controllers\EmployeesController.cs(64,29): error CS9035: Le membre obligatoire 'EmployeeViewModel.FirstName' doit ├¬tre d├®fini dans lÔÇÖinitialiseur dÔÇÖobjet ou le constructeur dÔÇÖattribut. [C:\Users\PC\SchoolManagementSystem\SchoolManagementSystem\SchoolManagementSystem.csproj]
C:\Users\PC\SchoolManagementSystem\SchoolManagementSystem\Controllers\EmployeesController.cs(64,29): error CS9035: Le membre obligatoire 'EmployeeViewModel.LastName' doit ├¬tre d├®fini dans lÔÇÖinitialiseur dÔÇÖobjet ou le constructeur dÔÇÖattribut. [C:\Users\PC\SchoolManagementSystem\SchoolManagementSystem\SchoolManagementSystem.csproj]
C:\Users\PC\SchoolManagementSystem\SchoolManagementSystem\Controllers\EmployeesController.cs(64,29): error CS9035: Le membre obligatoire 'EmployeeViewModel.PhoneNumber' doit ├¬tre d├®fini dans lÔÇÖinitialiseur dÔÇÖobjet ou le constructeur dÔÇÖattribut. [C:\Users\PC\SchoolManagementSystem\SchoolManagementSystem\SchoolManagementSystem.csproj]
C:\Users\PC\SchoolManagementSystem\SchoolManagementSystem\Controllers\DashboardController.cs(45,33): error CS0103: Le nom '_context' n'existe pas dans le contexte actuel [C:\Users\PC\SchoolManagementSystem\SchoolManagementSystem\SchoolManagementSystem.csproj]
C:\Users\PC\SchoolManagementSystem\SchoolManagementSystem\Controllers\DashboardController.cs(60,33): error CS9035: Le membre obligatoire 'TeacherDashboardViewModel.TeacherName' doit ├¬tre d├®fini dans lÔÇÖinitialiseur dÔÇÖobjet ou le constructeur dÔÇÖattribut. [C:\Users\PC\SchoolManagementSystem\SchoolManagementSystem\SchoolManagementSystem.csproj]
C:\Users\PC\SchoolManagementSystem\SchoolManagementSystem\Data\SeedDb.cs(125,25): error CS9035: Le membre obligatoire 'CourseSubject.Course' doit ├¬tre d├®fini dans lÔÇÖinitialiseur dÔÇÖobjet ou le constructeur dÔÇÖattribut. [C:\Users\PC\SchoolManagementSystem\SchoolManagementSystem\SchoolManagementSystem.csproj]
C:\Users\PC\SchoolManagementSystem\SchoolManagementSystem\Data\SeedDb.cs(125,25): error CS9035: Le membre obligatoire 'CourseSubject.Subject' doit ├¬tre d├®fini dans lÔÇÖinitialiseur dÔÇÖobjet ou le constructeur dÔÇÖattribut. [C:\Users\PC\SchoolManagementSystem\SchoolManagementSystem\SchoolManagementSystem.csproj]
C:\Users\PC\SchoolManagementSystem\SchoolManagementSystem\Data\SeedDb.cs(126,25): error CS9035: Le membre obligatoire 'CourseSubject.Course' doit ├¬tre d├®fini dans lÔÇÖinitialiseur dÔÇÖobjet ou le constructeur dÔÇÖattribut. [C:\Users\PC\SchoolManagementSystem\SchoolManagementSystem\SchoolManagementSystem.csproj]
C:\Users\PC\SchoolManagementSystem\SchoolManagementSystem\Data\SeedDb.cs(126,25): error CS9035: Le membre obligatoire 'CourseSubject.Subject' doit ├¬tre d├®fini dans lÔÇÖinitialiseur dÔÇÖobjet ou le constructeur dÔÇÖattribut. [C:\Users\PC\SchoolManagementSystem\SchoolManagementSystem\SchoolManagementSystem.csproj]
C:\Users\PC\SchoolManagementSystem\SchoolManagementSystem\Data\SeedDb.cs(151,25): error CS9035: Le membre obligatoire 'TeacherSubject.Teacher' doit ├¬tre d├®fini dans lÔÇÖinitialiseur dÔÇÖobjet ou le constructeur dÔÇÖattribut. [C:\Users\PC\SchoolManagementSystem\SchoolManagementSystem\SchoolManagementSystem.csproj]
C:\Users\PC\SchoolManagementSystem\SchoolManagementSystem\Data\SeedDb.cs(151,25): error CS9035: Le membre obligatoire 'TeacherSubject.Subject' doit ├¬tre d├®fini dans lÔÇÖinitialiseur dÔÇÖobjet ou le constructeur dÔÇÖattribut. [C:\Users\PC\SchoolManagementSystem\SchoolManagementSystem\SchoolManagementSystem.csproj]
C:\Users\PC\SchoolManagementSystem\SchoolManagementSystem\Data\SeedDb.cs(152,25): error CS9035: Le membre obligatoire 'TeacherSubject.Teacher' doit ├¬tre d├®fini dans lÔÇÖinitialiseur dÔÇÖobjet ou le constructeur dÔÇÖattribut. [C:\Users\PC\SchoolManagementSystem\SchoolManagementSystem\SchoolManagementSystem.csproj]
C:\Users\PC\SchoolManagementSystem\SchoolManagementSystem\Data\SeedDb.cs(152,25): error CS9035: Le membre obligatoire 'TeacherSubject.Subject' doit ├¬tre d├®fini dans lÔÇÖinitialiseur dÔÇÖobjet ou le constructeur dÔÇÖattribut. [C:\Users\PC\SchoolManagementSystem\SchoolManagementSystem\SchoolManagementSystem.csproj]
C:\Users\PC\SchoolManagementSystem\SchoolManagementSystem\Data\SeedDb.cs(156,25): error CS9035: Le membre obligatoire 'TeacherSchoolClass.Teacher' doit ├¬tre d├®fini dans lÔÇÖinitialiseur dÔÇÖobjet ou le constructeur dÔÇÖattribut. [C:\Users\PC\SchoolManagementSystem\SchoolManagementSystem\SchoolManagementSystem.csproj]
C:\Users\PC\SchoolManagementSystem\SchoolManagementSystem\Data\SeedDb.cs(156,25): error CS9035: Le membre obligatoire 'TeacherSchoolClass.SchoolClass' doit ├¬tre d├®fini dans lÔÇÖinitialiseur dÔÇÖobjet ou le constructeur dÔÇÖattribut. [C:\Users\PC\SchoolManagementSystem\SchoolManagementSystem\SchoolManagementSystem.csproj]
C:\Users\PC\SchoolManagementSystem\SchoolManagementSystem\Data\SeedDb.cs(167,44): error CS9035: Le membre obligatoire 'Employee.User' doit ├¬tre d├®fini dans lÔÇÖinitialiseur dÔÇÖobjet ou le constructeur dÔÇÖattribut. [C:\Users\PC\SchoolManagementSystem\SchoolManagementSystem\SchoolManagementSystem.csproj]
C:\Users\PC\SchoolManagementSystem\SchoolManagementSystem\Helpers\UserHelper.cs(143,33): error CS9035: Le membre obligatoire 'Alert.Employee' doit ├¬tre d├®fini dans lÔÇÖinitialiseur dÔÇÖobjet ou le constructeur dÔÇÖattribut. [C:\Users\PC\SchoolManagementSystem\SchoolManagementSystem\SchoolManagementSystem.csproj]
C:\Users\PC\SchoolManagementSystem\SchoolManagementSystem\Helpers\ConverterHelper.cs(46,24): error CS9035: Le membre obligatoire 'Student.User' doit ├¬tre d├®fini dans lÔÇÖinitialiseur dÔÇÖobjet ou le constructeur dÔÇÖattribut. [C:\Users\PC\SchoolManagementSystem\SchoolManagementSystem\SchoolManagementSystem.csproj]
C:\Users\PC\SchoolManagementSystem\SchoolManagementSystem\Helpers\ConverterHelper.cs(96,78): error CS9035: Le membre obligatoire 'TeacherSchoolClass.Teacher' doit ├¬tre d├®fini dans lÔÇÖinitialiseur dÔÇÖobjet ou le constructeur dÔÇÖattribut. [C:\Users\PC\SchoolManagementSystem\SchoolManagementSystem\SchoolManagementSystem.csproj]
C:\Users\PC\SchoolManagementSystem\SchoolManagementSystem\Helpers\ConverterHelper.cs(101,76): error CS9035: Le membre obligatoire 'TeacherSubject.Teacher' doit ├¬tre d├®fini dans lÔÇÖinitialiseur dÔÇÖobjet ou le constructeur dÔÇÖattribut. [C:\Users\PC\SchoolManagementSystem\SchoolManagementSystem\SchoolManagementSystem.csproj]
C:\Users\PC\SchoolManagementSystem\SchoolManagementSystem\Helpers\ConverterHelper.cs(139,24): error CS9035: Le membre obligatoire 'Employee.User' doit ├¬tre d├®fini dans lÔÇÖinitialiseur dÔÇÖobjet ou le constructeur dÔÇÖattribut. [C:\Users\PC\SchoolManagementSystem\SchoolManagementSystem\SchoolManagementSystem.csproj]
C:\Users\PC\SchoolManagementSystem\SchoolManagementSystem\Helpers\ConverterHelper.cs(174,38): error CS9035: Le membre obligatoire 'Course.Name' doit ├¬tre d├®fini dans lÔÇÖinitialiseur dÔÇÖobjet ou le constructeur dÔÇÖattribut. [C:\Users\PC\SchoolManagementSystem\SchoolManagementSystem\SchoolManagementSystem.csproj]
C:\Users\PC\SchoolManagementSystem\SchoolManagementSystem\Helpers\ConverterHelper.cs(190,62): error CS9035: Le membre obligatoire 'CourseSubject.Subject' doit ├¬tre d├®fini dans lÔÇÖinitialiseur dÔÇÖobjet ou le constructeur dÔÇÖattribut. [C:\Users\PC\SchoolManagementSystem\SchoolManagementSystem\SchoolManagementSystem.csproj]
C:\Users\PC\SchoolManagementSystem\SchoolManagementSystem\Helpers\ConverterHelper.cs(240,43): error CS9035: Le membre obligatoire 'SchoolClass.ClassName' doit ├¬tre d├®fini dans lÔÇÖinitialiseur dÔÇÖobjet ou le constructeur dÔÇÖattribut. [C:\Users\PC\SchoolManagementSystem\SchoolManagementSystem\SchoolManagementSystem.csproj]
C:\Users\PC\SchoolManagementSystem\SchoolManagementSystem\Helpers\ConverterHelper.cs(275,39): error CS9035: Le membre obligatoire 'Subject.Name' doit ├¬tre d├®fini dans lÔÇÖinitialiseur dÔÇÖobjet ou le constructeur dÔÇÖattribut. [C:\Users\PC\SchoolManagementSystem\SchoolManagementSystem\SchoolManagementSystem.csproj]
C:\Users\PC\SchoolManagementSystem\SchoolManagementSystem\Helpers\ConverterHelper.cs(305,37): error CS9035: Le membre obligatoire 'Grade.Student' doit ├¬tre d├®fini dans lÔÇÖinitialiseur dÔÇÖobjet ou le constructeur dÔÇÖattribut. [C:\Users\PC\SchoolManagementSystem\SchoolManagementSystem\SchoolManagementSystem.csproj]
C:\Users\PC\SchoolManagementSystem\SchoolManagementSystem\Helpers\ConverterHelper.cs(305,37): error CS9035: Le membre obligatoire 'Grade.Subject' doit ├¬tre d├®fini dans lÔÇÖinitialiseur dÔÇÖobjet ou le constructeur dÔÇÖattribut. [C:\Users\PC\SchoolManagementSystem\SchoolManagementSystem\SchoolManagementSystem.csproj]
C:\Users\PC\SchoolManagementSystem\SchoolManagementSystem\Helpers\ConverterHelper.cs(337,42): error CS9035: Le membre obligatoire 'Attendance.Student' doit ├¬tre d├®fini dans lÔÇÖinitialiseur dÔÇÖobjet ou le constructeur dÔÇÖattribut. [C:\Users\PC\SchoolManagementSystem\SchoolManagementSystem\SchoolManagementSystem.csproj]
C:\Users\PC\SchoolManagementSystem\SchoolManagementSystem\Helpers\ConverterHelper.cs(337,42): error CS9035: Le membre obligatoire 'Attendance.Subject' doit ├¬tre d├®fini dans lÔÇÖinitialiseur dÔÇÖobjet ou le constructeur dÔÇÖattribut. [C:\Users\PC\SchoolManagementSystem\SchoolManagementSystem\SchoolManagementSystem.csproj]
    68 Avertissement(s)
    45 Erreur(s)

Temps ├®coul├® 00:00:03.99
